MPLINK 4.41, Linker
Linker Map File - Created Sat Nov 16 21:04:08 2013

                                 Section Info
                  Section       Type    Address   Location Size(Bytes)
                ---------  ---------  ---------  ---------  ---------
             RESET_VECTOR       code   0x000000    program   0x000002
                   .cinit    romdata   0x000001    program   0x000004
               INT_VECTOR       code   0x000004    program   0x000010
                MAIN_PROG       code   0x00000c    program   0x00001e
    .config_2007_INPUT1.O       code   0x002007    program   0x000002
                       EE       code   0x002100    program   0x000008
                  INT_VAR      udata   0x000070       data   0x000002



                              Program Memory Usage 
                               Start         End      
                           ---------   ---------      
                            0x000000    0x000002      
                            0x000004    0x00001a      
                            0x002007    0x002007      
                            0x002100    0x002103      
            31 out of 2182 program addresses used, program memory utilization is 1%



                              Symbols - Sorted by Name
                     Name    Address   Location    Storage File                     
                ---------  ---------  ---------  --------- ---------                
                INTERRUPT   0x000004    program     static C:\Users\Dinusha\Documents\PICProjects\Input1\INPUT1.ASM
                 MAINLOOP   0x000016    program     static C:\Users\Dinusha\Documents\PICProjects\Input1\INPUT1.ASM
                    START   0x00000c    program     static C:\Users\Dinusha\Documents\PICProjects\Input1\INPUT1.ASM
              status_temp   0x000071       data     static C:\Users\Dinusha\Documents\PICProjects\Input1\INPUT1.ASM
                   w_temp   0x000070       data     static C:\Users\Dinusha\Documents\PICProjects\Input1\INPUT1.ASM



                              Symbols - Sorted by Address
                     Name    Address   Location    Storage File                     
                ---------  ---------  ---------  --------- ---------                
                INTERRUPT   0x000004    program     static C:\Users\Dinusha\Documents\PICProjects\Input1\INPUT1.ASM
                    START   0x00000c    program     static C:\Users\Dinusha\Documents\PICProjects\Input1\INPUT1.ASM
                 MAINLOOP   0x000016    program     static C:\Users\Dinusha\Documents\PICProjects\Input1\INPUT1.ASM
                   w_temp   0x000070       data     static C:\Users\Dinusha\Documents\PICProjects\Input1\INPUT1.ASM
              status_temp   0x000071       data     static C:\Users\Dinusha\Documents\PICProjects\Input1\INPUT1.ASM


