MPLINK 4.41, Linker
Linker Map File - Created Tue Sep 03 22:35:26 2013

                                 Section Info
                  Section       Type    Address   Location Size(Bytes)
                ---------  ---------  ---------  ---------  ---------
                   .org_0       code   0x000000    program   0x000000
                   .org_1       code   0x000000    program   0x000030
   .config_300001_COUNT.O    romdata   0x300001    program   0x000001
   .config_300002_COUNT.O    romdata   0x300002    program   0x000001
   .config_300003_COUNT.O    romdata   0x300003    program   0x000001
   .config_300005_COUNT.O    romdata   0x300005    program   0x000001
   .config_300006_COUNT.O    romdata   0x300006    program   0x000001
   .config_300008_COUNT.O    romdata   0x300008    program   0x000001
   .config_300009_COUNT.O    romdata   0x300009    program   0x000001
   .config_30000A_COUNT.O    romdata   0x30000a    program   0x000001
   .config_30000B_COUNT.O    romdata   0x30000b    program   0x000001
   .config_30000C_COUNT.O    romdata   0x30000c    program   0x000001
   .config_30000D_COUNT.O    romdata   0x30000d    program   0x000001



                              Program Memory Usage 
                               Start         End      
                           ---------   ---------      
                            0x000000    0x00002f      
                            0x300001    0x300003      
                            0x300005    0x300006      
                            0x300008    0x30000d      
            59 out of 33048 program addresses used, program memory utilization is 0%



                              Symbols - Sorted by Name
                     Name    Address   Location    Storage File                     
                ---------  ---------  ---------  --------- ---------                
                  Delay_1   0x000022    program     static C:\Users\Dinusha\Documents\PICProjects\4BitCounter\Count.asm
                 MainLoop   0x000006    program     static C:\Users\Dinusha\Documents\PICProjects\4BitCounter\Count.asm
                  Restart   0x000004    program     static C:\Users\Dinusha\Documents\PICProjects\4BitCounter\Count.asm
                    Start   0x000000    program     static C:\Users\Dinusha\Documents\PICProjects\4BitCounter\Count.asm



                              Symbols - Sorted by Address
                     Name    Address   Location    Storage File                     
                ---------  ---------  ---------  --------- ---------                
                    Start   0x000000    program     static C:\Users\Dinusha\Documents\PICProjects\4BitCounter\Count.asm
                  Restart   0x000004    program     static C:\Users\Dinusha\Documents\PICProjects\4BitCounter\Count.asm
                 MainLoop   0x000006    program     static C:\Users\Dinusha\Documents\PICProjects\4BitCounter\Count.asm
                  Delay_1   0x000022    program     static C:\Users\Dinusha\Documents\PICProjects\4BitCounter\Count.asm


