MPLINK 4.30.01, Linker
Linker Map File - Created Fri Jan 27 21:04:10 2012

                                 Section Info
                  Section       Type    Address   Location Size(Bytes)
                ---------  ---------  ---------  ---------  ---------
             RESET_VECTOR       code   0x000000    program   0x000004
                   .cinit    romdata   0x000004    program   0x000002
            HI_INT_VECTOR       code   0x000008    program   0x000002
           LOW_INT_VECTOR       code   0x000018    program   0x000002
                    .code       code   0x00001a    program   0x000048
.config_300001_18F2550TMPO.O    romdata   0x300001    program   0x000001
              DATA_EEPROM       code   0xf00000    program   0x000010
               .udata_acs      udata   0x000000       data   0x000004
                   .udata      udata   0x000060       data   0x000003



                              Program Memory Usage 
                               Start         End      
                           ---------   ---------      
                            0x000000    0x000005      
                            0x000008    0x000009      
                            0x000018    0x000061      
                            0x300001    0x300001      
                            0xf00000    0xf0000f      
            99 out of 33048 program addresses used, program memory utilization is 0%



                              Symbols - Sorted by Name
                     Name    Address   Location    Storage File                     
                ---------  ---------  ---------  --------- ---------                
                    Delay   0x00004c    program     static C:\Program Files (x86)\Microchip\MPASM Suite\Template\Object\18F2550TMPO.ASM
               DelayInner   0x000054    program     static C:\Program Files (x86)\Microchip\MPASM Suite\Template\Object\18F2550TMPO.ASM
               DelayOuter   0x000050    program     static C:\Program Files (x86)\Microchip\MPASM Suite\Template\Object\18F2550TMPO.ASM
                  HighInt   0x00001a    program     static C:\Program Files (x86)\Microchip\MPASM Suite\Template\Object\18F2550TMPO.ASM
                 IncCount   0x00003e    program     static C:\Program Files (x86)\Microchip\MPASM Suite\Template\Object\18F2550TMPO.ASM
                     Init   0x00003c    program     static C:\Program Files (x86)\Microchip\MPASM Suite\Template\Object\18F2550TMPO.ASM
                   LowInt   0x00001c    program     static C:\Program Files (x86)\Microchip\MPASM Suite\Template\Object\18F2550TMPO.ASM
                     Main   0x000036    program     static C:\Program Files (x86)\Microchip\MPASM Suite\Template\Object\18F2550TMPO.ASM
                 BSR_TEMP   0x000062       data     static C:\Program Files (x86)\Microchip\MPASM Suite\Template\Object\18F2550TMPO.ASM
                    COUNT   0x000001       data     static C:\Program Files (x86)\Microchip\MPASM Suite\Template\Object\18F2550TMPO.ASM
                     DVAR   0x000002       data     static C:\Program Files (x86)\Microchip\MPASM Suite\Template\Object\18F2550TMPO.ASM
                    DVAR2   0x000003       data     static C:\Program Files (x86)\Microchip\MPASM Suite\Template\Object\18F2550TMPO.ASM
                  EXAMPLE   0x000000       data     static C:\Program Files (x86)\Microchip\MPASM Suite\Template\Object\18F2550TMPO.ASM
              STATUS_TEMP   0x000061       data     static C:\Program Files (x86)\Microchip\MPASM Suite\Template\Object\18F2550TMPO.ASM
                WREG_TEMP   0x000060       data     static C:\Program Files (x86)\Microchip\MPASM Suite\Template\Object\18F2550TMPO.ASM



                              Symbols - Sorted by Address
                     Name    Address   Location    Storage File                     
                ---------  ---------  ---------  --------- ---------                
                  HighInt   0x00001a    program     static C:\Program Files (x86)\Microchip\MPASM Suite\Template\Object\18F2550TMPO.ASM
                   LowInt   0x00001c    program     static C:\Program Files (x86)\Microchip\MPASM Suite\Template\Object\18F2550TMPO.ASM
                     Main   0x000036    program     static C:\Program Files (x86)\Microchip\MPASM Suite\Template\Object\18F2550TMPO.ASM
                     Init   0x00003c    program     static C:\Program Files (x86)\Microchip\MPASM Suite\Template\Object\18F2550TMPO.ASM
                 IncCount   0x00003e    program     static C:\Program Files (x86)\Microchip\MPASM Suite\Template\Object\18F2550TMPO.ASM
                    Delay   0x00004c    program     static C:\Program Files (x86)\Microchip\MPASM Suite\Template\Object\18F2550TMPO.ASM
               DelayOuter   0x000050    program     static C:\Program Files (x86)\Microchip\MPASM Suite\Template\Object\18F2550TMPO.ASM
               DelayInner   0x000054    program     static C:\Program Files (x86)\Microchip\MPASM Suite\Template\Object\18F2550TMPO.ASM
                  EXAMPLE   0x000000       data     static C:\Program Files (x86)\Microchip\MPASM Suite\Template\Object\18F2550TMPO.ASM
                    COUNT   0x000001       data     static C:\Program Files (x86)\Microchip\MPASM Suite\Template\Object\18F2550TMPO.ASM
                     DVAR   0x000002       data     static C:\Program Files (x86)\Microchip\MPASM Suite\Template\Object\18F2550TMPO.ASM
                    DVAR2   0x000003       data     static C:\Program Files (x86)\Microchip\MPASM Suite\Template\Object\18F2550TMPO.ASM
                WREG_TEMP   0x000060       data     static C:\Program Files (x86)\Microchip\MPASM Suite\Template\Object\18F2550TMPO.ASM
              STATUS_TEMP   0x000061       data     static C:\Program Files (x86)\Microchip\MPASM Suite\Template\Object\18F2550TMPO.ASM
                 BSR_TEMP   0x000062       data     static C:\Program Files (x86)\Microchip\MPASM Suite\Template\Object\18F2550TMPO.ASM


