Microchip MPLAB XC8 Compiler V1.30 ()

Linker command line:

--edf=C:\Program Files (x86)\Microchip\xc8\v1.30\dat\en_msgs.txt -cs \
  -h+radio.sym --cmf=radio.cmf -z -Q16F877A \
  -oC:\Users\Dinusha\AppData\Local\Temp\svs.6 -Mradio.map -E1 -ver=XC8 \
  -ASTACK=0110h-016fh -pstack=STACK -ACONST=00h-0FFhx32 -ACODE=00h-07FFhx4 \
  -ASTRCODE=00h-01FFFh -AENTRY=00h-0FFhx32 -ASTRING=00h-0FFhx32 \
  -ACOMMON=070h-07Fh -ABANK0=020h-06Fh -ABANK1=0A0h-0EFh \
  -ABANK2=0110h-016Fh -ABANK3=0190h-01EFh \
  -ARAM=020h-06Fh,0A0h-0EFh,0110h-016Fh,0190h-01EFh \
  -AABS1=020h-07Fh,0A0h-0EFh,0110h-016Fh,0190h-01EFh -ASFR0=00h-01Fh \
  -ASFR1=080h-09Fh -ASFR2=0100h-010Fh -ASFR3=0180h-018Fh \
  -preset_vec=00h,intentry=04h,init,end_init -ppowerup=CODE -pcinit=CODE \
  -pfunctab=CODE -ACONFIG=02007h-02007h -pconfig=CONFIG -DCONFIG=2 \
  -AIDLOC=02000h-02003h -pidloc=IDLOC -DIDLOC=2 -AEEDATA=00h-0FFh/02100h \
  -peeprom_data=EEDATA -DEEDATA=2 -DCODE=2 -DSTRCODE=2 -DSTRING=2 -DCONST=2 \
  -DENTRY=2 -k startup.obj radio.obj 

Object code version is 3.11

Machine type is 16F877A



                Name                               Link     Load   Length Selector   Space Scale
startup.obj     end_init                             12       12        3        8       0
                reset_vec                             0        0        3        0       0
                config                             2007     2007        1     400E       0
radio.obj       cinit                                15       15       18        8       0
                intentry                              4        4        E        8       0
                text56                             167B     167B       10     2CF6       0
                text55                              C7A      C7A       6A     18F4       0
                text54                              622      622       D3        8       0
                text53                             1715     1715       25     2E2A       0
                text52                             16AD     16AD       14     2D5A       0
                text51                             1622     1622        A     2C44       0
                text50                              906      906       3B     120C       0
                text49                              C14      C14       66     1828       0
                text48                              7ED      7ED       13        8       0
                text47                              941      941       3C     1282       0
                text46                              AF7      AF7       5D     15EE       0
                text45                             166D     166D        E     2CDA       0
                text44                             17AA     17AA       29     2F54       0
                text43                             15FE     15FE        5     2BFC       0
                text42                              A35      A35       40     146A       0
                text41                              A75      A75       40     14EA       0
                text40                              898      898       36     1130       0
                text39                              472      472       DB        8       0
                text38                             17D3     17D3       2D     2FA6       0
                text37                             173A     173A       25     2E74       0
                text36                              AB5      AB5       42     156A       0
                text35                              EC1      EC1       8E     1D82       0
                text34                              97D      97D       3C     12FA       0
                text33                              CE4      CE4       6C     19C8       0
                text32                              6F5      6F5       B6        8       0
                text31                              54D      54D       D5        8       0
                text30                             1603     1603        6     2C06       0
                text29                             1784     1784       26     2F08       0
                text28                             16D5     16D5       20     2DAA       0
                text27                             1660     1660        D     2CC0       0
                text26                              8CE      8CE       38     119C       0
                text25                              184      184      109        8       0
                text24                              28D      28D      101        8       0
                text23                              DC6      DC6       7A     1B8C       0
                text22                             169B     169B       12     2D36       0
                text21                             1619     1619        9     2C32       0
                text20                             162C     162C        A     2C58       0
                text19                             1636     1636        A     2C6C       0
                text18                             1609     1609        8     2C12       0
                text17                             16F5     16F5       20     2DEA       0
                text16                             16C1     16C1       14     2D82       0
                text15                              7AB      7AB       42        8       0
                text14                              9F6      9F6       3F     13EC       0
                text13                             1640     1640        A     2C80       0
                text12                             175F     175F       25     2EBE       0
                text11                              B54      B54       5F     16A8       0
                text10                              F4F      F4F       B1     1E9E       0
                text9                               38E      38E       E4        8       0
                text8                              164A     164A        B     2C94       0
                text7                              1655     1655        B     2CAA       0
                text6                               88D      88D        B     111A       0
                text5                               E40      E40       81     1C80       0
                text4                               D50      D50       76     1AA0       0
                text3                               9B9      9B9       3D     1372       0
                text2                                2D       2D      157        8       0
                text1                              168B     168B       10     2D16       0
                maintext                            BB3      BB3       61     1766       0
                cstackBANK0                          20       20       50       20       1
                cstackCOMMON                         70       70        6       70       1
                cstackBANK1                          A0       A0       3A       A0       1
                clrtext                            1611     1611        8     2C22       0
                bssBANK3                            190      190        D      190       1
                bssBANK1                             DA       DA       13       A0       1
                bssCOMMON                            76       76        3       70       1
                bitbssCOMMON                        3C8       79        1       70       1     8
                strings                             800      800       8D     1000       0

TOTAL           Name                               Link     Load   Length     Space
        CLASS   STACK          

        CLASS   CONST          

        CLASS   CODE           
                end_init                             12       12        3         0
                cinit                                15       15       18         0
                intentry                              4        4        E         0
                reset_vec                             0        0        3         0
                text56                             167B     167B       10         0
                text55                              C7A      C7A       6A         0
                text54                              622      622       D3         0
                text53                             1715     1715       25         0
                text52                             16AD     16AD       14         0
                text51                             1622     1622        A         0
                text50                              906      906       3B         0
                text49                              C14      C14       66         0
                text48                              7ED      7ED       13         0
                text47                              941      941       3C         0
                text46                              AF7      AF7       5D         0
                text45                             166D     166D        E         0
                text44                             17AA     17AA       29         0
                text43                             15FE     15FE        5         0
                text42                              A35      A35       40         0
                text41                              A75      A75       40         0
                text40                              898      898       36         0
                text39                              472      472       DB         0
                text38                             17D3     17D3       2D         0
                text37                             173A     173A       25         0
                text36                              AB5      AB5       42         0
                text35                              EC1      EC1       8E         0
                text34                              97D      97D       3C         0
                text33                              CE4      CE4       6C         0
                text32                              6F5      6F5       B6         0
                text31                              54D      54D       D5         0
                text30                             1603     1603        6         0
                text29                             1784     1784       26         0
                text28                             16D5     16D5       20         0
                text27                             1660     1660        D         0
                text26                              8CE      8CE       38         0
                text25                              184      184      109         0
                text24                              28D      28D      101         0
                text23                              DC6      DC6       7A         0
                text22                             169B     169B       12         0
                text21                             1619     1619        9         0
                text20                             162C     162C        A         0
                text19                             1636     1636        A         0
                text18                             1609     1609        8         0
                text17                             16F5     16F5       20         0
                text16                             16C1     16C1       14         0
                text15                              7AB      7AB       42         0
                text14                              9F6      9F6       3F         0
                text13                             1640     1640        A         0
                text12                             175F     175F       25         0
                text11                              B54      B54       5F         0
                text10                              F4F      F4F       B1         0
                text9                               38E      38E       E4         0
                text8                              164A     164A        B         0
                text7                              1655     1655        B         0
                text6                               88D      88D        B         0
                text5                               E40      E40       81         0
                text4                               D50      D50       76         0
                text3                               9B9      9B9       3D         0
                text2                                2D       2D      157         0
                text1                              168B     168B       10         0
                maintext                            BB3      BB3       61         0
                clrtext                            1611     1611        8         0

        CLASS   STRCODE        

        CLASS   ENTRY          

        CLASS   STRING         
                strings                             800      800       8D         0

        CLASS   COMMON         
                cstackCOMMON                         70       70        6         1
                bssCOMMON                            76       76        3         1
                bitbssCOMMON                        3C8       79        1         1

        CLASS   BANK0          
                cstackBANK0                          20       20       50         1

        CLASS   BANK1          
                cstackBANK1                          A0       A0       3A         1
                bssBANK1                             DA       DA       13         1

        CLASS   BANK2          

        CLASS   BANK3          
                bssBANK3                            190      190        D         1

        CLASS   RAM            

        CLASS   ABS1           
                abs_s1                               7E       7E        2         1

        CLASS   SFR0           

        CLASS   SFR1           

        CLASS   SFR2           

        CLASS   SFR3           

        CLASS   CONFIG         
                config                             2007     2007        1         0

        CLASS   IDLOC          

        CLASS   EEDATA         



SEGMENTS        Name                           Load    Length   Top    Selector   Space  Class     Delta

                reset_vec                      000000  000003  000003         0       0  CODE        2
                intentry                       000004  0007FC  000800         8       0  CODE        2
                cstackBANK0                    000020  000050  000070        20       1  BANK0       1
                cstackCOMMON                   000070  00000A  00007A        70       1  COMMON      1
                cstackBANK1                    0000A0  00004D  0000ED        A0       1  BANK1       1
                bssBANK3                       000190  00000D  00019D       190       1  BANK3       1
                strings                        000800  00008D  00088D      1000       0  STRING      2
                text6                          00088D  00000B  000898      111A       0  CODE        2
                text40                         000898  000036  0008CE      1130       0  CODE        2
                text26                         0008CE  000038  000906      119C       0  CODE        2
                text50                         000906  00003B  000941      120C       0  CODE        2
                text47                         000941  00003C  00097D      1282       0  CODE        2
                text34                         00097D  00003C  0009B9      12FA       0  CODE        2
                text3                          0009B9  00003D  0009F6      1372       0  CODE        2
                text14                         0009F6  00003F  000A35      13EC       0  CODE        2
                text42                         000A35  000040  000A75      146A       0  CODE        2
                text41                         000A75  000040  000AB5      14EA       0  CODE        2
                text36                         000AB5  000042  000AF7      156A       0  CODE        2
                text46                         000AF7  00005D  000B54      15EE       0  CODE        2
                text11                         000B54  00005F  000BB3      16A8       0  CODE        2
                maintext                       000BB3  000061  000C14      1766       0  CODE        2
                text49                         000C14  000066  000C7A      1828       0  CODE        2
                text55                         000C7A  00006A  000CE4      18F4       0  CODE        2
                text33                         000CE4  00006C  000D50      19C8       0  CODE        2
                text4                          000D50  000076  000DC6      1AA0       0  CODE        2
                text23                         000DC6  00007A  000E40      1B8C       0  CODE        2
                text5                          000E40  000081  000EC1      1C80       0  CODE        2
                text35                         000EC1  00008E  000F4F      1D82       0  CODE        2
                text10                         000F4F  0000B1  001000      1E9E       0  CODE        2
                text43                         0015FE  000005  001603      2BFC       0  CODE        2
                text30                         001603  000006  001609      2C06       0  CODE        2
                text18                         001609  000008  001611      2C12       0  CODE        2
                clrtext                        001611  000008  001619      2C22       0  CODE        2
                text21                         001619  000009  001622      2C32       0  CODE        2
                text51                         001622  00000A  00162C      2C44       0  CODE        2
                text20                         00162C  00000A  001636      2C58       0  CODE        2
                text19                         001636  00000A  001640      2C6C       0  CODE        2
                text13                         001640  00000A  00164A      2C80       0  CODE        2
                text8                          00164A  00000B  001655      2C94       0  CODE        2
                text7                          001655  00000B  001660      2CAA       0  CODE        2
                text27                         001660  00000D  00166D      2CC0       0  CODE        2
                text45                         00166D  00000E  00167B      2CDA       0  CODE        2
                text56                         00167B  000010  00168B      2CF6       0  CODE        2
                text1                          00168B  000010  00169B      2D16       0  CODE        2
                text22                         00169B  000012  0016AD      2D36       0  CODE        2
                text52                         0016AD  000014  0016C1      2D5A       0  CODE        2
                text16                         0016C1  000014  0016D5      2D82       0  CODE        2
                text28                         0016D5  000020  0016F5      2DAA       0  CODE        2
                text17                         0016F5  000020  001715      2DEA       0  CODE        2
                text53                         001715  000025  00173A      2E2A       0  CODE        2
                text37                         00173A  000025  00175F      2E74       0  CODE        2
                text12                         00175F  000025  001784      2EBE       0  CODE        2
                text29                         001784  000026  0017AA      2F08       0  CODE        2
                text44                         0017AA  000029  0017D3      2F54       0  CODE        2
                text38                         0017D3  00002D  001800      2FA6       0  CODE        2
                config                         002007  000001  002008      400E       0  CONFIG      2


UNUSED ADDRESS RANGES

        Name                Unused          Largest block    Delta
        BANK1            00ED-00EF              3           1
        BANK2            0110-016F             60           1
        BANK3            019D-01EF             53           1
        CODE             0003-0003              1           2
                         1000-15FD            5FE
                         1800-1FFF            800
        COMMON           007A-007D              4           1
        CONST            0003-0003              1           2
                         1000-15FD            100
                         1800-1FFF            100
        EEDATA           2100-21FF            100           2
        ENTRY            0003-0003              1           2
                         1000-15FD            100
                         1800-1FFF            100
        IDLOC            2000-2003              4           2
        RAM              00ED-00EF              3           1
                         0110-016F             60
                         019D-01EF             53
        SFR0             0000-001F             20           1
        SFR1             0080-009F             20           1
        SFR2             0100-010F             10           1
        SFR3             0180-018F             10           1
        STACK            0110-016F             60           1
        STRCODE          0003-0003              1           2
                         1000-15FD            5FE
                         1800-1FFF            800
        STRING           0003-0003              1           2
                         1000-15FD            100
                         1800-1FFF            100

                                  Symbol Table

?___altoft                     cstackBANK0  0028
?___awdiv                      cstackBANK0  0020
?___awtoft                     cstackBANK0  0028
?___ftadd                      cstackBANK0  002F
?___ftdiv                      cstackBANK1  00A0
?___ftmul                      cstackBANK0  004D
?___ftneg                      cstackBANK0  0020
?___ftpack                     cstackBANK0  0020
?___fttol                      cstackBANK1  00A6
?___lwdiv                      cstackBANK0  0020
?___lwmod                      cstackBANK0  0027
?___wmul                       cstackBANK0  0020
?_ceil                         cstackBANK0  003F
?_sprintf                      cstackBANK0  002C
?_tea5767_getfreq              cstackBANK0  006D
?_tea5767_getpll               cstackBANK1  00BA
?_tea5767_round_freq           cstackBANK1  00BA
?_tea5767_tuned_freq           cstackBANK1  00C2
?_trunc                        cstackBANK1  00BA
_ADCON1                        (abs)        009F
_MUTE_ON                       strings      081A
_OPTION_REGbits                (abs)        0081
_PIR1bits                      (abs)        000C
_PORTA                         (abs)        0005
_PORTB                         (abs)        0006
_PORTC                         (abs)        0007
_PORTE                         (abs)        0009
_RA3                           (abs)        002B
_RB1                           (abs)        0031
_RB2                           (abs)        0032
_RCREG                         (abs)        001A
_RE0                           (abs)        0048
_RE1                           (abs)        0049
_RE2                           (abs)        004A
_SM_ON                         strings      081B
_SSPADD                        (abs)        0093
_SSPBUF                        (abs)        0013
_SSPCON                        (abs)        0014
_SSPCON2bits                   (abs)        0091
_SSPSTAT                       (abs)        0094
_STBY                          strings      081C
_SUD_UP                        strings      081D
_TMR0                          (abs)        0001
_TMR0IE                        (abs)        005D
_TMR0IF                        (abs)        005A
_TRISA                         (abs)        0085
_TRISB                         (abs)        0086
_TRISCbits                     (abs)        0087
_TRISE                         (abs)        0089
_TXREG                         (abs)        0019
__CFG_BOREN$ON                 (abs)        0000
__CFG_CP$OFF                   (abs)        0000
__CFG_CPD$OFF                  (abs)        0000
__CFG_FOSC$HS                  (abs)        0000
__CFG_LVP$OFF                  (abs)        0000
__CFG_PWRTE$ON                 (abs)        0000
__CFG_WDTE$OFF                 (abs)        0000
__Habs1                        abs1         0000
__Hbank0                       bank0        0000
__Hbank1                       bank1        0000
__Hbank2                       bank2        0000
__Hbank3                       bank3        0000
__HbitbssCOMMON                bitbssCOMMON 0000
__HbssBANK1                    bssBANK1     0000
__HbssBANK3                    bssBANK3     0000
__HbssCOMMON                   bssCOMMON    0000
__Hcinit                       cinit        002D
__Hclrtext                     clrtext      0000
__Hcode                        code         0000
__Hcommon                      common       0000
__Hconfig                      config       2008
__HcstackBANK0                 cstackBANK0  0000
__HcstackBANK1                 cstackBANK1  0000
__HcstackCOMMON                cstackCOMMON 0000
__Heeprom_data                 eeprom_data  0000
__Hend_init                    end_init     0015
__Hfunctab                     functab      0000
__Hidloc                       idloc        0000
__Hinit                        init         0012
__Hintentry                    intentry     0012
__Hmaintext                    maintext     0000
__Hpowerup                     powerup      0000
__Hram                         ram          0000
__Hreset_vec                   reset_vec    0003
__Hsfr0                        sfr0         0000
__Hsfr1                        sfr1         0000
__Hsfr2                        sfr2         0000
__Hsfr3                        sfr3         0000
__Hstack                       stack        0000
__Hstrings                     strings      0000
__Htext                        text         0000
__Labs1                        abs1         0000
__Lbank0                       bank0        0000
__Lbank1                       bank1        0000
__Lbank2                       bank2        0000
__Lbank3                       bank3        0000
__LbitbssCOMMON                bitbssCOMMON 0000
__LbssBANK1                    bssBANK1     0000
__LbssBANK3                    bssBANK3     0000
__LbssCOMMON                   bssCOMMON    0000
__Lcinit                       cinit        0015
__Lclrtext                     clrtext      0000
__Lcode                        code         0000
__Lcommon                      common       0000
__Lconfig                      config       2007
__LcstackBANK0                 cstackBANK0  0000
__LcstackBANK1                 cstackBANK1  0000
__LcstackCOMMON                cstackCOMMON 0000
__Leeprom_data                 eeprom_data  0000
__Lend_init                    end_init     0012
__Lfunctab                     functab      0000
__Lidloc                       idloc        0000
__Linit                        init         0012
__Lintentry                    intentry     0004
__Lmaintext                    maintext     0000
__Lpowerup                     powerup      0000
__Lram                         ram          0000
__Lreset_vec                   reset_vec    0000
__Lsfr0                        sfr0         0000
__Lsfr1                        sfr1         0000
__Lsfr2                        sfr2         0000
__Lsfr3                        sfr3         0000
__Lstack                       stack        0000
__Lstrings                     strings      0000
__Ltext                        text         0000
__S0                           (abs)        2008
__S1                           (abs)        019D
__S2                           (abs)        0000
__S3                           (abs)        0000
___altoft                      text36       0AB5
___altoft@c                    cstackBANK0  0028
___altoft@exp                  cstackBANK0  0030
___altoft@sign                 cstackBANK0  0031
___awdiv                       text46       0AF7
___awdiv@counter               cstackBANK0  0024
___awdiv@dividend              cstackBANK0  0022
___awdiv@divisor               cstackBANK0  0020
___awdiv@quotient              cstackBANK0  0026
___awdiv@sign                  cstackBANK0  0025
___awtoft                      text12       175F
___awtoft@c                    cstackBANK0  0028
___awtoft@sign                 cstackBANK0  002E
___ftadd                       text25       0184
___ftadd@exp1                  cstackBANK0  003E
___ftadd@exp2                  cstackBANK0  003D
___ftadd@f1                    cstackBANK0  002F
___ftadd@f2                    cstackBANK0  0032
___ftadd@sign                  cstackBANK0  003C
___ftdiv                       text24       028D
___ftdiv@cntr                  cstackBANK0  0067
___ftdiv@exp                   cstackBANK0  006B
___ftdiv@f1                    cstackBANK1  00A3
___ftdiv@f2                    cstackBANK1  00A0
___ftdiv@f3                    cstackBANK0  0068
___ftdiv@sign                  cstackBANK0  006C
___ftge                        text11       0B54
___ftge@ff1                    cstackBANK0  0020
___ftge@ff2                    cstackBANK0  0023
___ftmul                       text54       0622
___ftmul@cntr                  cstackBANK0  0067
___ftmul@exp                   cstackBANK0  0063
___ftmul@f1                    cstackBANK0  004D
___ftmul@f2                    cstackBANK0  0050
___ftmul@f3_as_product         cstackBANK0  0064
___ftmul@sign                  cstackBANK0  0068
___ftneg                       text13       1640
___ftneg@f1                    cstackBANK0  0020
___ftpack                      text55       0C7A
___ftpack@arg                  cstackBANK0  0020
___ftpack@exp                  cstackBANK0  0023
___ftpack@sign                 cstackBANK0  0024
___fttol                       text35       0EC1
___fttol@exp1                  cstackBANK1  00B9
___fttol@f1                    cstackBANK1  00A6
___fttol@lval                  cstackBANK1  00B5
___fttol@sign1                 cstackBANK1  00B4
___int_sp                      stack        0000
___latbits                     (abs)        0002
___lwdiv                       text41       0A75
___lwdiv@counter               cstackBANK0  0024
___lwdiv@dividend              cstackBANK0  0022
___lwdiv@divisor               cstackBANK0  0020
___lwdiv@quotient              cstackBANK0  0025
___lwmod                       text40       0898
___lwmod@counter               cstackBANK0  002B
___lwmod@dividend              cstackBANK0  0029
___lwmod@divisor               cstackBANK0  0027
___sp                          stack        0000
___wmul                        text37       173A
___wmul@multiplicand           cstackBANK0  0022
___wmul@multiplier             cstackBANK0  0020
___wmul@product                cstackCOMMON 0074
__end_of_MUTE_ON               strings      081B
__end_of_SM_ON                 strings      081C
__end_of_STBY                  strings      081D
__end_of_SUD_UP                strings      081E
__end_of___altoft              text36       0AF7
__end_of___awdiv               text46       0B54
__end_of___awtoft              text12       1784
__end_of___ftadd               text25       028D
__end_of___ftdiv               text24       038E
__end_of___ftge                text11       0BB3
__end_of___ftmul               text54       06F5
__end_of___ftneg               text13       164A
__end_of___ftpack              text55       0CE4
__end_of___fttol               text35       0F4F
__end_of___lwdiv               text41       0AB5
__end_of___lwmod               text40       08CE
__end_of___wmul                text37       175F
__end_of__initialization       cinit        0029
__end_of__stringdata           strings      088D
__end_of__stringtab            strings      0810
__end_of_ceil                  text10       1000
__end_of_debounce_lo           text53       173A
__end_of_dpowers               strings      081A
__end_of_frexp                 text34       09B9
__end_of_hd44780_block_erase   text44       17D3
__end_of_hd44780_busy          text52       16C1
__end_of_hd44780_char          text45       167B
__end_of_hd44780_init          text49       0C7A
__end_of_hd44780_newline       text43       1603
__end_of_hd44780_printdecimal  text38       1800
__end_of_hd44780_printint      text28       16F5
__end_of_hd44780_printstr      text42       0A75
__end_of_hd44780_pulse         text51       162C
__end_of_hd44780_write         text50       0941
__end_of_i2c_read_data         text8        1655
__end_of_i2c_send_ack          text7        1660
__end_of_i2c_send_controlbyte  text22       16AD
__end_of_i2c_send_data         text21       1622
__end_of_i2c_send_nack         text6        0898
__end_of_i2c_start             text20       1636
__end_of_i2c_stop              text19       1640
__end_of_init                  text47       097D
__end_of_main                  maintext     0C14
__end_of_print_freq            text31       0622
__end_of_print_mode            text29       17AA
__end_of_print_signal_level    text26       0906
__end_of_serial_init           text48       0800
__end_of_serial_tx_poll        text18       1611
__end_of_serial_tx_print       text17       1715
__end_of_serial_tx_printline   text16       16D5
__end_of_sprintf               text39       054D
__end_of_tc_int                text56       168B
__end_of_tea5767_getfreq       text9        0472
__end_of_tea5767_getpll        text23       0E40
__end_of_tea5767_init          text14       0A35
__end_of_tea5767_mode          text30       1609
__end_of_tea5767_read          text5        0EC1
__end_of_tea5767_round_freq    text4        0DC6
__end_of_tea5767_search        text2        0184
__end_of_tea5767_search_up     text1        169B
__end_of_tea5767_signal_level  text27       166D
__end_of_tea5767_tune          text3        09F6
__end_of_tea5767_tuned_freq    text32       07AB
__end_of_tea5767_write         text15       07ED
__end_of_trunc                 text33       0D50
__initialization               cinit        0015
__pbitbssCOMMON                bitbssCOMMON 03C8
__pbssBANK1                    bssBANK1     00DA
__pbssBANK3                    bssBANK3     0190
__pbssCOMMON                   bssCOMMON    0076
__pcstackBANK0                 cstackBANK0  0020
__pcstackBANK1                 cstackBANK1  00A0
__pcstackCOMMON                cstackCOMMON 0070
__pintentry                    intentry     0004
__pmaintext                    maintext     0BB3
__pstrings                     strings      0800
__ptext1                       text1        168B
__ptext10                      text10       0F4F
__ptext11                      text11       0B54
__ptext12                      text12       175F
__ptext13                      text13       1640
__ptext14                      text14       09F6
__ptext15                      text15       07AB
__ptext16                      text16       16C1
__ptext17                      text17       16F5
__ptext18                      text18       1609
__ptext19                      text19       1636
__ptext2                       text2        002D
__ptext20                      text20       162C
__ptext21                      text21       1619
__ptext22                      text22       169B
__ptext23                      text23       0DC6
__ptext24                      text24       028D
__ptext25                      text25       0184
__ptext26                      text26       08CE
__ptext27                      text27       1660
__ptext28                      text28       16D5
__ptext29                      text29       1784
__ptext3                       text3        09B9
__ptext30                      text30       1603
__ptext31                      text31       054D
__ptext32                      text32       06F5
__ptext33                      text33       0CE4
__ptext34                      text34       097D
__ptext35                      text35       0EC1
__ptext36                      text36       0AB5
__ptext37                      text37       173A
__ptext38                      text38       17D3
__ptext39                      text39       0472
__ptext4                       text4        0D50
__ptext40                      text40       0898
__ptext41                      text41       0A75
__ptext42                      text42       0A35
__ptext43                      text43       15FE
__ptext44                      text44       17AA
__ptext45                      text45       166D
__ptext46                      text46       0AF7
__ptext47                      text47       0941
__ptext48                      text48       07ED
__ptext49                      text49       0C14
__ptext5                       text5        0E40
__ptext50                      text50       0906
__ptext51                      text51       1622
__ptext52                      text52       16AD
__ptext53                      text53       1715
__ptext54                      text54       0622
__ptext55                      text55       0C7A
__ptext56                      text56       167B
__ptext6                       text6        088D
__ptext7                       text7        1655
__ptext8                       text8        164A
__ptext9                       text9        038E
__size_of___altoft             (abs)        0000
__size_of___awdiv              (abs)        0000
__size_of___awtoft             (abs)        0000
__size_of___ftadd              (abs)        0000
__size_of___ftdiv              (abs)        0000
__size_of___ftge               (abs)        0000
__size_of___ftmul              (abs)        0000
__size_of___ftneg              (abs)        0000
__size_of___ftpack             (abs)        0000
__size_of___fttol              (abs)        0000
__size_of___lwdiv              (abs)        0000
__size_of___lwmod              (abs)        0000
__size_of___wmul               (abs)        0000
__size_of_ceil                 (abs)        0000
__size_of_debounce_lo          (abs)        0000
__size_of_frexp                (abs)        0000
__size_of_hd44780_block_erase  (abs)        0000
__size_of_hd44780_busy         (abs)        0000
__size_of_hd44780_char         (abs)        0000
__size_of_hd44780_init         (abs)        0000
__size_of_hd44780_newline      (abs)        0000
__size_of_hd44780_printdecimal (abs)        0000
__size_of_hd44780_printint     (abs)        0000
__size_of_hd44780_printstr     (abs)        0000
__size_of_hd44780_pulse        (abs)        0000
__size_of_hd44780_write        (abs)        0000
__size_of_i2c_read_data        (abs)        0000
__size_of_i2c_send_ack         (abs)        0000
__size_of_i2c_send_controlbyte (abs)        0000
__size_of_i2c_send_data        (abs)        0000
__size_of_i2c_send_nack        (abs)        0000
__size_of_i2c_start            (abs)        0000
__size_of_i2c_stop             (abs)        0000
__size_of_init                 (abs)        0000
__size_of_main                 (abs)        0000
__size_of_print_freq           (abs)        0000
__size_of_print_mode           (abs)        0000
__size_of_print_signal_level   (abs)        0000
__size_of_serial_init          (abs)        0000
__size_of_serial_tx_poll       (abs)        0000
__size_of_serial_tx_print      (abs)        0000
__size_of_serial_tx_printline  (abs)        0000
__size_of_sprintf              (abs)        0000
__size_of_tc_int               (abs)        0000
__size_of_tea5767_getfreq      (abs)        0000
__size_of_tea5767_getpll       (abs)        0000
__size_of_tea5767_init         (abs)        0000
__size_of_tea5767_mode         (abs)        0000
__size_of_tea5767_read         (abs)        0000
__size_of_tea5767_round_freq   (abs)        0000
__size_of_tea5767_search       (abs)        0000
__size_of_tea5767_search_up    (abs)        0000
__size_of_tea5767_signal_level (abs)        0000
__size_of_tea5767_tune         (abs)        0000
__size_of_tea5767_tuned_freq   (abs)        0000
__size_of_tea5767_write        (abs)        0000
__size_of_trunc                (abs)        0000
__stringbase                   strings      080F
__stringdata                   strings      081E
__stringtab                    strings      0800
_buff                          bssBANK1     00E8
_ceil                          text10       0F4F
_commandbytes                  bssBANK3     0190
_current_freq                  bssBANK3     019A
_debounce_lo                   text53       1715
_dpowers                       strings      0810
_errno                         bssCOMMON    0076
_frexp                         text34       097D
_hd44780_block_erase           text44       17AA
_hd44780_busy                  text52       16AD
_hd44780_char                  text45       166D
_hd44780_init                  text49       0C14
_hd44780_newline               text43       15FE
_hd44780_printdecimal          text38       17D3
_hd44780_printint              text28       16D5
_hd44780_printstr              text42       0A35
_hd44780_pulse                 text51       1622
_hd44780_write                 text50       0906
_i2c_read_data                 text8        164A
_i2c_send_ack                  text7        1655
_i2c_send_controlbyte          text22       169B
_i2c_send_data                 text21       1619
_i2c_send_nack                 text6        088D
_i2c_start                     text20       162C
_i2c_stop                      text19       1636
_init                          text47       0941
_main                          maintext     0BB3
_print_freq                    text31       054D
_print_mode                    text29       1784
_print_signal_level            text26       08CE
_responsebytes                 bssBANK3     0195
_rs_flag                       bitbssCOMMON 03C8
_serial_init                   text48       07ED
_serial_tx_poll                text18       1609
_serial_tx_print               text17       16F5
_serial_tx_printline           text16       16C1
_sprintf                       text39       0472
_tc_int                        text56       167B
_tea5767_getfreq               text9        038E
_tea5767_getfreq$1037          cstackBANK1  00AC
_tea5767_getfreq$1038          cstackBANK1  00AF
_tea5767_getpll                text23       0DC6
_tea5767_getpll$1036           cstackBANK0  006D
_tea5767_init                  text14       09F6
_tea5767_mode                  text30       1603
_tea5767_read                  text5        0E40
_tea5767_round_freq            text4        0D50
_tea5767_search                text2        002D
_tea5767_search_up             text1        168B
_tea5767_signal_level          text27       1660
_tea5767_tune                  text3        09B9
_tea5767_tuned_freq            text32       06F5
_tea5767_tuned_freq$1039       cstackBANK1  00C4
_tea5767_write                 text15       07AB
_trunc                         text33       0CE4
btemp                          (abs)        007E
ceil@expon                     cstackBANK0  004B
ceil@i                         cstackBANK0  0048
ceil@x                         cstackBANK0  003F
clear_ram0                     clrtext      1611
debounce_lo@count              cstackBANK0  0021
debounce_lo@prt                cstackBANK0  0020
end_of_initialization          cinit        0029
frexp@eptr                     cstackBANK0  0023
frexp@value                    cstackBANK0  0020
hd44780_block_erase@i          cstackBANK0  0026
hd44780_block_erase@length     cstackBANK0  0023
hd44780_block_erase@start_loc  cstackBANK0  0025
hd44780_char@bt                cstackBANK0  0022
hd44780_printdecimal@d         cstackBANK0  003F
hd44780_printdecimal@i         cstackBANK0  003D
hd44780_printdecimal@loc       cstackBANK0  0041
hd44780_printint@dta           cstackBANK0  003D
hd44780_printint@loc           cstackBANK0  003F
hd44780_printstr@dta           cstackBANK0  0023
hd44780_printstr@loc           cstackBANK0  0025
hd44780_write@bt               cstackBANK0  0020
hd44780_write@tmp              cstackBANK0  0021
i2c_send_controlbyte@addr      cstackBANK0  0020
i2c_send_controlbyte@rw_bit    cstackCOMMON 0074
i2c_send_data@dta              cstackCOMMON 0074
interrupt_function             intentry     0004
intlevel0                      functab      0000
intlevel1                      functab      0000
intlevel2                      functab      0000
intlevel3                      functab      0000
intlevel4                      functab      0000
intlevel5                      functab      0000
ltemp                          (abs)        007E
ltemp0                         (abs)        007E
ltemp1                         (abs)        0082
ltemp2                         (abs)        0086
ltemp3                         (abs)        0080
main@button_pressed            cstackBANK1  00D9
print_freq@dec                 bssBANK1     00E7
print_freq@f                   cstackBANK1  00D2
print_freq@fr                  cstackBANK1  00D0
print_freq@i                   cstackBANK1  00D4
print_mode@mode                cstackBANK0  0028
print_signal_level@lvl         cstackBANK0  0043
print_signal_level@prev_lvl    bssCOMMON    0078
reset_vec                      reset_vec    0000
saved_w                        (abs)        007E
serial_tx_poll@val             cstackCOMMON 0074
serial_tx_print@str            cstackBANK0  0020
serial_tx_printline@str        cstackBANK0  0021
sprintf@_val                   cstackBANK0  0037
sprintf@ap                     cstackBANK0  0034
sprintf@c                      cstackBANK0  003C
sprintf@f                      cstackBANK0  002C
sprintf@flag                   cstackBANK0  0035
sprintf@prec                   cstackBANK0  0036
sprintf@sp                     cstackBANK0  003B
stackhi                        (abs)        0000
stacklo                        (abs)        0000
start                          init         0012
start_initialization           cinit        0015
tea5767@commandbytes           bssBANK1     00DA
tea5767@current_freq           bssBANK1     00E4
tea5767@responsebytes          bssBANK1     00DF
tea5767_getfreq@byte1          cstackBANK1  00A8
tea5767_getfreq@byte2          cstackBANK0  006D
tea5767_getfreq@dta            cstackBANK1  00A9
tea5767_getpll@freq            cstackBANK1  00BA
tea5767_init@pll               cstackBANK1  00C0
tea5767_round_freq@d           cstackBANK1  00BD
tea5767_round_freq@freq        cstackBANK1  00BA
tea5767_search@pll             cstackBANK1  00C7
tea5767_search@prev_freq       cstackBANK1  00C4
tea5767_tune@freq              cstackBANK1  00BD
tea5767_tune@pll               cstackBANK1  00C1
tea5767_tuned_freq@d           cstackBANK1  00CC
tea5767_tuned_freq@f           cstackBANK1  00C7
tea5767_tuned_freq@tmp         cstackBANK1  00C9
trunc@expon                    cstackBANK1  00C0
trunc@i                        cstackBANK1  00BD
trunc@x                        cstackBANK1  00BA
ttemp                          (abs)        007E
ttemp0                         (abs)        007E
ttemp1                         (abs)        0081
ttemp2                         (abs)        0084
ttemp3                         (abs)        0087
ttemp4                         (abs)        007F
wtemp                          (abs)        007E
wtemp0                         (abs)        007E
wtemp1                         (abs)        0080
wtemp2                         (abs)        0082
wtemp3                         (abs)        0084
wtemp4                         (abs)        0086
wtemp5                         (abs)        0088
wtemp6                         (abs)        007F


FUNCTION INFORMATION:

 *************** function _main *****************
 Defined at:
		line 163 in file "C:\Users\Dinusha\Documents\PICProjects\PIC877AProjects\CProjects\TEA5767\main.c"
 Parameters:    Size  Location     Type
		None
 Auto vars:     Size  Location     Type
  button_press    1   57[BANK1 ] unsigned char 
 Return value:  Size  Location     Type
                  2  153[COMMON] int 
 Registers used:
		wreg, fsr0l, fsr0h, fsr1l, fsr1h, fsr1l, fsr1h, status,2, status,0, btemp+1, pclath, cstack
 Tracked objects:
		On entry : 
		On exit  : 
		Unchanged: 
 Data sizes:     COMMON   BANK0   BANK1   BANK3   BANK2
      Params:         0       0       0       0       0
      Locals:         0       0       1       0       0
      Temps:          0       0       3       0       0
      Totals:         0       0       4       0       0
Total ram usage:        4 bytes
 Hardware stack levels required when called:    8
 This function calls:
		_debounce_lo
		_init
		_print_freq
		_print_mode
		_print_signal_level
		_tea5767_init
		_tea5767_read
		_tea5767_search_up
 This function is called by:
		Startup code after reset
 This function uses a non-reentrant model


 *************** function _tea5767_search_up *****************
 Defined at:
		line 214 in file "C:\Users\Dinusha\Documents\PICProjects\PIC877AProjects\CProjects\TEA5767\tea5767.c"
 Parameters:    Size  Location     Type
		None
 Auto vars:     Size  Location     Type
		None
 Return value:  Size  Location     Type
		None               void
 Registers used:
		wreg, fsr0l, fsr0h, status,2, status,0, btemp+1, pclath, cstack
 Tracked objects:
		On entry : 
		On exit  : 
		Unchanged: 
 Data sizes:     COMMON   BANK0   BANK1   BANK3   BANK2
      Params:         0       0       0       0       0
      Locals:         0       0       0       0       0
      Temps:          0       0       1       0       0
      Totals:         0       0       1       0       0
Total ram usage:        1 bytes
 Hardware stack levels used:    1
 Hardware stack levels required when called:    7
 This function calls:
		_tea5767_search
 This function is called by:
		_main
 This function uses a non-reentrant model


 *************** function _tea5767_search *****************
 Defined at:
		line 228 in file "C:\Users\Dinusha\Documents\PICProjects\PIC877AProjects\CProjects\TEA5767\tea5767.c"
 Parameters:    Size  Location     Type
		None
 Auto vars:     Size  Location     Type
  prev_freq       3   36[BANK1 ] int 
  pll             2   39[BANK1 ] unsigned int 
 Return value:  Size  Location     Type
		None               void
 Registers used:
		wreg, fsr0l, fsr0h, status,2, status,0, btemp+1, pclath, cstack
 Tracked objects:
		On entry : 
		On exit  : 
		Unchanged: 
 Data sizes:     COMMON   BANK0   BANK1   BANK3   BANK2
      Params:         0       0       0       0       0
      Locals:         0       0       5       0       0
      Temps:          0       0       1       0       0
      Totals:         0       0       6       0       0
Total ram usage:        6 bytes
 Hardware stack levels used:    1
 Hardware stack levels required when called:    6
 This function calls:
		___ftadd
		___ftge
		___ftneg
		_serial_tx_printline
		_tea5767_getfreq
		_tea5767_getpll
		_tea5767_read
		_tea5767_round_freq
		_tea5767_tune
		_tea5767_write
 This function is called by:
		_tea5767_search_up
		_tea5767_search_down
 This function uses a non-reentrant model


 *************** function _tea5767_tune *****************
 Defined at:
		line 65 in file "C:\Users\Dinusha\Documents\PICProjects\PIC877AProjects\CProjects\TEA5767\tea5767.c"
 Parameters:    Size  Location     Type
  freq            3   29[BANK1 ] unsigned int 
 Auto vars:     Size  Location     Type
  pll             2   33[BANK1 ] unsigned int 
 Return value:  Size  Location     Type
		None               void
 Registers used:
		wreg, fsr0l, fsr0h, status,2, status,0, pclath, cstack
 Tracked objects:
		On entry : 
		On exit  : 
		Unchanged: 
 Data sizes:     COMMON   BANK0   BANK1   BANK3   BANK2
      Params:         0       0       3       0       0
      Locals:         0       0       2       0       0
      Temps:          0       0       1       0       0
      Totals:         0       0       6       0       0
Total ram usage:        6 bytes
 Hardware stack levels used:    1
 Hardware stack levels required when called:    5
 This function calls:
		_tea5767_getpll
		_tea5767_write
 This function is called by:
		_tea5767_search
 This function uses a non-reentrant model


 *************** function _tea5767_round_freq *****************
 Defined at:
		line 45 in file "C:\Users\Dinusha\Documents\PICProjects\PIC877AProjects\CProjects\TEA5767\tea5767.c"
 Parameters:    Size  Location     Type
  freq            3   26[BANK1 ] unsigned int 
 Auto vars:     Size  Location     Type
  d               3   29[BANK1 ] unsigned int 
 Return value:  Size  Location     Type
                  3   26[BANK1 ] unsigned int 
 Registers used:
		wreg, fsr0l, fsr0h, status,2, status,0, btemp+1, pclath, cstack
 Tracked objects:
		On entry : 
		On exit  : 
		Unchanged: 
 Data sizes:     COMMON   BANK0   BANK1   BANK3   BANK2
      Params:         0       0       3       0       0
      Locals:         0       0       3       0       0
      Temps:          0       0       0       0       0
      Totals:         0       0       6       0       0
Total ram usage:        6 bytes
 Hardware stack levels used:    1
 Hardware stack levels required when called:    4
 This function calls:
		___ftdiv
		___ftmul
		_ceil
 This function is called by:
		_tea5767_search
 This function uses a non-reentrant model


 *************** function _tea5767_read *****************
 Defined at:
		line 176 in file "C:\Users\Dinusha\Documents\PICProjects\PIC877AProjects\CProjects\TEA5767\tea5767.c"
 Parameters:    Size  Location     Type
		None
 Auto vars:     Size  Location     Type
  i               2    0        int 
 Return value:  Size  Location     Type
		None               void
 Registers used:
		wreg, fsr0l, fsr0h, status,2, status,0, pclath, cstack
 Tracked objects:
		On entry : 
		On exit  : 
		Unchanged: 
 Data sizes:     COMMON   BANK0   BANK1   BANK3   BANK2
      Params:         0       0       0       0       0
      Locals:         0       0       0       0       0
      Temps:          0       1       0       0       0
      Totals:         0       1       0       0       0
Total ram usage:        1 bytes
 Hardware stack levels used:    1
 Hardware stack levels required when called:    4
 This function calls:
		_i2c_read_data
		_i2c_send_ack
		_i2c_send_controlbyte
		_i2c_send_nack
		_i2c_start
		_i2c_stop
		_serial_tx_printline
 This function is called by:
		_main
		_tea5767_search
 This function uses a non-reentrant model


 *************** function _i2c_send_nack *****************
 Defined at:
		line 77 in file "C:\Users\Dinusha\Documents\PICProjects\PIC877AProjects\CProjects\TEA5767\i2c.c"
 Parameters:    Size  Location     Type
		None
 Auto vars:     Size  Location     Type
		None
 Return value:  Size  Location     Type
		None               void
 Registers used:
		None
 Tracked objects:
		On entry : 
		On exit  : 
		Unchanged: 
 Data sizes:     COMMON   BANK0   BANK1   BANK3   BANK2
      Params:         0       0       0       0       0
      Locals:         0       0       0       0       0
      Temps:          0       0       0       0       0
      Totals:         0       0       0       0       0
Total ram usage:        0 bytes
 Hardware stack levels used:    1
 Hardware stack levels required when called:    1
 This function calls:
		Nothing
 This function is called by:
		_tea5767_read
 This function uses a non-reentrant model


 *************** function _i2c_send_ack *****************
 Defined at:
		line 69 in file "C:\Users\Dinusha\Documents\PICProjects\PIC877AProjects\CProjects\TEA5767\i2c.c"
 Parameters:    Size  Location     Type
		None
 Auto vars:     Size  Location     Type
		None
 Return value:  Size  Location     Type
		None               void
 Registers used:
		None
 Tracked objects:
		On entry : 
		On exit  : 
		Unchanged: 
 Data sizes:     COMMON   BANK0   BANK1   BANK3   BANK2
      Params:         0       0       0       0       0
      Locals:         0       0       0       0       0
      Temps:          0       0       0       0       0
      Totals:         0       0       0       0       0
Total ram usage:        0 bytes
 Hardware stack levels used:    1
 Hardware stack levels required when called:    1
 This function calls:
		Nothing
 This function is called by:
		_tea5767_read
 This function uses a non-reentrant model


 *************** function _i2c_read_data *****************
 Defined at:
		line 46 in file "C:\Users\Dinusha\Documents\PICProjects\PIC877AProjects\CProjects\TEA5767\i2c.c"
 Parameters:    Size  Location     Type
		None
 Auto vars:     Size  Location     Type
		None
 Return value:  Size  Location     Type
                  1    wreg      unsigned char 
 Registers used:
		wreg
 Tracked objects:
		On entry : 
		On exit  : 
		Unchanged: 
 Data sizes:     COMMON   BANK0   BANK1   BANK3   BANK2
      Params:         0       0       0       0       0
      Locals:         0       0       0       0       0
      Temps:          0       0       0       0       0
      Totals:         0       0       0       0       0
Total ram usage:        0 bytes
 Hardware stack levels used:    1
 Hardware stack levels required when called:    1
 This function calls:
		Nothing
 This function is called by:
		_tea5767_read
 This function uses a non-reentrant model


 *************** function _tea5767_getfreq *****************
 Defined at:
		line 38 in file "C:\Users\Dinusha\Documents\PICProjects\PIC877AProjects\CProjects\TEA5767\tea5767.c"
 Parameters:    Size  Location     Type
  byte1           1    wreg     unsigned char 
  byte2           1   77[BANK0 ] unsigned char 
 Auto vars:     Size  Location     Type
  byte1           1    8[BANK1 ] unsigned char 
  dta             3    9[BANK1 ] unsigned char 
 Return value:  Size  Location     Type
                  3   77[BANK0 ] unsigned char 
 Registers used:
		wreg, fsr0l, fsr0h, status,2, status,0, btemp+1, pclath, cstack
 Tracked objects:
		On entry : 
		On exit  : 
		Unchanged: 
 Data sizes:     COMMON   BANK0   BANK1   BANK3   BANK2
      Params:         0       3       0       0       0
      Locals:         0       0      10       0       0
      Temps:          0       0       2       0       0
      Totals:         0       3      12       0       0
Total ram usage:       15 bytes
 Hardware stack levels used:    1
 Hardware stack levels required when called:    4
 This function calls:
		___awtoft
		___ftadd
		___ftdiv
		___ftmul
		_ceil
 This function is called by:
		_tea5767_search
 This function uses a non-reentrant model


 *************** function _ceil *****************
 Defined at:
		line 13 in file "C:\Program Files (x86)\Microchip\xc8\v1.30\sources\common\ceil.c"
 Parameters:    Size  Location     Type
  x               3   31[BANK0 ] unsigned char 
 Auto vars:     Size  Location     Type
  i               3   40[BANK0 ] unsigned char 
  expon           2   43[BANK0 ] int 
 Return value:  Size  Location     Type
                  3   31[BANK0 ] int 
 Registers used:
		wreg, fsr0l, fsr0h, status,2, status,0, btemp+1, pclath, cstack
 Tracked objects:
		On entry : 
		On exit  : 
		Unchanged: 
 Data sizes:     COMMON   BANK0   BANK1   BANK3   BANK2
      Params:         0       3       0       0       0
      Locals:         0      10       0       0       0
      Temps:          0       1       0       0       0
      Totals:         0      14       0       0       0
Total ram usage:       14 bytes
 Hardware stack levels used:    1
 Hardware stack levels required when called:    3
 This function calls:
		___altoft
		___ftadd
		___ftge
		___fttol
		_frexp
 This function is called by:
		_tea5767_getfreq
		_tea5767_round_freq
 This function uses a non-reentrant model


 *************** function ___ftge *****************
 Defined at:
		line 4 in file "C:\Program Files (x86)\Microchip\xc8\v1.30\sources\common\ftge.c"
 Parameters:    Size  Location     Type
  ff1             3    0[BANK0 ] float 
  ff2             3    3[BANK0 ] float 
 Auto vars:     Size  Location     Type
		None
 Return value:  Size  Location     Type
		None               void
 Registers used:
		wreg, status,2, status,0
 Tracked objects:
		On entry : 
		On exit  : 
		Unchanged: 
 Data sizes:     COMMON   BANK0   BANK1   BANK3   BANK2
      Params:         0       6       0       0       0
      Locals:         0       0       0       0       0
      Temps:          0       6       0       0       0
      Totals:         0      12       0       0       0
Total ram usage:       12 bytes
 Hardware stack levels used:    1
 Hardware stack levels required when called:    1
 This function calls:
		Nothing
 This function is called by:
		_tea5767_search
		_ceil
 This function uses a non-reentrant model


 *************** function ___awtoft *****************
 Defined at:
		line 32 in file "C:\Program Files (x86)\Microchip\xc8\v1.30\sources\common\awtoft.c"
 Parameters:    Size  Location     Type
  c               2    8[BANK0 ] int 
 Auto vars:     Size  Location     Type
  sign            1   14[BANK0 ] unsigned char 
 Return value:  Size  Location     Type
                  3    8[BANK0 ] float 
 Registers used:
		wreg, status,2, status,0, pclath, cstack
 Tracked objects:
		On entry : 
		On exit  : 
		Unchanged: 
 Data sizes:     COMMON   BANK0   BANK1   BANK3   BANK2
      Params:         0       3       0       0       0
      Locals:         0       2       0       0       0
      Temps:          0       2       0       0       0
      Totals:         0       7       0       0       0
Total ram usage:        7 bytes
 Hardware stack levels used:    1
 Hardware stack levels required when called:    2
 This function calls:
		___ftpack
 This function is called by:
		_tea5767_getfreq
 This function uses a non-reentrant model


 *************** function ___ftneg *****************
 Defined at:
		line 15 in file "C:\Program Files (x86)\Microchip\xc8\v1.30\sources\common\ftneg.c"
 Parameters:    Size  Location     Type
  f1              3    0[BANK0 ] float 
 Auto vars:     Size  Location     Type
		None
 Return value:  Size  Location     Type
                  3    0[BANK0 ] float 
 Registers used:
		wreg
 Tracked objects:
		On entry : 
		On exit  : 
		Unchanged: 
 Data sizes:     COMMON   BANK0   BANK1   BANK3   BANK2
      Params:         0       3       0       0       0
      Locals:         0       0       0       0       0
      Temps:          0       0       0       0       0
      Totals:         0       3       0       0       0
Total ram usage:        3 bytes
 Hardware stack levels used:    1
 Hardware stack levels required when called:    1
 This function calls:
		Nothing
 This function is called by:
		_tea5767_search
 This function uses a non-reentrant model


 *************** function _tea5767_init *****************
 Defined at:
		line 12 in file "C:\Users\Dinusha\Documents\PICProjects\PIC877AProjects\CProjects\TEA5767\tea5767.c"
 Parameters:    Size  Location     Type
		None
 Auto vars:     Size  Location     Type
  pll             2   32[BANK1 ] unsigned int 
 Return value:  Size  Location     Type
		None               void
 Registers used:
		wreg, fsr0l, fsr0h, status,2, status,0, pclath, cstack
 Tracked objects:
		On entry : 
		On exit  : 
		Unchanged: 
 Data sizes:     COMMON   BANK0   BANK1   BANK3   BANK2
      Params:         0       0       0       0       0
      Locals:         0       0       2       0       0
      Temps:          0       0       3       0       0
      Totals:         0       0       5       0       0
Total ram usage:        5 bytes
 Hardware stack levels used:    1
 Hardware stack levels required when called:    5
 This function calls:
		_tea5767_getpll
		_tea5767_write
 This function is called by:
		_main
 This function uses a non-reentrant model


 *************** function _tea5767_write *****************
 Defined at:
		line 123 in file "C:\Users\Dinusha\Documents\PICProjects\PIC877AProjects\CProjects\TEA5767\tea5767.c"
 Parameters:    Size  Location     Type
		None
 Auto vars:     Size  Location     Type
  i               2    0        int 
 Return value:  Size  Location     Type
		None               void
 Registers used:
		wreg, fsr0l, fsr0h, status,2, status,0, pclath, cstack
 Tracked objects:
		On entry : 
		On exit  : 
		Unchanged: 
 Data sizes:     COMMON   BANK0   BANK1   BANK3   BANK2
      Params:         0       0       0       0       0
      Locals:         0       0       0       0       0
      Temps:          0       0       0       0       0
      Totals:         0       0       0       0       0
Total ram usage:        0 bytes
 Hardware stack levels used:    1
 Hardware stack levels required when called:    4
 This function calls:
		_i2c_send_controlbyte
		_i2c_send_data
		_i2c_start
		_i2c_stop
		_serial_tx_printline
 This function is called by:
		_tea5767_init
		_tea5767_tune
		_tea5767_search
 This function uses a non-reentrant model


 *************** function _serial_tx_printline *****************
 Defined at:
		line 57 in file "C:\Users\Dinusha\Documents\PICProjects\PIC877AProjects\CProjects\TEA5767\serial.c"
 Parameters:    Size  Location     Type
  str             1    wreg     PTR unsigned char 
		 -> STR_7(10), STR_6(16), STR_5(16), STR_4(36), 
		 -> STR_3(23), 
 Auto vars:     Size  Location     Type
  str             1    1[BANK0 ] PTR unsigned char 
		 -> STR_7(10), STR_6(16), STR_5(16), STR_4(36), 
		 -> STR_3(23), 
 Return value:  Size  Location     Type
		None               void
 Registers used:
		wreg, fsr0l, fsr0h, status,2, status,0, pclath, cstack
 Tracked objects:
		On entry : 
		On exit  : 
		Unchanged: 
 Data sizes:     COMMON   BANK0   BANK1   BANK3   BANK2
      Params:         0       0       0       0       0
      Locals:         0       1       0       0       0
      Temps:          0       0       0       0       0
      Totals:         0       1       0       0       0
Total ram usage:        1 bytes
 Hardware stack levels used:    1
 Hardware stack levels required when called:    3
 This function calls:
		_serial_tx_poll
		_serial_tx_print
 This function is called by:
		_tea5767_write
		_tea5767_read
		_tea5767_search
 This function uses a non-reentrant model


 *************** function _serial_tx_print *****************
 Defined at:
		line 49 in file "C:\Users\Dinusha\Documents\PICProjects\PIC877AProjects\CProjects\TEA5767\serial.c"
 Parameters:    Size  Location     Type
  str             1    wreg     PTR unsigned char 
		 -> STR_7(10), STR_6(16), STR_5(16), STR_4(36), 
		 -> STR_3(23), 
 Auto vars:     Size  Location     Type
  str             1    0[BANK0 ] PTR unsigned char 
		 -> STR_7(10), STR_6(16), STR_5(16), STR_4(36), 
		 -> STR_3(23), 
 Return value:  Size  Location     Type
		None               void
 Registers used:
		wreg, fsr0l, fsr0h, status,2, status,0, pclath, cstack
 Tracked objects:
		On entry : 
		On exit  : 
		Unchanged: 
 Data sizes:     COMMON   BANK0   BANK1   BANK3   BANK2
      Params:         0       0       0       0       0
      Locals:         0       1       0       0       0
      Temps:          1       0       0       0       0
      Totals:         1       1       0       0       0
Total ram usage:        2 bytes
 Hardware stack levels used:    1
 Hardware stack levels required when called:    2
 This function calls:
		_serial_tx_poll
 This function is called by:
		_serial_tx_printline
 This function uses a non-reentrant model


 *************** function _serial_tx_poll *****************
 Defined at:
		line 32 in file "C:\Users\Dinusha\Documents\PICProjects\PIC877AProjects\CProjects\TEA5767\serial.c"
 Parameters:    Size  Location     Type
  val             1    wreg     unsigned char 
 Auto vars:     Size  Location     Type
  val             1    4[COMMON] unsigned char 
 Return value:  Size  Location     Type
		None               void
 Registers used:
		wreg
 Tracked objects:
		On entry : 
		On exit  : 
		Unchanged: 
 Data sizes:     COMMON   BANK0   BANK1   BANK3   BANK2
      Params:         0       0       0       0       0
      Locals:         1       0       0       0       0
      Temps:          0       0       0       0       0
      Totals:         1       0       0       0       0
Total ram usage:        1 bytes
 Hardware stack levels used:    1
 Hardware stack levels required when called:    1
 This function calls:
		Nothing
 This function is called by:
		_serial_tx_print
		_serial_tx_printline
		_serial_tx_newline
		_serial_rx_readline
 This function uses a non-reentrant model


 *************** function _i2c_stop *****************
 Defined at:
		line 25 in file "C:\Users\Dinusha\Documents\PICProjects\PIC877AProjects\CProjects\TEA5767\i2c.c"
 Parameters:    Size  Location     Type
		None
 Auto vars:     Size  Location     Type
		None
 Return value:  Size  Location     Type
		None               void
 Registers used:
		None
 Tracked objects:
		On entry : 
		On exit  : 
		Unchanged: 
 Data sizes:     COMMON   BANK0   BANK1   BANK3   BANK2
      Params:         0       0       0       0       0
      Locals:         0       0       0       0       0
      Temps:          0       0       0       0       0
      Totals:         0       0       0       0       0
Total ram usage:        0 bytes
 Hardware stack levels used:    1
 Hardware stack levels required when called:    1
 This function calls:
		Nothing
 This function is called by:
		_tea5767_write
		_tea5767_read
 This function uses a non-reentrant model


 *************** function _i2c_start *****************
 Defined at:
		line 18 in file "C:\Users\Dinusha\Documents\PICProjects\PIC877AProjects\CProjects\TEA5767\i2c.c"
 Parameters:    Size  Location     Type
		None
 Auto vars:     Size  Location     Type
		None
 Return value:  Size  Location     Type
		None               void
 Registers used:
		None
 Tracked objects:
		On entry : 
		On exit  : 
		Unchanged: 
 Data sizes:     COMMON   BANK0   BANK1   BANK3   BANK2
      Params:         0       0       0       0       0
      Locals:         0       0       0       0       0
      Temps:          0       0       0       0       0
      Totals:         0       0       0       0       0
Total ram usage:        0 bytes
 Hardware stack levels used:    1
 Hardware stack levels required when called:    1
 This function calls:
		Nothing
 This function is called by:
		_tea5767_write
		_tea5767_read
 This function uses a non-reentrant model


 *************** function _i2c_send_data *****************
 Defined at:
		line 39 in file "C:\Users\Dinusha\Documents\PICProjects\PIC877AProjects\CProjects\TEA5767\i2c.c"
 Parameters:    Size  Location     Type
  dta             1    wreg     unsigned char 
 Auto vars:     Size  Location     Type
  dta             1    4[COMMON] unsigned char 
 Return value:  Size  Location     Type
		None               void
 Registers used:
		wreg
 Tracked objects:
		On entry : 
		On exit  : 
		Unchanged: 
 Data sizes:     COMMON   BANK0   BANK1   BANK3   BANK2
      Params:         0       0       0       0       0
      Locals:         1       0       0       0       0
      Temps:          0       0       0       0       0
      Totals:         1       0       0       0       0
Total ram usage:        1 bytes
 Hardware stack levels used:    1
 Hardware stack levels required when called:    1
 This function calls:
		Nothing
 This function is called by:
		_tea5767_write
 This function uses a non-reentrant model


 *************** function _i2c_send_controlbyte *****************
 Defined at:
		line 32 in file "C:\Users\Dinusha\Documents\PICProjects\PIC877AProjects\CProjects\TEA5767\i2c.c"
 Parameters:    Size  Location     Type
  addr            1    wreg     unsigned char 
  rw_bit          1    4[COMMON] unsigned char 
 Auto vars:     Size  Location     Type
  addr            1    0[BANK0 ] unsigned char 
 Return value:  Size  Location     Type
		None               void
 Registers used:
		wreg, status,2, status,0
 Tracked objects:
		On entry : 
		On exit  : 
		Unchanged: 
 Data sizes:     COMMON   BANK0   BANK1   BANK3   BANK2
      Params:         1       0       0       0       0
      Locals:         0       1       0       0       0
      Temps:          1       0       0       0       0
      Totals:         2       1       0       0       0
Total ram usage:        3 bytes
 Hardware stack levels used:    1
 Hardware stack levels required when called:    1
 This function calls:
		Nothing
 This function is called by:
		_tea5767_write
		_tea5767_read
 This function uses a non-reentrant model


 *************** function _tea5767_getpll *****************
 Defined at:
		line 31 in file "C:\Users\Dinusha\Documents\PICProjects\PIC877AProjects\CProjects\TEA5767\tea5767.c"
 Parameters:    Size  Location     Type
  freq            3   26[BANK1 ] unsigned char 
 Auto vars:     Size  Location     Type
		None
 Return value:  Size  Location     Type
                  2   26[BANK1 ] unsigned int 
 Registers used:
		wreg, status,2, status,0, pclath, cstack
 Tracked objects:
		On entry : 
		On exit  : 
		Unchanged: 
 Data sizes:     COMMON   BANK0   BANK1   BANK3   BANK2
      Params:         0       0       3       0       0
      Locals:         0       3       0       0       0
      Temps:          0       0       0       0       0
      Totals:         0       3       3       0       0
Total ram usage:        6 bytes
 Hardware stack levels used:    1
 Hardware stack levels required when called:    3
 This function calls:
		___ftadd
		___ftdiv
		___ftmul
		___fttol
 This function is called by:
		_tea5767_init
		_tea5767_tune
		_tea5767_search
 This function uses a non-reentrant model


 *************** function ___ftdiv *****************
 Defined at:
		line 49 in file "C:\Program Files (x86)\Microchip\xc8\v1.30\sources\pic\ftdiv.c"
 Parameters:    Size  Location     Type
  f2              3    0[BANK1 ] float 
  f1              3    3[BANK1 ] float 
 Auto vars:     Size  Location     Type
  f3              3   72[BANK0 ] float 
  sign            1   76[BANK0 ] unsigned char 
  exp             1   75[BANK0 ] unsigned char 
  cntr            1   71[BANK0 ] unsigned char 
 Return value:  Size  Location     Type
                  3    0[BANK1 ] float 
 Registers used:
		wreg, status,2, status,0, pclath, cstack
 Tracked objects:
		On entry : 
		On exit  : 
		Unchanged: 
 Data sizes:     COMMON   BANK0   BANK1   BANK3   BANK2
      Params:         0       0       6       0       0
      Locals:         0      12       0       0       0
      Temps:          0       4       0       0       0
      Totals:         0      16       6       0       0
Total ram usage:       22 bytes
 Hardware stack levels used:    1
 Hardware stack levels required when called:    2
 This function calls:
		___ftpack
 This function is called by:
		_tea5767_getpll
		_tea5767_getfreq
		_tea5767_round_freq
 This function uses a non-reentrant model


 *************** function ___ftadd *****************
 Defined at:
		line 86 in file "C:\Program Files (x86)\Microchip\xc8\v1.30\sources\common\ftadd.c"
 Parameters:    Size  Location     Type
  f1              3   15[BANK0 ] float 
  f2              3   18[BANK0 ] float 
 Auto vars:     Size  Location     Type
  exp1            1   30[BANK0 ] unsigned char 
  exp2            1   29[BANK0 ] unsigned char 
  sign            1   28[BANK0 ] unsigned char 
 Return value:  Size  Location     Type
                  3   15[BANK0 ] float 
 Registers used:
		wreg, status,2, status,0, pclath, cstack
 Tracked objects:
		On entry : 
		On exit  : 
		Unchanged: 
 Data sizes:     COMMON   BANK0   BANK1   BANK3   BANK2
      Params:         0       6       0       0       0
      Locals:         0       6       0       0       0
      Temps:          0       4       0       0       0
      Totals:         0      16       0       0       0
Total ram usage:       16 bytes
 Hardware stack levels used:    1
 Hardware stack levels required when called:    2
 This function calls:
		___ftpack
 This function is called by:
		_tea5767_getpll
		_tea5767_getfreq
		_tea5767_search
		_ceil
 This function uses a non-reentrant model


 *************** function _print_signal_level *****************
 Defined at:
		line 122 in file "C:\Users\Dinusha\Documents\PICProjects\PIC877AProjects\CProjects\TEA5767\main.c"
 Parameters:    Size  Location     Type
		None
 Auto vars:     Size  Location     Type
  lvl             2   35[BANK0 ] int 
 Return value:  Size  Location     Type
		None               void
 Registers used:
		wreg, fsr0l, fsr0h, fsr1l, fsr1h, fsr1l, fsr1h, status,2, status,0, btemp+1, pclath, cstack
 Tracked objects:
		On entry : 
		On exit  : 
		Unchanged: 
 Data sizes:     COMMON   BANK0   BANK1   BANK3   BANK2
      Params:         0       0       0       0       0
      Locals:         0       2       0       0       0
      Temps:          0       2       0       0       0
      Totals:         0       4       0       0       0
Total ram usage:        4 bytes
 Hardware stack levels used:    1
 Hardware stack levels required when called:    6
 This function calls:
		_hd44780_block_erase
		_hd44780_printint
		_tea5767_signal_level
 This function is called by:
		_main
 This function uses a non-reentrant model


 *************** function _tea5767_signal_level *****************
 Defined at:
		line 110 in file "C:\Users\Dinusha\Documents\PICProjects\PIC877AProjects\CProjects\TEA5767\tea5767.c"
 Parameters:    Size  Location     Type
		None
 Auto vars:     Size  Location     Type
		None
 Return value:  Size  Location     Type
                  1    wreg      unsigned char 
 Registers used:
		wreg, status,2, status,0
 Tracked objects:
[...]


 *************** function _hd44780_char *****************
 Defined at:
		line 72 in file "C:\Users\Dinusha\Documents\PICProjects\PIC877AProjects\CProjects\TEA5767\hd44780.c"
 Parameters:    Size  Location     Type
  bt              1    wreg     unsigned char 
 Auto vars:     Size  Location     Type
  bt              1    2[BANK0 ] unsigned char 
 Return value:  Size  Location     Type
		None               void
 Registers used:
		wreg, status,2, status,0, pclath, cstack
 Tracked objects:
		On entry : 
		On exit  : 
		Unchanged: 
 Data sizes:     COMMON   BANK0   BANK1   BANK3   BANK2
      Params:         0       0       0       0       0
      Locals:         0       1       0       0       0
      Temps:          0       0       0       0       0
      Totals:         0       1       0       0       0
Total ram usage:        1 bytes
 Hardware stack levels used:    1
 Hardware stack levels required when called:    3
 This function calls:
		_hd44780_write
 This function is called by:
		_hd44780_printstr
		_hd44780_block_erase
		_hd44780_printchr
 This function uses a non-reentrant model


 *************** function ___awdiv *****************
 Defined at:
		line 6 in file "C:\Program Files (x86)\Microchip\xc8\v1.30\sources\common\awdiv.c"
 Parameters:    Size  Location     Type
  divisor         2    0[BANK0 ] int 
  dividend        2    2[BANK0 ] int 
 Auto vars:     Size  Location     Type
  quotient        2    6[BANK0 ] int 
  sign            1    5[BANK0 ] unsigned char 
  counter         1    4[BANK0 ] unsigned char 
 Return value:  Size  Location     Type
                  2    0[BANK0 ] int 
 Registers used:
		wreg, status,2, status,0
 Tracked objects:
		On entry : 
		On exit  : 
		Unchanged: 
 Data sizes:     COMMON   BANK0   BANK1   BANK3   BANK2
      Params:         0       4       0       0       0
      Locals:         0       4       0       0       0
      Temps:          1       0       0       0       0
      Totals:         1       8       0       0       0
Total ram usage:        9 bytes
 Hardware stack levels used:    1
 Hardware stack levels required when called:    1
 This function calls:
		Nothing
 This function is called by:
		_print_freq
 This function uses a non-reentrant model


 *************** function _init *****************
 Defined at:
		line 28 in file "C:\Users\Dinusha\Documents\PICProjects\PIC877AProjects\CProjects\TEA5767\main.c"
 Parameters:    Size  Location     Type
		None
 Auto vars:     Size  Location     Type
		None
 Return value:  Size  Location     Type
		None               void
 Registers used:
		wreg, status,2, status,0, pclath, cstack
 Tracked objects:
		On entry : 
		On exit  : 
		Unchanged: 
 Data sizes:     COMMON   BANK0   BANK1   BANK3   BANK2
      Params:         0       0       0       0       0
      Locals:         0       0       0       0       0
      Temps:          0       2       0       0       0
      Totals:         0       2       0       0       0
Total ram usage:        2 bytes
 Hardware stack levels used:    1
 Hardware stack levels required when called:    4
 This function calls:
		_hd44780_init
		_serial_init
 This function is called by:
		_main
 This function uses a non-reentrant model


 *************** function _serial_init *****************
 Defined at:
		line 5 in file "C:\Users\Dinusha\Documents\PICProjects\PIC877AProjects\CProjects\TEA5767\serial.c"
 Parameters:    Size  Location     Type
		None
 Auto vars:     Size  Location     Type
		None
 Return value:  Size  Location     Type
		None               void
 Registers used:
		None
 Tracked objects:
		On entry : 
		On exit  : 
		Unchanged: 
 Data sizes:     COMMON   BANK0   BANK1   BANK3   BANK2
      Params:         0       0       0       0       0
      Locals:         0       0       0       0       0
      Temps:          0       0       0       0       0
      Totals:         0       0       0       0       0
Total ram usage:        0 bytes
 Hardware stack levels used:    1
 Hardware stack levels required when called:    1
 This function calls:
		Nothing
 This function is called by:
		_init
 This function uses a non-reentrant model


 *************** function _hd44780_init *****************
 Defined at:
		line 12 in file "C:\Users\Dinusha\Documents\PICProjects\PIC877AProjects\CProjects\TEA5767\hd44780.c"
 Parameters:    Size  Location     Type
		None
 Auto vars:     Size  Location     Type
		None
 Return value:  Size  Location     Type
		None               void
 Registers used:
		wreg, status,2, status,0, pclath, cstack
 Tracked objects:
		On entry : 
		On exit  : 
		Unchanged: 
 Data sizes:     COMMON   BANK0   BANK1   BANK3   BANK2
      Params:         0       0       0       0       0
      Locals:         0       0       0       0       0
      Temps:          0       2       0       0       0
      Totals:         0       2       0       0       0
Total ram usage:        2 bytes
 Hardware stack levels used:    1
 Hardware stack levels required when called:    3
 This function calls:
		_hd44780_busy
		_hd44780_pulse
		_hd44780_write
 This function is called by:
		_init
 This function uses a non-reentrant model


 *************** function _hd44780_write *****************
 Defined at:
		line 43 in file "C:\Users\Dinusha\Documents\PICProjects\PIC877AProjects\CProjects\TEA5767\hd44780.c"
 Parameters:    Size  Location     Type
  bt              1    wreg     unsigned char 
 Auto vars:     Size  Location     Type
  bt              1    0[BANK0 ] unsigned char 
  tmp             1    1[BANK0 ] unsigned char 
 Return value:  Size  Location     Type
		None               void
 Registers used:
		wreg, status,2, status,0, pclath, cstack
 Tracked objects:
		On entry : 
		On exit  : 
		Unchanged: 
 Data sizes:     COMMON   BANK0   BANK1   BANK3   BANK2
      Params:         0       0       0       0       0
      Locals:         0       2       0       0       0
      Temps:          2       0       0       0       0
      Totals:         2       2       0       0       0
Total ram usage:        4 bytes
 Hardware stack levels used:    1
 Hardware stack levels required when called:    2
 This function calls:
		_hd44780_busy
		_hd44780_pulse
 This function is called by:
		_hd44780_init
		_hd44780_char
		_hd44780_printstr
		_hd44780_newline
		_hd44780_block_erase
		_hd44780_printchr
		_hd44780_clear
 This function uses a non-reentrant model


 *************** function _hd44780_pulse *****************
 Defined at:
		line 5 in file "C:\Users\Dinusha\Documents\PICProjects\PIC877AProjects\CProjects\TEA5767\hd44780.c"
 Parameters:    Size  Location     Type
		None
 Auto vars:     Size  Location     Type
		None
 Return value:  Size  Location     Type
		None               void
 Registers used:
		None
 Tracked objects:
		On entry : 
		On exit  : 
		Unchanged: 
 Data sizes:     COMMON   BANK0   BANK1   BANK3   BANK2
      Params:         0       0       0       0       0
      Locals:         0       0       0       0       0
      Temps:          0       0       0       0       0
      Totals:         0       0       0       0       0
Total ram usage:        0 bytes
 Hardware stack levels used:    1
 Hardware stack levels required when called:    1
 This function calls:
		Nothing
 This function is called by:
		_hd44780_init
		_hd44780_write
 This function uses a non-reentrant model


 *************** function _hd44780_busy *****************
 Defined at:
		line 82 in file "C:\Users\Dinusha\Documents\PICProjects\PIC877AProjects\CProjects\TEA5767\hd44780.c"
 Parameters:    Size  Location     Type
		None
 Auto vars:     Size  Location     Type
		None
 Return value:  Size  Location     Type
		None               void
 Registers used:
		wreg, status,2
 Tracked objects:
		On entry : 
		On exit  : 
		Unchanged: 
 Data sizes:     COMMON   BANK0   BANK1   BANK3   BANK2
      Params:         0       0       0       0       0
      Locals:         0       0       0       0       0
      Temps:          0       0       0       0       0
      Totals:         0       0       0       0       0
Total ram usage:        0 bytes
 Hardware stack levels used:    1
 Hardware stack levels required when called:    1
 This function calls:
		Nothing
 This function is called by:
		_hd44780_init
		_hd44780_write
 This function uses a non-reentrant model


 *************** function _debounce_lo *****************
 Defined at:
		line 89 in file "C:\Users\Dinusha\Documents\PICProjects\PIC877AProjects\CProjects\TEA5767\main.c"
 Parameters:    Size  Location     Type
  prt             1    wreg     unsigned char 
 Auto vars:     Size  Location     Type
  prt             1    0[BANK0 ] unsigned char 
  count           1    1[BANK0 ] unsigned char 
 Return value:  Size  Location     Type
                  1    wreg      unsigned char 
 Registers used:
		wreg, status,2, status,0
 Tracked objects:
		On entry : 
		On exit  : 
		Unchanged: 
 Data sizes:     COMMON   BANK0   BANK1   BANK3   BANK2
      Params:         0       0       0       0       0
      Locals:         0       2       0       0       0
      Temps:          2       0       0       0       0
      Totals:         2       2       0       0       0
Total ram usage:        4 bytes
 Hardware stack levels used:    1
 Hardware stack levels required when called:    1
 This function calls:
		Nothing
 This function is called by:
		_main
 This function uses a non-reentrant model


 *************** function ___ftmul *****************
 Defined at:
		line 51 in file "C:\Program Files (x86)\Microchip\xc8\v1.30\sources\common\ftmul.c"
 Parameters:    Size  Location     Type
  f1              3   45[BANK0 ] float 
  f2              3   48[BANK0 ] float 
 Auto vars:     Size  Location     Type
  f3_as_produc    3   68[BANK0 ] unsigned um
  sign            1   72[BANK0 ] unsigned char 
  cntr            1   71[BANK0 ] unsigned char 
  exp             1   67[BANK0 ] unsigned char 
 Return value:  Size  Location     Type
                  3   45[BANK0 ] float 
 Registers used:
		wreg, status,2, status,0, pclath, cstack
 Tracked objects:
		On entry : 
		On exit  : 
		Unchanged: 
 Data sizes:     COMMON   BANK0   BANK1   BANK3   BANK2
      Params:         0       6       0       0       0
      Locals:         0      18       0       0       0
      Temps:          0       4       0       0       0
      Totals:         0      28       0       0       0
Total ram usage:       28 bytes
 Hardware stack levels used:    1
 Hardware stack levels required when called:    2
 This function calls:
		___ftpack
 This function is called by:
		_tea5767_getpll
		_tea5767_getfreq
		_tea5767_round_freq
		_tea5767_tuned_freq
 This function uses a non-reentrant model


 *************** function ___ftpack *****************
 Defined at:
		line 62 in file "C:\Program Files (x86)\Microchip\xc8\v1.30\sources\common\float.c"
 Parameters:    Size  Location     Type
  arg             3    0[BANK0 ] unsigned um
  exp             1    3[BANK0 ] unsigned char 
  sign            1    4[BANK0 ] unsigned char 
 Auto vars:     Size  Location     Type
		None
 Return value:  Size  Location     Type
                  3    0[BANK0 ] float 
 Registers used:
		wreg, status,2, status,0
 Tracked objects:
		On entry : 
		On exit  : 
		Unchanged: 
 Data sizes:     COMMON   BANK0   BANK1   BANK3   BANK2
      Params:         0       5       0       0       0
      Locals:         0       0       0       0       0
      Temps:          0       3       0       0       0
      Totals:         0       8       0       0       0
Total ram usage:        8 bytes
 Hardware stack levels used:    1
 Hardware stack levels required when called:    1
 This function calls:
		Nothing
 This function is called by:
		___altoft
		___awtoft
		___ftadd
		___ftdiv
		___ftmul
 This function uses a non-reentrant model


 *************** function _tc_int *****************
 Defined at:
		line 78 in file "C:\Users\Dinusha\Documents\PICProjects\PIC877AProjects\CProjects\TEA5767\main.c"
 Parameters:    Size  Location     Type
		None
 Auto vars:     Size  Location     Type
		None
 Return value:  Size  Location     Type
		None               void
 Registers used:
		status,2
 Tracked objects:
		On entry : 
		On exit  : 
		Unchanged: 
 Data sizes:     COMMON   BANK0   BANK1   BANK3   BANK2
      Params:         0       0       0       0       0
      Locals:         0       0       0       0       0
      Temps:          4       0       0       0       0
      Totals:         4       0       0       0       0
Total ram usage:        4 bytes
 Hardware stack levels used:    1
 This function calls:
		Nothing
 This function is called by:
		Interrupt level 1
 This function uses a non-reentrant model



MODULE INFORMATION

Module		Function		Class		Link	Load	Size
C:\Program Files (x86)\Microchip\xc8\v1.30\sources\common\ftadd.c
		___ftadd       		CODE           	0184	0000	265

C:\Program Files (x86)\Microchip\xc8\v1.30\sources\common\ftadd.c estimated size: 265

C:\Program Files (x86)\Microchip\xc8\v1.30\sources\common\lwdiv.c
		___lwdiv       		CODE           	0A75	0000	64

C:\Program Files (x86)\Microchip\xc8\v1.30\sources\common\lwdiv.c estimated size: 64

C:\Program Files (x86)\Microchip\xc8\v1.30\sources\common\float.c
		___ftpack      		CODE           	0C7A	0000	106

C:\Program Files (x86)\Microchip\xc8\v1.30\sources\common\float.c estimated size: 106

C:\Users\Dinusha\Documents\PICProjects\PIC877AProjects\CProjects\TEA5767\main.c
		_print_signal_l		CODE           	08CE	0000	56
		_init          		CODE           	0941	0000	60
		_debounce_lo   		CODE           	1715	0000	37
		_main          		CODE           	0BB3	0000	97
		_print_mode    		CODE           	1784	0000	38
		_tc_int        		CODE           	167B	0000	16
		_print_freq    		CODE           	054D	0000	213

C:\Users\Dinusha\Documents\PICProjects\PIC877AProjects\CProjects\TEA5767\main.c estimated size: 517

C:\Program Files (x86)\Microchip\xc8\v1.30\sources\common\ftge.c
		___ftge        		CODE           	0B54	0000	95

C:\Program Files (x86)\Microchip\xc8\v1.30\sources\common\ftge.c estimated size: 95

C:\Program Files (x86)\Microchip\xc8\v1.30\sources\common\wmul.c
		___wmul        		CODE           	173A	0000	37

C:\Program Files (x86)\Microchip\xc8\v1.30\sources\common\wmul.c estimated size: 37

C:\Users\Dinusha\Documents\PICProjects\PIC877AProjects\CProjects\TEA5767\tea5767.c
		_tea5767_read  		CODE           	0E40	0000	129
		_tea5767_mode  		CODE           	1603	0000	6
		_tea5767_tune  		CODE           	09B9	0000	61
		_tea5767_init  		CODE           	09F6	0000	63
		_tea5767_write 		CODE           	07AB	0000	66
		_tea5767_search		CODE           	002D	0000	343
		_tea5767_getpll		CODE           	0DC6	0000	122
		_tea5767_search		CODE           	168B	0000	16
		_tea5767_signal		CODE           	1660	0000	13
		_tea5767_getfre		CODE           	038E	0000	228
		_tea5767_tuned_		CODE           	06F5	0000	182
		_tea5767_round_		CODE           	0D50	0000	118

C:\Users\Dinusha\Documents\PICProjects\PIC877AProjects\CProjects\TEA5767\tea5767.c estimated size: 1347

C:\Program Files (x86)\Microchip\xc8\v1.30\sources\common\frexp.c
		_frexp         		CODE           	097D	0000	60

C:\Program Files (x86)\Microchip\xc8\v1.30\sources\common\frexp.c estimated size: 60

shared
		_SUD_UP        		STRING         	081D	0000	1
		__stringtab    		STRING         	0800	0000	16
		__stringdata   		STRING         	081E	0000	111
		_STBY          		STRING         	081C	0000	1
		_dpowers       		STRING         	0810	0000	10
		_MUTE_ON       		STRING         	081A	0000	1
		__initializatio		CODE           	0015	0000	20
		_SM_ON         		STRING         	081B	0000	1

shared estimated size: 161

C:\Program Files (x86)\Microchip\xc8\v1.30\sources\common\trunc.c
		_trunc         		CODE           	0CE4	0000	108

C:\Program Files (x86)\Microchip\xc8\v1.30\sources\common\trunc.c estimated size: 108

C:\Users\Dinusha\Documents\PICProjects\PIC877AProjects\CProjects\TEA5767\i2c.c
		_i2c_send_data 		CODE           	1619	0000	9
		_i2c_send_nack 		CODE           	088D	0000	11
		_i2c_start     		CODE           	162C	0000	10
		_i2c_send_contr		CODE           	169B	0000	18
		_i2c_stop      		CODE           	1636	0000	10
		_i2c_read_data 		CODE           	164A	0000	11
		_i2c_send_ack  		CODE           	1655	0000	11

C:\Users\Dinusha\Documents\PICProjects\PIC877AProjects\CProjects\TEA5767\i2c.c estimated size: 80

C:\Program Files (x86)\Microchip\xc8\v1.30\sources\common\doprnt.c
		_sprintf       		CODE           	0472	0000	219

C:\Program Files (x86)\Microchip\xc8\v1.30\sources\common\doprnt.c estimated size: 219

C:\Program Files (x86)\Microchip\xc8\v1.30\sources\common\ftneg.c
		___ftneg       		CODE           	1640	0000	10

C:\Program Files (x86)\Microchip\xc8\v1.30\sources\common\ftneg.c estimated size: 10

C:\Program Files (x86)\Microchip\xc8\v1.30\sources\common\altoft.c
		___altoft      		CODE           	0AB5	0000	66

C:\Program Files (x86)\Microchip\xc8\v1.30\sources\common\altoft.c estimated size: 66

C:\Program Files (x86)\Microchip\xc8\v1.30\sources\common\ceil.c
		_ceil          		CODE           	0F4F	0000	177

C:\Program Files (x86)\Microchip\xc8\v1.30\sources\common\ceil.c estimated size: 177

C:\Program Files (x86)\Microchip\xc8\v1.30\sources\common\ftmul.c
		___ftmul       		CODE           	0622	0000	211

C:\Program Files (x86)\Microchip\xc8\v1.30\sources\common\ftmul.c estimated size: 211

C:\Program Files (x86)\Microchip\xc8\v1.30\sources\common\fttol.c
		___fttol       		CODE           	0EC1	0000	142

C:\Program Files (x86)\Microchip\xc8\v1.30\sources\common\fttol.c estimated size: 142

C:\Program Files (x86)\Microchip\xc8\v1.30\sources\pic\ftdiv.c
		___ftdiv       		CODE           	028D	0000	257

C:\Program Files (x86)\Microchip\xc8\v1.30\sources\pic\ftdiv.c estimated size: 257

C:\Program Files (x86)\Microchip\xc8\v1.30\sources\common\awtoft.c
		___awtoft      		CODE           	175F	0000	37

C:\Program Files (x86)\Microchip\xc8\v1.30\sources\common\awtoft.c estimated size: 37

C:\Users\Dinusha\Documents\PICProjects\PIC877AProjects\CProjects\TEA5767\serial.c
		_serial_tx_prin		CODE           	16F5	0000	32
		_serial_tx_prin		CODE           	16C1	0000	20
		_serial_init   		CODE           	07ED	0000	19
		_serial_tx_poll		CODE           	1609	0000	8

C:\Users\Dinusha\Documents\PICProjects\PIC877AProjects\CProjects\TEA5767\serial.c estimated size: 79

C:\Users\Dinusha\Documents\PICProjects\PIC877AProjects\CProjects\TEA5767\hd44780.c
		_hd44780_prints		CODE           	0A35	0000	64
		_hd44780_newlin		CODE           	15FE	0000	5
		_hd44780_block_		CODE           	17AA	0000	41
		_hd44780_printd		CODE           	17D3	0000	45
		_hd44780_char  		CODE           	166D	0000	14
		_hd44780_init  		CODE           	0C14	0000	102
		_hd44780_busy  		CODE           	16AD	0000	20
		_hd44780_write 		CODE           	0906	0000	59
		_hd44780_pulse 		CODE           	1622	0000	10
		_hd44780_printi		CODE           	16D5	0000	32

C:\Users\Dinusha\Documents\PICProjects\PIC877AProjects\CProjects\TEA5767\hd44780.c estimated size: 392

C:\Program Files (x86)\Microchip\xc8\v1.30\sources\common\lwmod.c
		___lwmod       		CODE           	0898	0000	54

C:\Program Files (x86)\Microchip\xc8\v1.30\sources\common\lwmod.c estimated size: 54

C:\Program Files (x86)\Microchip\xc8\v1.30\sources\common\awdiv.c
		___awdiv       		CODE           	0AF7	0000	93

C:\Program Files (x86)\Microchip\xc8\v1.30\sources\common\awdiv.c estimated size: 93

