MPASM  5.43                         BLINK.ASM   1-11-2014  9:42:30         PAGE  1


LOC  OBJECT CODE     LINE SOURCE TEXT
  VALUE

                      00001 ;**********************************************************************
                      00002 ;   This file is a basic code template for object module code         *
                      00003 ;   generation on the PIC16F628A. This file contains the              *
                      00004 ;   basic code building blocks to build upon.                         *
                      00005 ;                                                                     *
                      00006 ;   Refer to the MPASM User's Guide for additional information on     *
                      00007 ;   features of the assembler and linker (Document DS33014).          *
                      00008 ;                                                                     *
                      00009 ;   Refer to the respective PIC data sheet for additional             *
                      00010 ;   information on the instruction set.                               *
                      00011 ;                                                                     *
                      00012 ;**********************************************************************
                      00013 ;                                                                     *
                      00014 ;    Filename:        blink.asm                                         *
                      00015 ;    Date:                                                            *
                      00016 ;    File Version:                                                    *
                      00017 ;                                                                     *
                      00018 ;    Author:                                                          *
                      00019 ;    Company:                                                         *
                      00020 ;                                                                     *
                      00021 ;                                                                     *
                      00022 ;**********************************************************************
                      00023 ;                                                                     *
                      00024 ;    Files required: P16F628A.INC                                     *
                      00025 ;                                                                     *
                      00026 ;**********************************************************************
                      00027 ;                                                                     *
                      00028 ;    Notes:                                                           *
                      00029 ;                                                                     *
                      00030 ;**********************************************************************
                      00031 
                      00032     list      p=16F628A           ; list directive to define processor
                      00033     #include <p16F628A.inc>       ; processor specific variable definitions
                      00001         LIST
                      00002 
                      00003 ;==========================================================================
                      00004 ;  MPASM PIC16F628A processor include
                      00005 ; 
                      00006 ;  (c) Copyright 1999-2011 Microchip Technology, All rights reserved
                      00007 ;==========================================================================
                      00008 
                      00383         LIST
                      00034 
                      00035     errorlevel  -302              ; suppress message 302 from list file
                      00036 
                      00037     ;__CONFIG   _CP_OFF & _DATA_CP_OFF & _LVP_OFF & _BOREN_OFF & _MCLRE_ON & _WDT_OFF & _PWRTE_ON & _INT
                            OSC_OSC_NOCLKOUT 
2007   3F61           00038         __CONFIG    _XT_OSC & _LVP_OFF & _WDT_OFF & _PWRTE_ON & _BODEN_ON  
                      00039         ;__CONFIG    _INTOSC_OSC_NOCLKOUT & _LVP_OFF & _WDT_OFF & _PWRTE_ON & _BODEN_ON
                      00040 
                      00041 ; '__CONFIG' directive is used to embed configuration word within .asm file.
                      00042 ; The lables following the directive are located in the respective .inc file.
                      00043 ; See data sheet for additional information on configuration word settings.
MPASM  5.43                         BLINK.ASM   1-11-2014  9:42:30         PAGE  2


LOC  OBJECT CODE     LINE SOURCE TEXT
  VALUE

                      00044 
                      00045 ;***** VARIABLE DEFINITIONS (examples)
                      00046 
                      00047 ; example of using Shared Uninitialized Data Section
                      00048 INT_VAR        UDATA_SHR     
0000                  00049 w_temp         RES     1        ; variable used for context saving 
0001                  00050 status_temp    RES     1        ; variable used for context saving
0002                  00051 Delay1         RES     1        ;reserve 1 byte for the variable Delay1
0003                  00052 Delay2         RES     1        ;reserve 1 byte for the variable Delay2
                      00053 ;constant Delay1 = h'0008'       ;reserve 1 byte for the variable Delay1
                      00054 ;constant Delay2 = h'0009'       ;reserve 1 byte for the variable Delay2
                      00055 
                      00056 
                      00057 ;**********************************************************************
                      00058 RESET_VECTOR    CODE   0x0000     ; processor reset vector
0000   2???           00059         goto    START             ; go to beginning of program
                      00060     
                      00061 INT_VECTOR    CODE    0x0004      ; interrupt vector location
                      00062 
0004                  00063 INTERRUPT
                      00064 
                      00065         ;movwf   w_temp            ; save off current W register contents
                      00066         ;movf    STATUS,w          ; move status register into W register
                      00067         ;movwf   status_temp       ; save off contents of STATUS register
                      00068 
                      00069 
                      00070 ; isr code can go here or be located as a call subroutine elsewhere
                      00071 
                      00072 
                      00073        ; movf    status_temp,w     ; retrieve copy of STATUS register
                      00074         ;movwf   STATUS            ; restore pre-isr STATUS register contents
                      00075         ;swapf   w_temp,f
                      00076         ;swapf   w_temp,w          ; restore pre-isr W register contents
                      00077         ;retfie                    ; return from interrupt
                      00078 
                      00079 MAIN_PROG     CODE
                      00080 
0000                  00081 START
                      00082 ; remaining code goes here
                      00083 ;Start:
                      00084         ;bcf    STATUS, RP0
0000   0185           00085         CLRF PORTA
0001   0186           00086         CLRF PORTB
0002   1683           00087         BSF    STATUS,RP0 ; RAM bank 1
0003   0185           00088         CLRF TRISA
0004   0186           00089         CLRF TRISB
0005   1283           00090         BCF    STATUS,RP0 ; RAM bank 0
                      00091 
0006   30FF           00092         movlw d'255'
0007   00??           00093         movwf Delay1
0008   00??           00094         movwf Delay2
                      00095         
                      00096 ; 
MPASM  5.43                         BLINK.ASM   1-11-2014  9:42:30         PAGE  3


LOC  OBJECT CODE     LINE SOURCE TEXT
  VALUE

                      00097 ; ------------------------ 
                      00098 ; FUNCTION OF PORT A PINS 
                      00099 ; ------------------------ 
                      00100 ; 
0009   3007           00101         MOVLW    7 
000A   009F           00102         MOVWF    CMCON ; Comparators off, all pins digital I/O 
                      00103 
                      00104 
000B                  00105 MainLoop:
                      00106         ;movlw 1
                      00107         ;movwf Delay1
                      00108         ;movwf Delay2
                      00109 
000B   300F           00110         movlw b'1111'
000C   0085           00111         movwf PORTA
000D   0086           00112         movwf PORTB
                      00113         ;BSF     PORTA,0
                      00114 
000E   2???           00115         CALL Delay_1
000F   2???           00116         CALL Delay_1
                      00117         ;nop
                      00118         ;nop
                      00119         ;nop
                      00120 
0010   3007           00121         movlw b'0111'
0011   0085           00122         movwf PORTA
0012   0086           00123         movwf PORTB
                      00124         ;BCF     PORTA,0
                      00125 
                      00126         ;nop
                      00127         ;nop
                      00128         ;nop
                      00129 
0013   2???           00130         CALL Delay_1
0014   2???           00131         CALL Delay_1
                      00132 
0015   300B           00133         movlw b'1011'
0016   0085           00134         movwf PORTA
0017   0086           00135         movwf PORTB
                      00136         ;BCF     PORTA,0
                      00137 
                      00138         ;nop
                      00139         ;nop
                      00140         ;nop
                      00141 
0018   2???           00142         CALL Delay_1
0019   2???           00143         CALL Delay_1
                      00144 
001A   300D           00145         movlw b'1101'
001B   0085           00146         movwf PORTA
001C   0086           00147         movwf PORTB
                      00148         ;BCF     PORTA,0
                      00149 
MPASM  5.43                         BLINK.ASM   1-11-2014  9:42:30         PAGE  4


LOC  OBJECT CODE     LINE SOURCE TEXT
  VALUE

                      00150         ;nop
                      00151         ;nop
                      00152         ;nop
                      00153 
001D   2???           00154         CALL Delay_1
001E   2???           00155         CALL Delay_1
                      00156 
001F   300E           00157         movlw b'1110'
0020   0085           00158         movwf PORTA
0021   0086           00159         movwf PORTB
                      00160         ;BCF     PORTA,0
                      00161 
                      00162         ;nop
                      00163         ;nop
                      00164         ;nop
                      00165 
0022   2???           00166         CALL Delay_1
0023   2???           00167         CALL Delay_1
                      00168 
                      00169 
                      00170 
0024   2???           00171         GOTO MainLoop
                      00172 
0025                  00173 Delay_1:
0025   0B??           00174         DECFSZ Delay1,1 ;Decrement Delay1 by 1, skip next instruction if Delay1 is 0 
0026   2???           00175         GOTO Delay_1
0027   0B??           00176         DECFSZ Delay2,1
0028   2???           00177         GOTO Delay_1
                      00178         ;movlw 0
                      00179         ;movwf Delay1
                      00180         ;movwf Delay2
0029   0008           00181         return
                      00182     ;goto     $                ; loop forever
                      00183 
                      00184 ; initialize eeprom locations
                      00185 
                      00186 EE        CODE    0x2100
2100   0000 0001 0002 00187         DE    0x00, 0x01, 0x02, 0x03
       0003 
                      00188 
3F61                  00189         END                       ; directive 'end of program'
MPASM  5.43                         BLINK.ASM   1-11-2014  9:42:30         PAGE  5


SYMBOL TABLE
  LABEL                             VALUE 

ADDEN                             00000003
ADEN                              00000003
BRGH                              00000002
C                                 00000000
C1INV                             00000004
C1OUT                             00000006
C2INV                             00000005
C2OUT                             00000007
CCP1CON                           00000017
CCP1IE                            00000002
CCP1IF                            00000002
CCP1M0                            00000000
CCP1M1                            00000001
CCP1M2                            00000002
CCP1M3                            00000003
CCP1X                             00000005
CCP1Y                             00000004
CCPR1                             00000015
CCPR1H                            00000016
CCPR1L                            00000015
CIS                               00000003
CM0                               00000000
CM1                               00000001
CM2                               00000002
CMCON                             0000001F
CMIE                              00000006
CMIF                              00000006
CREN                              00000004
CSRC                              00000007
DATA_CP_OFF                       00003FFF
DATA_CP_ON                        00003EFF
DC                                00000001
Delay1                            00000002
Delay2                            00000003
Delay_1                           00000025
EEADR                             0000009B
EECON1                            0000009C
EECON2                            0000009D
EEDATA                            0000009A
EEIE                              00000007
EEIF                              00000007
F                                 00000001
FERR                              00000002
FSR                               00000004
GIE                               00000007
INDF                              00000000
INTCON                            0000000B
INTE                              00000004
INTEDG                            00000006
INTERRUPT                         00000004
INTF                              00000001
IRP                               00000007
MainLoop                          0000000B
MPASM  5.43                         BLINK.ASM   1-11-2014  9:42:30         PAGE  6


SYMBOL TABLE
  LABEL                             VALUE 

NOT_BO                            00000000
NOT_BOD                           00000000
NOT_BOR                           00000000
NOT_PD                            00000003
NOT_POR                           00000001
NOT_RBPU                          00000007
NOT_T1SYNC                        00000002
NOT_TO                            00000004
OERR                              00000001
OPTION_REG                        00000081
OSCF                              00000003
PCL                               00000002
PCLATH                            0000000A
PCON                              0000008E
PEIE                              00000006
PIE1                              0000008C
PIR1                              0000000C
PORTA                             00000005
PORTB                             00000006
PR2                               00000092
PS0                               00000000
PS1                               00000001
PS2                               00000002
PSA                               00000003
RA0                               00000000
RA1                               00000001
RA2                               00000002
RA3                               00000003
RA4                               00000004
RA5                               00000005
RA6                               00000006
RA7                               00000007
RB0                               00000000
RB1                               00000001
RB2                               00000002
RB3                               00000003
RB4                               00000004
RB5                               00000005
RB6                               00000006
RB7                               00000007
RBIE                              00000003
RBIF                              00000000
RCIE                              00000005
RCIF                              00000005
RCREG                             0000001A
RCSTA                             00000018
RD                                00000000
RP0                               00000005
RP1                               00000006
RX9                               00000006
RX9D                              00000000
SPBRG                             00000099
SPEN                              00000007
MPASM  5.43                         BLINK.ASM   1-11-2014  9:42:30         PAGE  7


SYMBOL TABLE
  LABEL                             VALUE 

SREN                              00000005
START                             00000000
STATUS                            00000003
SYNC                              00000004
T0CS                              00000005
T0IE                              00000005
T0IF                              00000002
T0SE                              00000004
T1CKPS0                           00000004
T1CKPS1                           00000005
T1CON                             00000010
T1OSCEN                           00000003
T2CKPS0                           00000000
T2CKPS1                           00000001
T2CON                             00000012
TMR0                              00000001
TMR0IE                            00000005
TMR0IF                            00000002
TMR1CS                            00000001
TMR1H                             0000000F
TMR1IE                            00000000
TMR1IF                            00000000
TMR1L                             0000000E
TMR1ON                            00000000
TMR2                              00000011
TMR2IE                            00000001
TMR2IF                            00000001
TMR2ON                            00000002
TOUTPS0                           00000003
TOUTPS1                           00000004
TOUTPS2                           00000005
TOUTPS3                           00000006
TRISA                             00000085
TRISA0                            00000000
TRISA1                            00000001
TRISA2                            00000002
TRISA3                            00000003
TRISA4                            00000004
TRISA5                            00000005
TRISA6                            00000006
TRISA7                            00000007
TRISB                             00000086
TRISB0                            00000000
TRISB1                            00000001
TRISB2                            00000002
TRISB3                            00000003
TRISB4                            00000004
TRISB5                            00000005
TRISB6                            00000006
TRISB7                            00000007
TRMT                              00000001
TX9                               00000006
TX9D                              00000000
MPASM  5.43                         BLINK.ASM   1-11-2014  9:42:30         PAGE  8


SYMBOL TABLE
  LABEL                             VALUE 

TXEN                              00000005
TXIE                              00000004
TXIF                              00000004
TXREG                             00000019
TXSTA                             00000098
VR0                               00000000
VR1                               00000001
VR2                               00000002
VR3                               00000003
VRCON                             0000009F
VREN                              00000007
VROE                              00000006
VRR                               00000005
W                                 00000000
WR                                00000001
WREN                              00000002
WRERR                             00000003
Z                                 00000002
_BODEN_OFF                        00003FBF
_BODEN_ON                         00003FFF
_BOREN_OFF                        00003FBF
_BOREN_ON                         00003FFF
_CONFIG                           00002007
_CPD_OFF                          00003FFF
_CPD_ON                           00003EFF
_CP_OFF                           00003FFF
_CP_ON                            00001FFF
_DEVID1                           00002006
_ER_OSC_CLKOUT                    00003FFF
_ER_OSC_NOCLKOUT                  00003FFE
_EXTCLK_OSC                       00003FEF
_FOSC_ECIO                        00003FEF
_FOSC_EXTRCCLK                    00003FFF
_FOSC_EXTRCIO                     00003FFE
_FOSC_HS                          00003FEE
_FOSC_INTOSCCLK                   00003FFD
_FOSC_INTOSCIO                    00003FFC
_FOSC_LP                          00003FEC
_FOSC_XT                          00003FED
_HS_OSC                           00003FEE
_IDLOC0                           00002000
_IDLOC1                           00002001
_IDLOC2                           00002002
_IDLOC3                           00002003
_INTOSC_OSC_CLKOUT                00003FFD
_INTOSC_OSC_NOCLKOUT              00003FFC
_INTRC_OSC_CLKOUT                 00003FFD
_INTRC_OSC_NOCLKOUT               00003FFC
_LP_OSC                           00003FEC
_LVP_OFF                          00003F7F
_LVP_ON                           00003FFF
_MCLRE_OFF                        00003FDF
_MCLRE_ON                         00003FFF
MPASM  5.43                         BLINK.ASM   1-11-2014  9:42:30         PAGE  9


SYMBOL TABLE
  LABEL                             VALUE 

_PWRTE_OFF                        00003FFF
_PWRTE_ON                         00003FF7
_RC_OSC_CLKOUT                    00003FFF
_RC_OSC_NOCLKOUT                  00003FFE
_WDTE_OFF                         00003FFB
_WDTE_ON                          00003FFF
_WDT_OFF                          00003FFB
_WDT_ON                           00003FFF
_XT_OSC                           00003FED
__16F628A                         00000001
__DEBUG                           1
status_temp                       00000001
w_temp                            00000000

Errors   :     0
Warnings :     0 reported,     0 suppressed
Messages :     0 reported,     2 suppressed

