Microchip MPLAB XC8 Compiler V1.30 ()

Linker command line:

--edf=C:\Program Files (x86)\Microchip\xc8\v1.30\dat\en_msgs.txt -cs \
  -h+sensor.sym --cmf=sensor.cmf -z -Q16F877A \
  -oC:\Users\Dinusha\AppData\Local\Temp\s30o.6 -Msensor.map -E1 -ver=XC8 \
  -ASTACK=0110h-016fh -pstack=STACK -ACONST=00h-0FFhx32 -ACODE=00h-07FFhx4 \
  -ASTRCODE=00h-01FFFh -AENTRY=00h-0FFhx32 -ASTRING=00h-0FFhx32 \
  -ACOMMON=070h-07Fh -ABANK0=020h-06Fh -ABANK1=0A0h-0EFh \
  -ABANK2=0110h-016Fh -ABANK3=0190h-01EFh \
  -ARAM=020h-06Fh,0A0h-0EFh,0110h-016Fh,0190h-01EFh \
  -AABS1=020h-07Fh,0A0h-0EFh,0110h-016Fh,0190h-01EFh -ASFR0=00h-01Fh \
  -ASFR1=080h-09Fh -ASFR2=0100h-010Fh -ASFR3=0180h-018Fh \
  -preset_vec=00h,intentry=04h,init,end_init -ppowerup=CODE -pcinit=CODE \
  -pfunctab=CODE -ACONFIG=02007h-02007h -pconfig=CONFIG -DCONFIG=2 \
  -AIDLOC=02000h-02003h -pidloc=IDLOC -DIDLOC=2 -AEEDATA=00h-0FFh/02100h \
  -peeprom_data=EEDATA -DEEDATA=2 -DCODE=2 -DSTRCODE=2 -DSTRING=2 -DCONST=2 \
  -DENTRY=2 -k startup.obj sensor.obj 

Object code version is 3.11

Machine type is 16F877A



                Name                               Link     Load   Length Selector   Space Scale
startup.obj     end_init                             12       12        3        8       0
                reset_vec                             0        0        3        0       0
                config                             2007     2007        1     400E       0
sensor.obj      cinit                                15       15        5        8       0
                intentry                              4        4        E        8       0
                text14                              30E      30E        8      468       0
                text13                              2C1      2C1       18      468       0
                text12                              306      306        8      468       0
                text11                              2FB      2FB        B      468       0
                text10                              282      282       23      468       0
                text9                               2D9      2D9       17      468       0
                text8                               18F      18F       37        8       0
                text7                               2F0      2F0        B      468       0
                text6                               2A5      2A5       1C      468       0
                text5                               25E      25E       24      468       0
                text4                               14F      14F       40        8       0
                text3                               1C6      1C6       36        8       0
                text2                                D1       D1       7E        8       0
                text1                               234      234       2A      468       0
                maintext                             1A       1A       B7        8       0
                cstackBANK0                          20       20       24       20       1
                cstackCOMMON                         70       70        8       70       1
                bitbssCOMMON                        3C0       78        2       70       1     8
                strings                             200      200       34      400       0

TOTAL           Name                               Link     Load   Length     Space
        CLASS   STACK          

        CLASS   CONST          

        CLASS   CODE           
                end_init                             12       12        3         0
                cinit                                15       15        5         0
                intentry                              4        4        E         0
                reset_vec                             0        0        3         0
                text14                              30E      30E        8         0
                text13                              2C1      2C1       18         0
                text12                              306      306        8         0
                text11                              2FB      2FB        B         0
                text10                              282      282       23         0
                text9                               2D9      2D9       17         0
                text8                               18F      18F       37         0
                text7                               2F0      2F0        B         0
                text6                               2A5      2A5       1C         0
                text5                               25E      25E       24         0
                text4                               14F      14F       40         0
                text3                               1C6      1C6       36         0
                text2                                D1       D1       7E         0
                text1                               234      234       2A         0
                maintext                             1A       1A       B7         0

        CLASS   STRCODE        

        CLASS   ENTRY          

        CLASS   STRING         
                strings                             200      200       34         0

        CLASS   COMMON         
                cstackCOMMON                         70       70        8         1
                bitbssCOMMON                        3C0       78        2         1

        CLASS   BANK0          
                cstackBANK0                          20       20       24         1

        CLASS   BANK1          

        CLASS   BANK2          

        CLASS   BANK3          

        CLASS   RAM            

        CLASS   ABS1           
                abs_s1                               7E       7E        2         1

        CLASS   SFR0           

        CLASS   SFR1           

        CLASS   SFR2           

        CLASS   SFR3           

        CLASS   CONFIG         
                config                             2007     2007        1         0

        CLASS   IDLOC          

        CLASS   EEDATA         



SEGMENTS        Name                           Load    Length   Top    Selector   Space  Class     Delta

                reset_vec                      000000  000003  000003         0       0  CODE        2
                intentry                       000004  0001F8  0001FC         8       0  CODE        2
                cstackBANK0                    000020  000024  000044        20       1  BANK0       1
                cstackCOMMON                   000070  000009  000079        70       1  COMMON      1
                strings                        000200  000034  000234       400       0  STRING      2
                text1                          000234  0000E2  000316       468       0  CODE        2
                config                         002007  000001  002008      400E       0  CONFIG      2


UNUSED ADDRESS RANGES

        Name                Unused          Largest block    Delta
        BANK0            0044-006F             2C           1
        BANK1            00A0-00EF             50           1
        BANK2            0110-016F             60           1
        BANK3            0190-01EF             60           1
        CODE             0003-0003              1           2
                         01FC-01FF              4
                         0316-1FFF            800
        COMMON           0079-007D              5           1
        CONST            0003-0003              1           2
                         01FC-01FF              4
                         0316-1FFF            100
        EEDATA           2100-21FF            100           2
        ENTRY            0003-0003              1           2
                         01FC-01FF              4
                         0316-1FFF            100
        IDLOC            2000-2003              4           2
        RAM              0044-006F             2C           1
                         00A0-00EF             50
                         0110-016F             60
                         0190-01EF             60
        SFR0             0000-001F             20           1
        SFR1             0080-009F             20           1
        SFR2             0100-010F             10           1
        SFR3             0180-018F             10           1
        STACK            0110-016F             60           1
        STRCODE          0003-0003              1           2
                         01FC-01FF              4
                         0316-1FFF           1CEA
        STRING           0003-0003              1           2
                         01FC-01FF              4
                         0316-1FFF            100

                                  Symbol Table

?___lwdiv                    cstackBANK0  0020
?___lwmod                    cstackBANK0  0020
TX_poll@val                  cstackCOMMON 0075
TX_print@str                 cstackCOMMON 0076
TX_printline@str             cstackBANK0  0020
_ADCON1                      (abs)        009F
_OPTION_REGbits              (abs)        0081
_PIR1bits                    (abs)        000C
_PORTA                       (abs)        0005
_RA0                         (abs)        0028
_RCREG                       (abs)        001A
_TMR0                        (abs)        0001
_TMR0IE                      (abs)        005D
_TMR0IF                      (abs)        005A
_TRISA                       (abs)        0085
_TXREG                       (abs)        0019
_TX_newline                  text11       02FB
_TX_poll                     text12       0306
_TX_print                    text10       0282
_TX_printline                text9        02D9
__CFG_BOREN$ON               (abs)        0000
__CFG_CP$OFF                 (abs)        0000
__CFG_CPD$OFF                (abs)        0000
__CFG_FOSC$HS                (abs)        0000
__CFG_LVP$OFF                (abs)        0000
__CFG_PWRTE$ON               (abs)        0000
__CFG_WDTE$OFF               (abs)        0000
__Habs1                      abs1         0000
__Hbank0                     bank0        0000
__Hbank1                     bank1        0000
__Hbank2                     bank2        0000
__Hbank3                     bank3        0000
__HbitbssCOMMON              bitbssCOMMON 0000
__Hcinit                     cinit        001A
__Hclrtext                   clrtext      0000
__Hcode                      code         0000
__Hcommon                    common       0000
__Hconfig                    config       2008
__HcstackBANK0               cstackBANK0  0000
__HcstackCOMMON              cstackCOMMON 0000
__Heeprom_data               eeprom_data  0000
__Hend_init                  end_init     0015
__Hfunctab                   functab      0000
__Hidloc                     idloc        0000
__Hinit                      init         0012
__Hintentry                  intentry     0012
__Hmaintext                  maintext     0000
__Hpowerup                   powerup      0000
__Hram                       ram          0000
__Hreset_vec                 reset_vec    0003
__Hsfr0                      sfr0         0000
__Hsfr1                      sfr1         0000
__Hsfr2                      sfr2         0000
__Hsfr3                      sfr3         0000
__Hstack                     stack        0000
__Hstrings                   strings      0000
__Htext                      text         0000
__Labs1                      abs1         0000
__Lbank0                     bank0        0000
__Lbank1                     bank1        0000
__Lbank2                     bank2        0000
__Lbank3                     bank3        0000
__LbitbssCOMMON              bitbssCOMMON 0000
__Lcinit                     cinit        0015
__Lclrtext                   clrtext      0000
__Lcode                      code         0000
__Lcommon                    common       0000
__Lconfig                    config       2007
__LcstackBANK0               cstackBANK0  0000
__LcstackCOMMON              cstackCOMMON 0000
__Leeprom_data               eeprom_data  0000
__Lend_init                  end_init     0012
__Lfunctab                   functab      0000
__Lidloc                     idloc        0000
__Linit                      init         0012
__Lintentry                  intentry     0004
__Lmaintext                  maintext     0000
__Lpowerup                   powerup      0000
__Lram                       ram          0000
__Lreset_vec                 reset_vec    0000
__Lsfr0                      sfr0         0000
__Lsfr1                      sfr1         0000
__Lsfr2                      sfr2         0000
__Lsfr3                      sfr3         0000
__Lstack                     stack        0000
__Lstrings                   strings      0000
__Ltext                      text         0000
__S0                         (abs)        2008
__S1                         (abs)        0079
__S2                         (abs)        0000
__S3                         (abs)        0000
___int_sp                    stack        0000
___latbits                   (abs)        0002
___lwdiv                     text4        014F
___lwdiv@counter             cstackBANK0  0024
___lwdiv@dividend            cstackBANK0  0022
___lwdiv@divisor             cstackBANK0  0020
___lwdiv@quotient            cstackBANK0  0025
___lwmod                     text3        01C6
___lwmod@counter             cstackCOMMON 0076
___lwmod@dividend            cstackBANK0  0022
___lwmod@divisor             cstackBANK0  0020
___sp                        stack        0000
__end_of_TX_newline          text11       0306
__end_of_TX_poll             text12       030E
__end_of_TX_print            text10       02A5
__end_of_TX_printline        text9        02F0
__end_of___lwdiv             text4        018F
__end_of___lwmod             text3        01FC
__end_of__initialization     cinit        0016
__end_of__stringdata         strings      0234
__end_of__stringtab          strings      0210
__end_of_dht11_read_byte     text8        01C6
__end_of_dht11_response      text7        02FB
__end_of_dht11_start_signal  text6        02C1
__end_of_init                text5        0282
__end_of_itoa                text1        025E
__end_of_main                maintext     00D1
__end_of_tc_int              text13       02D9
__end_of_utoa                text2        014F
__end_ofi1_TX_poll           text14       0316
__initialization             cinit        0015
__pbitbssCOMMON              bitbssCOMMON 03C0
__pcstackBANK0               cstackBANK0  0020
__pcstackCOMMON              cstackCOMMON 0070
__pintentry                  intentry     0004
__pmaintext                  maintext     001A
__pstrings                   strings      0200
__ptext1                     text1        0234
__ptext10                    text10       0282
__ptext11                    text11       02FB
__ptext12                    text12       0306
__ptext13                    text13       02C1
__ptext14                    text14       030E
__ptext2                     text2        00D1
__ptext3                     text3        01C6
__ptext4                     text4        014F
__ptext5                     text5        025E
__ptext6                     text6        02A5
__ptext7                     text7        02F0
__ptext8                     text8        018F
__ptext9                     text9        02D9
__size_of_TX_newline         (abs)        0000
__size_of_TX_poll            (abs)        0000
__size_of_TX_print           (abs)        0000
__size_of_TX_printline       (abs)        0000
__size_of___lwdiv            (abs)        0000
__size_of___lwmod            (abs)        0000
__size_of_dht11_read_byte    (abs)        0000
__size_of_dht11_response     (abs)        0000
__size_of_dht11_start_signal (abs)        0000
__size_of_init               (abs)        0000
__size_of_itoa               (abs)        0000
__size_of_main               (abs)        0000
__size_of_tc_int             (abs)        0000
__size_of_utoa               (abs)        0000
__size_ofi1_TX_poll          (abs)        0000
__stringbase                 strings      020F
__stringdata                 strings      0210
__stringtab                  strings      0200
_data_read                   bitbssCOMMON 03C0
_dht11_read_byte             text8        018F
_dht11_response              text7        02F0
_dht11_start_signal          text6        02A5
_init                        text5        025E
_itoa                        text1        0234
_main                        maintext     001A
_tc_int                      text13       02C1
_tmp                         bitbssCOMMON 03C1
_utoa                        text2        00D1
btemp                        (abs)        007E
dht11_read_byte@data         cstackBANK0  0020
dht11_read_byte@i            cstackBANK0  0021
end_of_initialization        cinit        0016
i1TX_poll@val                cstackCOMMON 0070
i1_TX_poll                   text14       030E
interrupt_function           intentry     0004
intlevel0                    functab      0000
intlevel1                    functab      0000
intlevel2                    functab      0000
intlevel3                    functab      0000
intlevel4                    functab      0000
intlevel5                    functab      0000
itoa@base                    cstackBANK0  0031
itoa@buf                     cstackBANK0  0035
itoa@cp                      cstackBANK0  0034
itoa@val                     cstackBANK0  002F
ltemp                        (abs)        007E
ltemp0                       (abs)        007E
ltemp1                       (abs)        0082
ltemp2                       (abs)        0086
ltemp3                       (abs)        0080
main@buff                    cstackBANK0  003C
main@checksum                cstackBANK0  003B
main@rh_d_byte               cstackBANK0  0039
main@rh_i_byte               cstackBANK0  0042
main@rh_str                  cstackBANK0  0040
main@tp_d_byte               cstackBANK0  003A
main@tp_i_byte               cstackBANK0  0043
main@tp_str                  cstackBANK0  0041
reset_vec                    reset_vec    0000
saved_w                      (abs)        007E
stackhi                      (abs)        0000
stacklo                      (abs)        0000
start                        init         0012
start_initialization         cinit        0015
ttemp                        (abs)        007E
ttemp0                       (abs)        007E
ttemp1                       (abs)        0081
ttemp2                       (abs)        0084
ttemp3                       (abs)        0087
ttemp4                       (abs)        007F
utoa@base                    cstackBANK0  0029
utoa@buf                     cstackBANK0  002E
utoa@c                       cstackBANK0  002D
utoa@v                       cstackBANK0  002B
utoa@val                     cstackBANK0  0027
wtemp                        (abs)        007E
wtemp0                       (abs)        007E
wtemp1                       (abs)        0080
wtemp2                       (abs)        0082
wtemp3                       (abs)        0084
wtemp4                       (abs)        0086
wtemp5                       (abs)        0088
wtemp6                       (abs)        007F


FUNCTION INFORMATION:

 *************** function _main *****************
 Defined at:
		line 218 in file "C:\Users\Dinusha\Documents\PICProjects\PIC877AProjects\CProjects\DHT1100\main.c"
 Parameters:    Size  Location     Type
		None
 Auto vars:     Size  Location     Type
  buff            4   28[BANK0 ] unsigned char [4]
  tp_i_byte       1   35[BANK0 ] unsigned char 
  rh_i_byte       1   34[BANK0 ] unsigned char 
  tp_str          1   33[BANK0 ] PTR unsigned char 
		 -> STR_2(15), 
  rh_str          1   32[BANK0 ] PTR unsigned char 
		 -> STR_1(21), 
  checksum        1   27[BANK0 ] unsigned char 
  tp_d_byte       1   26[BANK0 ] unsigned char 
  rh_d_byte       1   25[BANK0 ] unsigned char 
  ch              1    0        unsigned char 
 Return value:  Size  Location     Type
                  2   94[COMMON] int 
 Registers used:
		wreg, fsr0l, fsr0h, fsr1l, fsr1h, fsr1l, fsr1h, status,2, status,0, btemp+1, pclath, cstack
 Tracked objects:
		On entry : 
		On exit  : 
		Unchanged: 
 Data sizes:     COMMON   BANK0   BANK1   BANK3   BANK2
      Params:         0       0       0       0       0
      Locals:         0      11       0       0       0
      Temps:          0       3       0       0       0
      Totals:         0      14       0       0       0
Total ram usage:       14 bytes
 Hardware stack levels required when called:    5
 This function calls:
		_TX_newline
		_TX_print
		_TX_printline
		_dht11_read_byte
		_dht11_response
		_dht11_start_signal
		_init
		_itoa
 This function is called by:
		Startup code after reset
 This function uses a non-reentrant model


 *************** function _itoa *****************
 Defined at:
		line 4 in file "C:\Program Files (x86)\Microchip\xc8\v1.30\sources\common\itoa.c"
 Parameters:    Size  Location     Type
  buf             1    wreg     PTR unsigned char 
		 -> main@buff(4), 
  val             2   15[BANK0 ] int 
  base            2   17[BANK0 ] int 
 Auto vars:     Size  Location     Type
  buf             1   21[BANK0 ] PTR unsigned char 
		 -> main@buff(4), 
  cp              1   20[BANK0 ] PTR unsigned char 
		 -> main@buff(4), 
 Return value:  Size  Location     Type
                  1    wreg      PTR unsigned char 
 Registers used:
		wreg, fsr0l, fsr0h, status,2, status,0, pclath, cstack
 Tracked objects:
		On entry : 
		On exit  : 
		Unchanged: 
 Data sizes:     COMMON   BANK0   BANK1   BANK3   BANK2
      Params:         0       4       0       0       0
      Locals:         0       2       0       0       0
      Temps:          0       1       0       0       0
      Totals:         0       7       0       0       0
Total ram usage:        7 bytes
 Hardware stack levels used:    1
 Hardware stack levels required when called:    4
 This function calls:
		_utoa
 This function is called by:
		_main
 This function uses a non-reentrant model


 *************** function _utoa *****************
 Defined at:
		line 17 in file "C:\Program Files (x86)\Microchip\xc8\v1.30\sources\common\itoa.c"
 Parameters:    Size  Location     Type
  buf             1    wreg     PTR unsigned char 
		 -> main@buff(4), 
  val             2    7[BANK0 ] unsigned int 
  base            2    9[BANK0 ] int 
 Auto vars:     Size  Location     Type
  buf             1   14[BANK0 ] PTR unsigned char 
		 -> main@buff(4), 
  v               2   11[BANK0 ] unsigned int 
  c               1   13[BANK0 ] unsigned char 
 Return value:  Size  Location     Type
                  1    wreg      PTR unsigned char 
 Registers used:
		wreg, fsr0l, fsr0h, status,2, status,0, pclath, cstack
 Tracked objects:
		On entry : 
		On exit  : 
		Unchanged: 
 Data sizes:     COMMON   BANK0   BANK1   BANK3   BANK2
      Params:         0       4       0       0       0
      Locals:         0       4       0       0       0
      Temps:          1       0       0       0       0
      Totals:         1       8       0       0       0
Total ram usage:        9 bytes
 Hardware stack levels used:    1
 Hardware stack levels required when called:    3
 This function calls:
		___lwdiv
		___lwmod
 This function is called by:
		_itoa
 This function uses a non-reentrant model


 *************** function ___lwmod *****************
 Defined at:
		line 6 in file "C:\Program Files (x86)\Microchip\xc8\v1.30\sources\common\lwmod.c"
 Parameters:    Size  Location     Type
  divisor         2    0[BANK0 ] unsigned int 
  dividend        2    2[BANK0 ] unsigned int 
 Auto vars:     Size  Location     Type
  counter         1    6[COMMON] unsigned char 
 Return value:  Size  Location     Type
                  2    0[BANK0 ] unsigned int 
 Registers used:
		wreg, status,2, status,0
 Tracked objects:
		On entry : 
		On exit  : 
		Unchanged: 
 Data sizes:     COMMON   BANK0   BANK1   BANK3   BANK2
      Params:         0       4       0       0       0
      Locals:         1       0       0       0       0
      Temps:          1       0       0       0       0
      Totals:         2       4       0       0       0
Total ram usage:        6 bytes
 Hardware stack levels used:    1
 Hardware stack levels required when called:    2
 This function calls:
		Nothing
 This function is called by:
		_utoa
 This function uses a non-reentrant model


 *************** function ___lwdiv *****************
 Defined at:
		line 6 in file "C:\Program Files (x86)\Microchip\xc8\v1.30\sources\common\lwdiv.c"
 Parameters:    Size  Location     Type
  divisor         2    0[BANK0 ] unsigned int 
  dividend        2    2[BANK0 ] unsigned int 
 Auto vars:     Size  Location     Type
  quotient        2    5[BANK0 ] unsigned int 
  counter         1    4[BANK0 ] unsigned char 
 Return value:  Size  Location     Type
                  2    0[BANK0 ] unsigned int 
 Registers used:
		wreg, status,2, status,0
 Tracked objects:
		On entry : 
		On exit  : 
		Unchanged: 
 Data sizes:     COMMON   BANK0   BANK1   BANK3   BANK2
      Params:         0       4       0       0       0
      Locals:         0       3       0       0       0
      Temps:          1       0       0       0       0
      Totals:         1       7       0       0       0
Total ram usage:        8 bytes
 Hardware stack levels used:    1
 Hardware stack levels required when called:    2
 This function calls:
		Nothing
 This function is called by:
		_utoa
 This function uses a non-reentrant model


 *************** function _init *****************
 Defined at:
		line 14 in file "C:\Users\Dinusha\Documents\PICProjects\PIC877AProjects\CProjects\DHT1100\main.c"
 Parameters:    Size  Location     Type
		None
 Auto vars:     Size  Location     Type
		None
 Return value:  Size  Location     Type
		None               void
 Registers used:
		wreg, status,2
 Tracked objects:
		On entry : 
		On exit  : 
		Unchanged: 
 Data sizes:     COMMON   BANK0   BANK1   BANK3   BANK2
      Params:         0       0       0       0       0
      Locals:         0       0       0       0       0
      Temps:          0       0       0       0       0
      Totals:         0       0       0       0       0
Total ram usage:        0 bytes
 Hardware stack levels used:    1
 Hardware stack levels required when called:    2
 This function calls:
		Nothing
 This function is called by:
		_main
 This function uses a non-reentrant model


 *************** function _dht11_start_signal *****************
 Defined at:
		line 130 in file "C:\Users\Dinusha\Documents\PICProjects\PIC877AProjects\CProjects\DHT1100\main.c"
 Parameters:    Size  Location     Type
		None
 Auto vars:     Size  Location     Type
		None
 Return value:  Size  Location     Type
		None               void
 Registers used:
		wreg, status,2
 Tracked objects:
		On entry : 
		On exit  : 
		Unchanged: 
 Data sizes:     COMMON   BANK0   BANK1   BANK3   BANK2
      Params:         0       0       0       0       0
      Locals:         0       0       0       0       0
      Temps:          2       0       0       0       0
      Totals:         2       0       0       0       0
Total ram usage:        2 bytes
 Hardware stack levels used:    1
 Hardware stack levels required when called:    2
 This function calls:
		Nothing
 This function is called by:
		_main
 This function uses a non-reentrant model


 *************** function _dht11_response *****************
 Defined at:
		line 145 in file "C:\Users\Dinusha\Documents\PICProjects\PIC877AProjects\CProjects\DHT1100\main.c"
 Parameters:    Size  Location     Type
		None
 Auto vars:     Size  Location     Type
		None
 Return value:  Size  Location     Type
                  1    wreg      unsigned char 
 Registers used:
		wreg
 Tracked objects:
		On entry : 
		On exit  : 
		Unchanged: 
 Data sizes:     COMMON   BANK0   BANK1   BANK3   BANK2
      Params:         0       0       0       0       0
      Locals:         0       0       0       0       0
      Temps:          1       0       0       0       0
      Totals:         1       0       0       0       0
Total ram usage:        1 bytes
 Hardware stack levels used:    1
 Hardware stack levels required when called:    2
 This function calls:
		Nothing
 This function is called by:
		_main
 This function uses a non-reentrant model


 *************** function _dht11_read_byte *****************
 Defined at:
		line 200 in file "C:\Users\Dinusha\Documents\PICProjects\PIC877AProjects\CProjects\DHT1100\main.c"
 Parameters:    Size  Location     Type
		None
 Auto vars:     Size  Location     Type
  i               2    1[BANK0 ] int 
  data            1    0[BANK0 ] unsigned char 
 Return value:  Size  Location     Type
                  1    wreg      unsigned char 
 Registers used:
		wreg, status,2, status,0
 Tracked objects:
		On entry : 
		On exit  : 
		Unchanged: 
 Data sizes:     COMMON   BANK0   BANK1   BANK3   BANK2
      Params:         0       0       0       0       0
      Locals:         0       3       0       0       0
      Temps:          2       0       0       0       0
      Totals:         2       3       0       0       0
Total ram usage:        5 bytes
 Hardware stack levels used:    1
 Hardware stack levels required when called:    2
 This function calls:
		Nothing
 This function is called by:
		_main
 This function uses a non-reentrant model


 *************** function _TX_printline *****************
 Defined at:
		line 86 in file "C:\Users\Dinusha\Documents\PICProjects\PIC877AProjects\CProjects\DHT1100\main.c"
 Parameters:    Size  Location     Type
  str             1    wreg     PTR unsigned char 
		 -> main@buff(4), 
 Auto vars:     Size  Location     Type
  str             1    0[BANK0 ] PTR unsigned char 
		 -> main@buff(4), 
 Return value:  Size  Location     Type
		None               void
 Registers used:
		wreg, fsr0l, fsr0h, status,2, status,0, btemp+1, pclath, cstack
 Tracked objects:
		On entry : 
		On exit  : 
		Unchanged: 
 Data sizes:     COMMON   BANK0   BANK1   BANK3   BANK2
      Params:         0       0       0       0       0
      Locals:         0       1       0       0       0
      Temps:          0       0       0       0       0
      Totals:         0       1       0       0       0
Total ram usage:        1 bytes
 Hardware stack levels used:    1
 Hardware stack levels required when called:    4
 This function calls:
		_TX_poll
		_TX_print
 This function is called by:
		_main
 This function uses a non-reentrant model


 *************** function _TX_print *****************
 Defined at:
		line 78 in file "C:\Users\Dinusha\Documents\PICProjects\PIC877AProjects\CProjects\DHT1100\main.c"
 Parameters:    Size  Location     Type
  str             2    6[COMMON] PTR unsigned char 
		 -> main@buff(4), STR_2(15), STR_1(21), 
 Auto vars:     Size  Location     Type
		None
 Return value:  Size  Location     Type
		None               void
 Registers used:
		wreg, fsr0l, fsr0h, status,2, status,0, btemp+1, pclath, cstack
 Tracked objects:
		On entry : 
		On exit  : 
		Unchanged: 
 Data sizes:     COMMON   BANK0   BANK1   BANK3   BANK2
      Params:         2       0       0       0       0
      Locals:         0       0       0       0       0
      Temps:          0       0       0       0       0
      Totals:         2       0       0       0       0
Total ram usage:        2 bytes
 Hardware stack levels used:    1
 Hardware stack levels required when called:    3
 This function calls:
		_TX_poll
 This function is called by:
		_TX_printline
		_main
 This function uses a non-reentrant model


 *************** function _TX_newline *****************
 Defined at:
		line 96 in file "C:\Users\Dinusha\Documents\PICProjects\PIC877AProjects\CProjects\DHT1100\main.c"
 Parameters:    Size  Location     Type
		None
 Auto vars:     Size  Location     Type
		None
 Return value:  Size  Location     Type
		None               void
 Registers used:
		wreg, status,2, status,0, pclath, cstack
 Tracked objects:
		On entry : 
		On exit  : 
		Unchanged: 
 Data sizes:     COMMON   BANK0   BANK1   BANK3   BANK2
      Params:         0       0       0       0       0
      Locals:         0       0       0       0       0
      Temps:          0       0       0       0       0
      Totals:         0       0       0       0       0
Total ram usage:        0 bytes
 Hardware stack levels used:    1
 Hardware stack levels required when called:    3
 This function calls:
		_TX_poll
 This function is called by:
		_main
 This function uses a non-reentrant model


 *************** function _TX_poll *****************
 Defined at:
		line 60 in file "C:\Users\Dinusha\Documents\PICProjects\PIC877AProjects\CProjects\DHT1100\main.c"
 Parameters:    Size  Location     Type
  val             1    wreg     unsigned char 
 Auto vars:     Size  Location     Type
  val             1    5[COMMON] unsigned char 
 Return value:  Size  Location     Type
		None               void
 Registers used:
		wreg
 Tracked objects:
		On entry : 
		On exit  : 
		Unchanged: 
 Data sizes:     COMMON   BANK0   BANK1   BANK3   BANK2
      Params:         0       0       0       0       0
      Locals:         1       0       0       0       0
      Temps:          0       0       0       0       0
      Totals:         1       0       0       0       0
Total ram usage:        1 bytes
 Hardware stack levels used:    1
 Hardware stack levels required when called:    2
 This function calls:
		Nothing
 This function is called by:
		_TX_print
		_TX_printline
		_TX_newline
		_RX_readline
 This function uses a non-reentrant model


 *************** function _tc_int *****************
 Defined at:
		line 119 in file "C:\Users\Dinusha\Documents\PICProjects\PIC877AProjects\CProjects\DHT1100\main.c"
 Parameters:    Size  Location     Type
		None
 Auto vars:     Size  Location     Type
		None
 Return value:  Size  Location     Type
		None               void
 Registers used:
		wreg, status,2, status,0, pclath, cstack
 Tracked objects:
		On entry : 
		On exit  : 
		Unchanged: 
 Data sizes:     COMMON   BANK0   BANK1   BANK3   BANK2
      Params:         0       0       0       0       0
      Locals:         0       0       0       0       0
      Temps:          4       0       0       0       0
      Totals:         4       0       0       0       0
Total ram usage:        4 bytes
 Hardware stack levels used:    1
 Hardware stack levels required when called:    1
 This function calls:
		i1_TX_poll
 This function is called by:
		Interrupt level 1
 This function uses a non-reentrant model


 *************** function i1_TX_poll *****************
 Defined at:
		line 60 in file "C:\Users\Dinusha\Documents\PICProjects\PIC877AProjects\CProjects\DHT1100\main.c"
 Parameters:    Size  Location     Type
  val             1    wreg     unsigned char 
 Auto vars:     Size  Location     Type
  val             1    0[COMMON] unsigned char 
 Return value:  Size  Location     Type
		None               void
 Registers used:
		wreg
 Tracked objects:
		On entry : 
		On exit  : 
		Unchanged: 
 Data sizes:     COMMON   BANK0   BANK1   BANK3   BANK2
      Params:         0       0       0       0       0
      Locals:         1       0       0       0       0
      Temps:          0       0       0       0       0
      Totals:         1       0       0       0       0
Total ram usage:        1 bytes
 Hardware stack levels used:    1
 This function calls:
		Nothing
 This function is called by:
		_tc_int
 This function uses a non-reentrant model



MODULE INFORMATION

Module		Function		Class		Link	Load	Size
C:\Program Files (x86)\Microchip\xc8\v1.30\sources\common\lwdiv.c
		___lwdiv       		CODE           	014F	0000	64

C:\Program Files (x86)\Microchip\xc8\v1.30\sources\common\lwdiv.c estimated size: 64

C:\Users\Dinusha\Documents\PICProjects\PIC877AProjects\CProjects\DHT1100\main.c
		_TX_newline    		CODE           	02FB	0000	11
		_init          		CODE           	025E	0000	36
		_TX_printline  		CODE           	02D9	0000	23
		_TX_poll       		CODE           	0306	0000	8
		_main          		CODE           	001A	0000	183
		_dht11_start_si		CODE           	02A5	0000	28
		_tc_int        		CODE           	02C1	0000	24
		_dht11_response		CODE           	02F0	0000	11
		_dht11_read_byt		CODE           	018F	0000	55
		_TX_print      		CODE           	0282	0000	35

C:\Users\Dinusha\Documents\PICProjects\PIC877AProjects\CProjects\DHT1100\main.c estimated size: 414

shared
		i1_TX_poll     		CODE           	030E	0000	8
		__stringtab    		STRING         	0200	0000	16
		__stringdata   		STRING         	0210	0000	36
		__initializatio		CODE           	0015	0000	1

shared estimated size: 61

C:\Program Files (x86)\Microchip\xc8\v1.30\sources\common\itoa.c
		_itoa          		CODE           	0234	0000	42
		_utoa          		CODE           	00D1	0000	126

C:\Program Files (x86)\Microchip\xc8\v1.30\sources\common\itoa.c estimated size: 168

C:\Program Files (x86)\Microchip\xc8\v1.30\sources\common\lwmod.c
		___lwmod       		CODE           	01C6	0000	54

C:\Program Files (x86)\Microchip\xc8\v1.30\sources\common\lwmod.c estimated size: 54

