MPLINK 4.41, Linker
Linker Map File - Created Thu Jan 09 00:06:49 2014

                                 Section Info
                  Section       Type    Address   Location Size(Bytes)
                ---------  ---------  ---------  ---------  ---------
             RESET_VECTOR       code   0x000000    program   0x000002
                   .cinit    romdata   0x000001    program   0x000004
               INT_VECTOR       code   0x000004    program   0x000010
                MAIN_PROG       code   0x00000c    program   0x000074
      .config_2007_MAIN.O       code   0x002007    program   0x000002
                       EE       code   0x002100    program   0x000008
                  INT_VAR      udata   0x000070       data   0x000002
                   .udata      udata   0x000120       data   0x000005



                              Program Memory Usage 
                               Start         End      
                           ---------   ---------      
                            0x000000    0x000002      
                            0x000004    0x000045      
                            0x002007    0x002007      
                            0x002100    0x002103      
            74 out of 2182 program addresses used, program memory utilization is 3%



                              Symbols - Sorted by Name
                     Name    Address   Location    Storage File                     
                ---------  ---------  ---------  --------- ---------                
                   Delay1   0x000039    program     static C:\Users\Dinusha\Documents\PICProjects\PWM2\MAIN.ASM
                 Delay255   0x000033    program     static C:\Users\Dinusha\Documents\PICProjects\PWM2\MAIN.ASM
                  Delay30   0x000035    program     static C:\Users\Dinusha\Documents\PICProjects\PWM2\MAIN.ASM
                   Delay5   0x000037    program     static C:\Users\Dinusha\Documents\PICProjects\PWM2\MAIN.ASM
                  Delay_0   0x00003f    program     static C:\Users\Dinusha\Documents\PICProjects\PWM2\MAIN.ASM
                INTERRUPT   0x000004    program     static C:\Users\Dinusha\Documents\PICProjects\PWM2\MAIN.ASM
                MAIN_LOOP   0x000019    program     static C:\Users\Dinusha\Documents\PICProjects\PWM2\MAIN.ASM
                    START   0x00000c    program     static C:\Users\Dinusha\Documents\PICProjects\PWM2\MAIN.ASM
          _MAIN_PROG_0034   0x000040    program     static C:\Users\Dinusha\Documents\PICProjects\PWM2\MAIN.ASM
         change_increment   0x000030    program     static C:\Users\Dinusha\Documents\PICProjects\PWM2\MAIN.ASM
                       d0   0x00003a    program     static C:\Users\Dinusha\Documents\PICProjects\PWM2\MAIN.ASM
                       d1   0x00003b    program     static C:\Users\Dinusha\Documents\PICProjects\PWM2\MAIN.ASM
                   count1   0x000120       data     static C:\Users\Dinusha\Documents\PICProjects\PWM2\MAIN.ASM
                   counta   0x000121       data     static C:\Users\Dinusha\Documents\PICProjects\PWM2\MAIN.ASM
                   countb   0x000122       data     static C:\Users\Dinusha\Documents\PICProjects\PWM2\MAIN.ASM
               duty_level   0x000123       data     static C:\Users\Dinusha\Documents\PICProjects\PWM2\MAIN.ASM
               inc_amount   0x000124       data     static C:\Users\Dinusha\Documents\PICProjects\PWM2\MAIN.ASM
              status_temp   0x000071       data     static C:\Users\Dinusha\Documents\PICProjects\PWM2\MAIN.ASM
                   w_temp   0x000070       data     static C:\Users\Dinusha\Documents\PICProjects\PWM2\MAIN.ASM



                              Symbols - Sorted by Address
                     Name    Address   Location    Storage File                     
                ---------  ---------  ---------  --------- ---------                
                INTERRUPT   0x000004    program     static C:\Users\Dinusha\Documents\PICProjects\PWM2\MAIN.ASM
                    START   0x00000c    program     static C:\Users\Dinusha\Documents\PICProjects\PWM2\MAIN.ASM
                MAIN_LOOP   0x000019    program     static C:\Users\Dinusha\Documents\PICProjects\PWM2\MAIN.ASM
         change_increment   0x000030    program     static C:\Users\Dinusha\Documents\PICProjects\PWM2\MAIN.ASM
                 Delay255   0x000033    program     static C:\Users\Dinusha\Documents\PICProjects\PWM2\MAIN.ASM
                  Delay30   0x000035    program     static C:\Users\Dinusha\Documents\PICProjects\PWM2\MAIN.ASM
                   Delay5   0x000037    program     static C:\Users\Dinusha\Documents\PICProjects\PWM2\MAIN.ASM
                   Delay1   0x000039    program     static C:\Users\Dinusha\Documents\PICProjects\PWM2\MAIN.ASM
                       d0   0x00003a    program     static C:\Users\Dinusha\Documents\PICProjects\PWM2\MAIN.ASM
                       d1   0x00003b    program     static C:\Users\Dinusha\Documents\PICProjects\PWM2\MAIN.ASM
                  Delay_0   0x00003f    program     static C:\Users\Dinusha\Documents\PICProjects\PWM2\MAIN.ASM
          _MAIN_PROG_0034   0x000040    program     static C:\Users\Dinusha\Documents\PICProjects\PWM2\MAIN.ASM
                   w_temp   0x000070       data     static C:\Users\Dinusha\Documents\PICProjects\PWM2\MAIN.ASM
              status_temp   0x000071       data     static C:\Users\Dinusha\Documents\PICProjects\PWM2\MAIN.ASM
                   count1   0x000120       data     static C:\Users\Dinusha\Documents\PICProjects\PWM2\MAIN.ASM
                   counta   0x000121       data     static C:\Users\Dinusha\Documents\PICProjects\PWM2\MAIN.ASM
                   countb   0x000122       data     static C:\Users\Dinusha\Documents\PICProjects\PWM2\MAIN.ASM
               duty_level   0x000123       data     static C:\Users\Dinusha\Documents\PICProjects\PWM2\MAIN.ASM
               inc_amount   0x000124       data     static C:\Users\Dinusha\Documents\PICProjects\PWM2\MAIN.ASM


