MPLINK 4.41, Linker
Linker Map File - Created Sat Jan 18 23:18:57 2014

                                 Section Info
                  Section       Type    Address   Location Size(Bytes)
                ---------  ---------  ---------  ---------  ---------
             RESET_VECTOR       code   0x000000    program   0x000002
                   .cinit    romdata   0x000001    program   0x000004
               INT_VECTOR       code   0x000004    program   0x000014
                MAIN_PROG       code   0x00000e    program   0x000094
      .config_2007_MAIN.O       code   0x002007    program   0x000002
                       EE       code   0x002100    program   0x000008
                  INT_VAR      udata   0x000070       data   0x000007
                   GENVAR      udata   0x000077       data   0x000001



                              Program Memory Usage 
                               Start         End      
                           ---------   ---------      
                            0x000000    0x000002      
                            0x000004    0x000057      
                            0x002007    0x002007      
                            0x002100    0x002103      
            92 out of 2182 program addresses used, program memory utilization is 4%



                              Symbols - Sorted by Name
                     Name    Address   Location    Storage File                     
                ---------  ---------  ---------  --------- ---------                
                   Delay1   0x000038    program     static C:\Users\Dinusha\Documents\PICProjects\Interrupts2\MAIN.ASM
                  Delay10   0x000032    program     static C:\Users\Dinusha\Documents\PICProjects\Interrupts2\MAIN.ASM
                   Delay2   0x000036    program     static C:\Users\Dinusha\Documents\PICProjects\Interrupts2\MAIN.ASM
                 Delay255   0x00002e    program     static C:\Users\Dinusha\Documents\PICProjects\Interrupts2\MAIN.ASM
                  Delay30   0x000030    program     static C:\Users\Dinusha\Documents\PICProjects\Interrupts2\MAIN.ASM
                   Delay5   0x000034    program     static C:\Users\Dinusha\Documents\PICProjects\Interrupts2\MAIN.ASM
                  Delay_0   0x00003e    program     static C:\Users\Dinusha\Documents\PICProjects\Interrupts2\MAIN.ASM
                INTERRUPT   0x000004    program     static C:\Users\Dinusha\Documents\PICProjects\Interrupts2\MAIN.ASM
                 MAINLOOP   0x00001d    program     static C:\Users\Dinusha\Documents\PICProjects\Interrupts2\MAIN.ASM
                    START   0x00000e    program     static C:\Users\Dinusha\Documents\PICProjects\Interrupts2\MAIN.ASM
          _MAIN_PROG_0031   0x00003f    program     static C:\Users\Dinusha\Documents\PICProjects\Interrupts2\MAIN.ASM
                    _pwm_   0x000045    program     static C:\Users\Dinusha\Documents\PICProjects\Interrupts2\MAIN.ASM
                   cl_off   0x00004d    program     static C:\Users\Dinusha\Documents\PICProjects\Interrupts2\MAIN.ASM
                    cl_on   0x00004e    program     static C:\Users\Dinusha\Documents\PICProjects\Interrupts2\MAIN.ASM
                       d0   0x000039    program     static C:\Users\Dinusha\Documents\PICProjects\Interrupts2\MAIN.ASM
                       d1   0x00003a    program     static C:\Users\Dinusha\Documents\PICProjects\Interrupts2\MAIN.ASM
            getbrightness   0x000053    program     static C:\Users\Dinusha\Documents\PICProjects\Interrupts2\MAIN.ASM
                  isr_end   0x000009    program     static C:\Users\Dinusha\Documents\PICProjects\Interrupts2\MAIN.ASM
                       tt   0x00004a    program     static C:\Users\Dinusha\Documents\PICProjects\Interrupts2\MAIN.ASM
                   cnt_t0   0x000072       data     static C:\Users\Dinusha\Documents\PICProjects\Interrupts2\MAIN.ASM
                   count1   0x000073       data     static C:\Users\Dinusha\Documents\PICProjects\Interrupts2\MAIN.ASM
                   counta   0x000074       data     static C:\Users\Dinusha\Documents\PICProjects\Interrupts2\MAIN.ASM
                   countb   0x000075       data     static C:\Users\Dinusha\Documents\PICProjects\Interrupts2\MAIN.ASM
               duty_value   0x000076       data     static C:\Users\Dinusha\Documents\PICProjects\Interrupts2\MAIN.ASM
                pwm_level   0x000077       data     static C:\Users\Dinusha\Documents\PICProjects\Interrupts2\MAIN.ASM
                   sPORTB   0x000077       data     static C:\Users\Dinusha\Documents\PICProjects\Interrupts2\MAIN.ASM
              status_temp   0x000071       data     static C:\Users\Dinusha\Documents\PICProjects\Interrupts2\MAIN.ASM
                   w_temp   0x000070       data     static C:\Users\Dinusha\Documents\PICProjects\Interrupts2\MAIN.ASM



                              Symbols - Sorted by Address
                     Name    Address   Location    Storage File                     
                ---------  ---------  ---------  --------- ---------                
                INTERRUPT   0x000004    program     static C:\Users\Dinusha\Documents\PICProjects\Interrupts2\MAIN.ASM
                  isr_end   0x000009    program     static C:\Users\Dinusha\Documents\PICProjects\Interrupts2\MAIN.ASM
                    START   0x00000e    program     static C:\Users\Dinusha\Documents\PICProjects\Interrupts2\MAIN.ASM
                 MAINLOOP   0x00001d    program     static C:\Users\Dinusha\Documents\PICProjects\Interrupts2\MAIN.ASM
                 Delay255   0x00002e    program     static C:\Users\Dinusha\Documents\PICProjects\Interrupts2\MAIN.ASM
                  Delay30   0x000030    program     static C:\Users\Dinusha\Documents\PICProjects\Interrupts2\MAIN.ASM
                  Delay10   0x000032    program     static C:\Users\Dinusha\Documents\PICProjects\Interrupts2\MAIN.ASM
                   Delay5   0x000034    program     static C:\Users\Dinusha\Documents\PICProjects\Interrupts2\MAIN.ASM
                   Delay2   0x000036    program     static C:\Users\Dinusha\Documents\PICProjects\Interrupts2\MAIN.ASM
                   Delay1   0x000038    program     static C:\Users\Dinusha\Documents\PICProjects\Interrupts2\MAIN.ASM
                       d0   0x000039    program     static C:\Users\Dinusha\Documents\PICProjects\Interrupts2\MAIN.ASM
                       d1   0x00003a    program     static C:\Users\Dinusha\Documents\PICProjects\Interrupts2\MAIN.ASM
                  Delay_0   0x00003e    program     static C:\Users\Dinusha\Documents\PICProjects\Interrupts2\MAIN.ASM
          _MAIN_PROG_0031   0x00003f    program     static C:\Users\Dinusha\Documents\PICProjects\Interrupts2\MAIN.ASM
                    _pwm_   0x000045    program     static C:\Users\Dinusha\Documents\PICProjects\Interrupts2\MAIN.ASM
                       tt   0x00004a    program     static C:\Users\Dinusha\Documents\PICProjects\Interrupts2\MAIN.ASM
                   cl_off   0x00004d    program     static C:\Users\Dinusha\Documents\PICProjects\Interrupts2\MAIN.ASM
                    cl_on   0x00004e    program     static C:\Users\Dinusha\Documents\PICProjects\Interrupts2\MAIN.ASM
            getbrightness   0x000053    program     static C:\Users\Dinusha\Documents\PICProjects\Interrupts2\MAIN.ASM
                   w_temp   0x000070       data     static C:\Users\Dinusha\Documents\PICProjects\Interrupts2\MAIN.ASM
              status_temp   0x000071       data     static C:\Users\Dinusha\Documents\PICProjects\Interrupts2\MAIN.ASM
                   cnt_t0   0x000072       data     static C:\Users\Dinusha\Documents\PICProjects\Interrupts2\MAIN.ASM
                   count1   0x000073       data     static C:\Users\Dinusha\Documents\PICProjects\Interrupts2\MAIN.ASM
                   counta   0x000074       data     static C:\Users\Dinusha\Documents\PICProjects\Interrupts2\MAIN.ASM
                   countb   0x000075       data     static C:\Users\Dinusha\Documents\PICProjects\Interrupts2\MAIN.ASM
               duty_value   0x000076       data     static C:\Users\Dinusha\Documents\PICProjects\Interrupts2\MAIN.ASM
                pwm_level   0x000077       data     static C:\Users\Dinusha\Documents\PICProjects\Interrupts2\MAIN.ASM
                   sPORTB   0x000077       data     static C:\Users\Dinusha\Documents\PICProjects\Interrupts2\MAIN.ASM


