MPLINK 4.41, Linker
Linker Map File - Created Tue Jul 08 22:08:37 2014

                                 Section Info
                  Section       Type    Address   Location Size(Bytes)
                ---------  ---------  ---------  ---------  ---------
             RESET_VECTOR       code   0x000000    program   0x000008
               INT_VECTOR       code   0x000004    program   0x000018
                   .cinit    romdata   0x000010    program   0x000004
                MAIN_PROG       code   0x000012    program   0x0001fa
                    .code       code   0x00010f    program   0x000048
      .config_2007_MAIN.O       code   0x002007    program   0x000002
                   .udata      udata   0x000020       data   0x00000c
                   G_DATA      udata   0x00002c       data   0x000002
                 TEMP_VAR      udata   0x00002e       data   0x000001
                  INT_VAR      udata   0x000070       data   0x000003



                              Program Memory Usage 
                               Start         End      
                           ---------   ---------      
                            0x000000    0x000132      
                            0x002007    0x002007      
            308 out of 8454 program addresses used, program memory utilization is 3%



                              Symbols - Sorted by Name
                     Name    Address   Location    Storage File                     
                ---------  ---------  ---------  --------- ---------                
                INTERRUPT   0x000004    program     static C:\Users\Dinusha\Documents\PICProjects\PIC877AProjects\Serial02\MAIN.ASM
                   RXPoll   0x000028    program     static C:\Users\Dinusha\Documents\PICProjects\PIC877AProjects\Serial02\MAIN.ASM
                   TXPoll   0x000030    program     static C:\Users\Dinusha\Documents\PICProjects\PIC877AProjects\Serial02\MAIN.ASM
                  debRead   0x000124    program     extern C:\Users\Dinusha\Documents\PICProjects\PIC877AProjects\Serial02\SWITCHES.asm
                dec2ascii   0x00006f    program     static C:\Users\Dinusha\Documents\PICProjects\PIC877AProjects\Serial02\MAIN.ASM
              getmessages   0x000099    program     static C:\Users\Dinusha\Documents\PICProjects\PIC877AProjects\Serial02\MAIN.ASM
                hex2ascii   0x000055    program     static C:\Users\Dinusha\Documents\PICProjects\PIC877AProjects\Serial02\MAIN.ASM
                  hex2dec   0x000067    program     static C:\Users\Dinusha\Documents\PICProjects\PIC877AProjects\Serial02\MAIN.ASM
               hundreds_c   0x000083    program     static C:\Users\Dinusha\Documents\PICProjects\PIC877AProjects\Serial02\MAIN.ASM
                     init   0x000038    program     static C:\Users\Dinusha\Documents\PICProjects\PIC877AProjects\Serial02\MAIN.ASM
                     loop   0x000126    program     static C:\Users\Dinusha\Documents\PICProjects\PIC877AProjects\Serial02\SWITCHES.asm
                       m0   0x000117    program     static C:\Users\Dinusha\Documents\PICProjects\PIC877AProjects\Serial02\DELAYS.ASM
                   mDelay   0x000115    program     extern C:\Users\Dinusha\Documents\PICProjects\PIC877AProjects\Serial02\DELAYS.ASM
                 mainloop   0x00001b    program     static C:\Users\Dinusha\Documents\PICProjects\PIC877AProjects\Serial02\MAIN.ASM
                  newline   0x000101    program     static C:\Users\Dinusha\Documents\PICProjects\PIC877AProjects\Serial02\MAIN.ASM
               outmessage   0x000107    program     static C:\Users\Dinusha\Documents\PICProjects\PIC877AProjects\Serial02\MAIN.ASM
               print_8bit   0x000081    program     static C:\Users\Dinusha\Documents\PICProjects\PIC877AProjects\Serial02\MAIN.ASM
             printmessage   0x000106    program     static C:\Users\Dinusha\Documents\PICProjects\PIC877AProjects\Serial02\MAIN.ASM
                       s0   0x00011d    program     static C:\Users\Dinusha\Documents\PICProjects\PIC877AProjects\Serial02\DELAYS.ASM
                   sDelay   0x00011b    program     extern C:\Users\Dinusha\Documents\PICProjects\PIC877AProjects\Serial02\DELAYS.ASM
                    start   0x000012    program     static C:\Users\Dinusha\Documents\PICProjects\PIC877AProjects\Serial02\MAIN.ASM
                       u0   0x000110    program     static C:\Users\Dinusha\Documents\PICProjects\PIC877AProjects\Serial02\DELAYS.ASM
                   uDelay   0x00010f    program     extern C:\Users\Dinusha\Documents\PICProjects\PIC877AProjects\Serial02\DELAYS.ASM
                    zetni   0x00007d    program     static C:\Users\Dinusha\Documents\PICProjects\PIC877AProjects\Serial02\MAIN.ASM
                      ztn   0x000063    program     static C:\Users\Dinusha\Documents\PICProjects\PIC877AProjects\Serial02\MAIN.ASM
                       D0   0x000025       data     static C:\Users\Dinusha\Documents\PICProjects\PIC877AProjects\Serial02\MAIN.ASM
                       D1   0x000026       data     static C:\Users\Dinusha\Documents\PICProjects\PIC877AProjects\Serial02\MAIN.ASM
                       D2   0x000027       data     static C:\Users\Dinusha\Documents\PICProjects\PIC877AProjects\Serial02\MAIN.ASM
                    count   0x000022       data     static C:\Users\Dinusha\Documents\PICProjects\PIC877AProjects\Serial02\MAIN.ASM
                    count   0x00002b       data     static C:\Users\Dinusha\Documents\PICProjects\PIC877AProjects\Serial02\SWITCHES.asm
                 data_reg   0x000023       data     static C:\Users\Dinusha\Documents\PICProjects\PIC877AProjects\Serial02\MAIN.ASM
                     flag   0x00002c       data     static C:\Users\Dinusha\Documents\PICProjects\PIC877AProjects\Serial02\MAIN.ASM
                   mcount   0x000029       data     static C:\Users\Dinusha\Documents\PICProjects\PIC877AProjects\Serial02\DELAYS.ASM
              pclath_temp   0x000072       data     static C:\Users\Dinusha\Documents\PICProjects\PIC877AProjects\Serial02\MAIN.ASM
                   scount   0x00002a       data     static C:\Users\Dinusha\Documents\PICProjects\PIC877AProjects\Serial02\DELAYS.ASM
              status_temp   0x000071       data     static C:\Users\Dinusha\Documents\PICProjects\PIC877AProjects\Serial02\MAIN.ASM
                     temp   0x000020       data     static C:\Users\Dinusha\Documents\PICProjects\PIC877AProjects\Serial02\MAIN.ASM
                    temp2   0x000021       data     static C:\Users\Dinusha\Documents\PICProjects\PIC877AProjects\Serial02\MAIN.ASM
               temp_count   0x00002e       data     static C:\Users\Dinusha\Documents\PICProjects\PIC877AProjects\Serial02\MAIN.ASM
                   ucount   0x000028       data     static C:\Users\Dinusha\Documents\PICProjects\PIC877AProjects\Serial02\DELAYS.ASM
                   w_temp   0x000070       data     static C:\Users\Dinusha\Documents\PICProjects\PIC877AProjects\Serial02\MAIN.ASM



                              Symbols - Sorted by Address
                     Name    Address   Location    Storage File                     
                ---------  ---------  ---------  --------- ---------                
                INTERRUPT   0x000004    program     static C:\Users\Dinusha\Documents\PICProjects\PIC877AProjects\Serial02\MAIN.ASM
                    start   0x000012    program     static C:\Users\Dinusha\Documents\PICProjects\PIC877AProjects\Serial02\MAIN.ASM
                 mainloop   0x00001b    program     static C:\Users\Dinusha\Documents\PICProjects\PIC877AProjects\Serial02\MAIN.ASM
                   RXPoll   0x000028    program     static C:\Users\Dinusha\Documents\PICProjects\PIC877AProjects\Serial02\MAIN.ASM
                   TXPoll   0x000030    program     static C:\Users\Dinusha\Documents\PICProjects\PIC877AProjects\Serial02\MAIN.ASM
                     init   0x000038    program     static C:\Users\Dinusha\Documents\PICProjects\PIC877AProjects\Serial02\MAIN.ASM
                hex2ascii   0x000055    program     static C:\Users\Dinusha\Documents\PICProjects\PIC877AProjects\Serial02\MAIN.ASM
                      ztn   0x000063    program     static C:\Users\Dinusha\Documents\PICProjects\PIC877AProjects\Serial02\MAIN.ASM
                  hex2dec   0x000067    program     static C:\Users\Dinusha\Documents\PICProjects\PIC877AProjects\Serial02\MAIN.ASM
                dec2ascii   0x00006f    program     static C:\Users\Dinusha\Documents\PICProjects\PIC877AProjects\Serial02\MAIN.ASM
                    zetni   0x00007d    program     static C:\Users\Dinusha\Documents\PICProjects\PIC877AProjects\Serial02\MAIN.ASM
               print_8bit   0x000081    program     static C:\Users\Dinusha\Documents\PICProjects\PIC877AProjects\Serial02\MAIN.ASM
               hundreds_c   0x000083    program     static C:\Users\Dinusha\Documents\PICProjects\PIC877AProjects\Serial02\MAIN.ASM
              getmessages   0x000099    program     static C:\Users\Dinusha\Documents\PICProjects\PIC877AProjects\Serial02\MAIN.ASM
                  newline   0x000101    program     static C:\Users\Dinusha\Documents\PICProjects\PIC877AProjects\Serial02\MAIN.ASM
             printmessage   0x000106    program     static C:\Users\Dinusha\Documents\PICProjects\PIC877AProjects\Serial02\MAIN.ASM
               outmessage   0x000107    program     static C:\Users\Dinusha\Documents\PICProjects\PIC877AProjects\Serial02\MAIN.ASM
                   uDelay   0x00010f    program     extern C:\Users\Dinusha\Documents\PICProjects\PIC877AProjects\Serial02\DELAYS.ASM
                       u0   0x000110    program     static C:\Users\Dinusha\Documents\PICProjects\PIC877AProjects\Serial02\DELAYS.ASM
                   mDelay   0x000115    program     extern C:\Users\Dinusha\Documents\PICProjects\PIC877AProjects\Serial02\DELAYS.ASM
                       m0   0x000117    program     static C:\Users\Dinusha\Documents\PICProjects\PIC877AProjects\Serial02\DELAYS.ASM
                   sDelay   0x00011b    program     extern C:\Users\Dinusha\Documents\PICProjects\PIC877AProjects\Serial02\DELAYS.ASM
                       s0   0x00011d    program     static C:\Users\Dinusha\Documents\PICProjects\PIC877AProjects\Serial02\DELAYS.ASM
                  debRead   0x000124    program     extern C:\Users\Dinusha\Documents\PICProjects\PIC877AProjects\Serial02\SWITCHES.asm
                     loop   0x000126    program     static C:\Users\Dinusha\Documents\PICProjects\PIC877AProjects\Serial02\SWITCHES.asm
                     temp   0x000020       data     static C:\Users\Dinusha\Documents\PICProjects\PIC877AProjects\Serial02\MAIN.ASM
                    temp2   0x000021       data     static C:\Users\Dinusha\Documents\PICProjects\PIC877AProjects\Serial02\MAIN.ASM
                    count   0x000022       data     static C:\Users\Dinusha\Documents\PICProjects\PIC877AProjects\Serial02\MAIN.ASM
                 data_reg   0x000023       data     static C:\Users\Dinusha\Documents\PICProjects\PIC877AProjects\Serial02\MAIN.ASM
                       D0   0x000025       data     static C:\Users\Dinusha\Documents\PICProjects\PIC877AProjects\Serial02\MAIN.ASM
                       D1   0x000026       data     static C:\Users\Dinusha\Documents\PICProjects\PIC877AProjects\Serial02\MAIN.ASM
                       D2   0x000027       data     static C:\Users\Dinusha\Documents\PICProjects\PIC877AProjects\Serial02\MAIN.ASM
                   ucount   0x000028       data     static C:\Users\Dinusha\Documents\PICProjects\PIC877AProjects\Serial02\DELAYS.ASM
                   mcount   0x000029       data     static C:\Users\Dinusha\Documents\PICProjects\PIC877AProjects\Serial02\DELAYS.ASM
                   scount   0x00002a       data     static C:\Users\Dinusha\Documents\PICProjects\PIC877AProjects\Serial02\DELAYS.ASM
                    count   0x00002b       data     static C:\Users\Dinusha\Documents\PICProjects\PIC877AProjects\Serial02\SWITCHES.asm
                     flag   0x00002c       data     static C:\Users\Dinusha\Documents\PICProjects\PIC877AProjects\Serial02\MAIN.ASM
               temp_count   0x00002e       data     static C:\Users\Dinusha\Documents\PICProjects\PIC877AProjects\Serial02\MAIN.ASM
                   w_temp   0x000070       data     static C:\Users\Dinusha\Documents\PICProjects\PIC877AProjects\Serial02\MAIN.ASM
              status_temp   0x000071       data     static C:\Users\Dinusha\Documents\PICProjects\PIC877AProjects\Serial02\MAIN.ASM
              pclath_temp   0x000072       data     static C:\Users\Dinusha\Documents\PICProjects\PIC877AProjects\Serial02\MAIN.ASM


