MPLINK 4.30.01, Linker
Linker Map File - Created Tue Feb 07 23:35:28 2012

                                 Section Info
                  Section       Type    Address   Location Size(Bytes)
                ---------  ---------  ---------  ---------  ---------
             RESET_VECTOR       code   0x000000    program   0x000004
                   .cinit    romdata   0x000004    program   0x000002
            HI_INT_VECTOR       code   0x000008    program   0x000002
           LOW_INT_VECTOR       code   0x000018    program   0x000002
                    .code       code   0x00001a    program   0x000034
.config_300001_EXAMPLE3-4.O    romdata   0x300001    program   0x000001
              DATA_EEPROM       code   0xf00000    program   0x000010
               .udata_acs      udata   0x000000       data   0x000004
                   .udata      udata   0x000060       data   0x000003



                              Program Memory Usage 
                               Start         End      
                           ---------   ---------      
                            0x000000    0x000005      
                            0x000008    0x000009      
                            0x000018    0x00004d      
                            0x300001    0x300001      
                            0xf00000    0xf0000f      
            79 out of 33048 program addresses used, program memory utilization is 0%



                              Symbols - Sorted by Name
                     Name    Address   Location    Storage File                     
                ---------  ---------  ---------  --------- ---------                
                  HighInt   0x00001a    program     static C:\Users\Dinusha\Documents\PICProjects\PICBook\Example3-4.asm
                   LowInt   0x00001c    program     static C:\Users\Dinusha\Documents\PICProjects\PICBook\Example3-4.asm
                     Main   0x000036    program     static C:\Users\Dinusha\Documents\PICProjects\PICBook\Example3-4.asm
                      N_1   0x000040    program     static C:\Users\Dinusha\Documents\PICProjects\PICBook\Example3-4.asm
                      N_2   0x000046    program     static C:\Users\Dinusha\Documents\PICProjects\PICBook\Example3-4.asm
                     OVER   0x00004c    program     static C:\Users\Dinusha\Documents\PICProjects\PICBook\Example3-4.asm
                 BSR_TEMP   0x000062       data     static C:\Users\Dinusha\Documents\PICProjects\PICBook\Example3-4.asm
                    COUNT   0x000001       data     static C:\Users\Dinusha\Documents\PICProjects\PICBook\Example3-4.asm
                     DVAR   0x000002       data     static C:\Users\Dinusha\Documents\PICProjects\PICBook\Example3-4.asm
                    DVAR2   0x000003       data     static C:\Users\Dinusha\Documents\PICProjects\PICBook\Example3-4.asm
                  EXAMPLE   0x000000       data     static C:\Users\Dinusha\Documents\PICProjects\PICBook\Example3-4.asm
              STATUS_TEMP   0x000061       data     static C:\Users\Dinusha\Documents\PICProjects\PICBook\Example3-4.asm
                WREG_TEMP   0x000060       data     static C:\Users\Dinusha\Documents\PICProjects\PICBook\Example3-4.asm



                              Symbols - Sorted by Address
                     Name    Address   Location    Storage File                     
                ---------  ---------  ---------  --------- ---------                
                  HighInt   0x00001a    program     static C:\Users\Dinusha\Documents\PICProjects\PICBook\Example3-4.asm
                   LowInt   0x00001c    program     static C:\Users\Dinusha\Documents\PICProjects\PICBook\Example3-4.asm
                     Main   0x000036    program     static C:\Users\Dinusha\Documents\PICProjects\PICBook\Example3-4.asm
                      N_1   0x000040    program     static C:\Users\Dinusha\Documents\PICProjects\PICBook\Example3-4.asm
                      N_2   0x000046    program     static C:\Users\Dinusha\Documents\PICProjects\PICBook\Example3-4.asm
                     OVER   0x00004c    program     static C:\Users\Dinusha\Documents\PICProjects\PICBook\Example3-4.asm
                  EXAMPLE   0x000000       data     static C:\Users\Dinusha\Documents\PICProjects\PICBook\Example3-4.asm
                    COUNT   0x000001       data     static C:\Users\Dinusha\Documents\PICProjects\PICBook\Example3-4.asm
                     DVAR   0x000002       data     static C:\Users\Dinusha\Documents\PICProjects\PICBook\Example3-4.asm
                    DVAR2   0x000003       data     static C:\Users\Dinusha\Documents\PICProjects\PICBook\Example3-4.asm
                WREG_TEMP   0x000060       data     static C:\Users\Dinusha\Documents\PICProjects\PICBook\Example3-4.asm
              STATUS_TEMP   0x000061       data     static C:\Users\Dinusha\Documents\PICProjects\PICBook\Example3-4.asm
                 BSR_TEMP   0x000062       data     static C:\Users\Dinusha\Documents\PICProjects\PICBook\Example3-4.asm


