MPLINK 4.41, Linker
Linker Map File - Created Sat Nov 30 12:22:28 2013

                                 Section Info
                  Section       Type    Address   Location Size(Bytes)
                ---------  ---------  ---------  ---------  ---------
             RESET_VECTOR       code   0x000000    program   0x000002
                   .cinit    romdata   0x000001    program   0x000004
               INT_VECTOR       code   0x000004    program   0x000010
                MAIN_PROG       code   0x00000c    program   0x000094
     .config_2007_INPUT.O       code   0x002007    program   0x000002
                       EE       code   0x002100    program   0x000008
                  INT_VAR      udata   0x000070       data   0x000002
                   .udata      udata   0x000120       data   0x000004



                              Program Memory Usage 
                               Start         End      
                           ---------   ---------      
                            0x000000    0x000002      
                            0x000004    0x000055      
                            0x002007    0x002007      
                            0x002100    0x002103      
            90 out of 2182 program addresses used, program memory utilization is 4%



                              Symbols - Sorted by Name
                     Name    Address   Location    Storage File                     
                ---------  ---------  ---------  --------- ---------                
                INTERRUPT   0x000004    program     static C:\Users\Dinusha\Documents\PICProjects\7Segment\INPUT.ASM
                 MAINLOOP   0x000016    program     static C:\Users\Dinusha\Documents\PICProjects\7Segment\INPUT.ASM
                    START   0x00000c    program     static C:\Users\Dinusha\Documents\PICProjects\7Segment\INPUT.ASM
                   get7sc   0x00004b    program     static C:\Users\Dinusha\Documents\PICProjects\7Segment\INPUT.ASM
                    w_tmr   0x000041    program     static C:\Users\Dinusha\Documents\PICProjects\7Segment\INPUT.ASM
               wait_delay   0x00003f    program     static C:\Users\Dinusha\Documents\PICProjects\7Segment\INPUT.ASM
                   wait_s   0x000040    program     static C:\Users\Dinusha\Documents\PICProjects\7Segment\INPUT.ASM
              delay_count   0x000121       data     static C:\Users\Dinusha\Documents\PICProjects\7Segment\INPUT.ASM
             sample_count   0x000120       data     static C:\Users\Dinusha\Documents\PICProjects\7Segment\INPUT.ASM
              scale_value   0x000123       data     static C:\Users\Dinusha\Documents\PICProjects\7Segment\INPUT.ASM
              status_temp   0x000071       data     static C:\Users\Dinusha\Documents\PICProjects\7Segment\INPUT.ASM
              time_scaler   0x000122       data     static C:\Users\Dinusha\Documents\PICProjects\7Segment\INPUT.ASM
                   w_temp   0x000070       data     static C:\Users\Dinusha\Documents\PICProjects\7Segment\INPUT.ASM



                              Symbols - Sorted by Address
                     Name    Address   Location    Storage File                     
                ---------  ---------  ---------  --------- ---------                
                INTERRUPT   0x000004    program     static C:\Users\Dinusha\Documents\PICProjects\7Segment\INPUT.ASM
                    START   0x00000c    program     static C:\Users\Dinusha\Documents\PICProjects\7Segment\INPUT.ASM
                 MAINLOOP   0x000016    program     static C:\Users\Dinusha\Documents\PICProjects\7Segment\INPUT.ASM
               wait_delay   0x00003f    program     static C:\Users\Dinusha\Documents\PICProjects\7Segment\INPUT.ASM
                   wait_s   0x000040    program     static C:\Users\Dinusha\Documents\PICProjects\7Segment\INPUT.ASM
                    w_tmr   0x000041    program     static C:\Users\Dinusha\Documents\PICProjects\7Segment\INPUT.ASM
                   get7sc   0x00004b    program     static C:\Users\Dinusha\Documents\PICProjects\7Segment\INPUT.ASM
                   w_temp   0x000070       data     static C:\Users\Dinusha\Documents\PICProjects\7Segment\INPUT.ASM
              status_temp   0x000071       data     static C:\Users\Dinusha\Documents\PICProjects\7Segment\INPUT.ASM
             sample_count   0x000120       data     static C:\Users\Dinusha\Documents\PICProjects\7Segment\INPUT.ASM
              delay_count   0x000121       data     static C:\Users\Dinusha\Documents\PICProjects\7Segment\INPUT.ASM
              time_scaler   0x000122       data     static C:\Users\Dinusha\Documents\PICProjects\7Segment\INPUT.ASM
              scale_value   0x000123       data     static C:\Users\Dinusha\Documents\PICProjects\7Segment\INPUT.ASM


