Microchip MPLAB XC8 Compiler V1.30 ()

Linker command line:

--edf=C:\Program Files (x86)\Microchip\xc8\v1.30\dat\en_msgs.txt -cs \
  -h+read.sym --cmf=read.cmf -z -Q16F877A \
  -oC:\Users\Dinusha\AppData\Local\Temp\s4fs.6 -Mread.map -E1 -ver=XC8 \
  -ASTACK=0110h-016fh -pstack=STACK -ACONST=00h-0FFhx32 -ACODE=00h-07FFhx4 \
  -ASTRCODE=00h-01FFFh -AENTRY=00h-0FFhx32 -ASTRING=00h-0FFhx32 \
  -ACOMMON=070h-07Fh -ABANK0=020h-06Fh -ABANK1=0A0h-0EFh \
  -ABANK2=0110h-016Fh -ABANK3=0190h-01EFh \
  -ARAM=020h-06Fh,0A0h-0EFh,0110h-016Fh,0190h-01EFh \
  -AABS1=020h-07Fh,0A0h-0EFh,0110h-016Fh,0190h-01EFh -ASFR0=00h-01Fh \
  -ASFR1=080h-09Fh -ASFR2=0100h-010Fh -ASFR3=0180h-018Fh \
  -preset_vec=00h,intentry=04h,init,end_init -ppowerup=CODE -pcinit=CODE \
  -pfunctab=CODE -ACONFIG=02007h-02007h -pconfig=CONFIG -DCONFIG=2 \
  -AIDLOC=02000h-02003h -pidloc=IDLOC -DIDLOC=2 -AEEDATA=00h-0FFh/02100h \
  -peeprom_data=EEDATA -DEEDATA=2 -DCODE=2 -DSTRCODE=2 -DSTRING=2 -DCONST=2 \
  -DENTRY=2 -k startup.obj read.obj 

Object code version is 3.11

Machine type is 16F877A



                Name                               Link     Load   Length Selector   Space Scale
startup.obj     end_init                             12       12        3        8       0
                reset_vec                             0        0        3        0       0
                config                             2007     2007        1     400E       0
read.obj        cinit                                15       15        4        8       0
                intentry                              4        4        E        8       0
                text15                              3F9      3F9       10      5C4       0
                text14                              372      372       26      5C4       0
                text13                              316      316       32      5C4       0
                text12                              1CB      1CB       57        8       0
                text11                              222      222       49        8       0
                text10                              3E6      3E6       13      5C4       0
                text9                               3D1      3D1       15      5C4       0
                text8                               26B      26B       40        8       0
                text7                               2E2      2E2       34      5C4       0
                text6                               14D      14D       7E        8       0
                text5                               348      348       2A      5C4       0
                text4                               414      414        8      5C4       0
                text3                               409      409        B      5C4       0
                text2                               398      398       23      5C4       0
                text1                               3BB      3BB       16      5C4       0
                maintext                             19       19      134        8       0
                cstackBANK0                          20       20       23       20       1
                cstackCOMMON                         70       70        A       70       1
                strings                             2AB      2AB       37      556       0

TOTAL           Name                               Link     Load   Length     Space
        CLASS   STACK          

        CLASS   CONST          

        CLASS   CODE           
                end_init                             12       12        3         0
                cinit                                15       15        4         0
                intentry                              4        4        E         0
                reset_vec                             0        0        3         0
                text15                              3F9      3F9       10         0
                text14                              372      372       26         0
                text13                              316      316       32         0
                text12                              1CB      1CB       57         0
                text11                              222      222       49         0
                text10                              3E6      3E6       13         0
                text9                               3D1      3D1       15         0
                text8                               26B      26B       40         0
                text7                               2E2      2E2       34         0
                text6                               14D      14D       7E         0
                text5                               348      348       2A         0
                text4                               414      414        8         0
                text3                               409      409        B         0
                text2                               398      398       23         0
                text1                               3BB      3BB       16         0
                maintext                             19       19      134         0

        CLASS   STRCODE        

        CLASS   ENTRY          

        CLASS   STRING         
                strings                             2AB      2AB       37         0

        CLASS   COMMON         
                cstackCOMMON                         70       70        A         1

        CLASS   BANK0          
                cstackBANK0                          20       20       23         1

        CLASS   BANK1          

        CLASS   BANK2          

        CLASS   BANK3          

        CLASS   RAM            

        CLASS   ABS1           
                abs_s1                               7E       7E        2         1

        CLASS   SFR0           

        CLASS   SFR1           

        CLASS   SFR2           

        CLASS   SFR3           

        CLASS   CONFIG         
                config                             2007     2007        1         0

        CLASS   IDLOC          

        CLASS   EEDATA         



SEGMENTS        Name                           Load    Length   Top    Selector   Space  Class     Delta

                reset_vec                      000000  000003  000003         0       0  CODE        2
                intentry                       000004  0002A7  0002AB         8       0  CODE        2
                cstackBANK0                    000020  000023  000043        20       1  BANK0       1
                cstackCOMMON                   000070  00000A  00007A        70       1  COMMON      1
                strings                        0002AB  000037  0002E2       556       0  STRING      2
                text7                          0002E2  00013A  00041C       5C4       0  CODE        2
                config                         002007  000001  002008      400E       0  CONFIG      2


UNUSED ADDRESS RANGES

        Name                Unused          Largest block    Delta
        BANK0            0043-006F             2D           1
        BANK1            00A0-00EF             50           1
        BANK2            0110-016F             60           1
        BANK3            0190-01EF             60           1
        CODE             0003-0003              1           2
                         041C-1FFF            800
        COMMON           007A-007D              4           1
        CONST            0003-0003              1           2
                         041C-1FFF            100
        EEDATA           2100-21FF            100           2
        ENTRY            0003-0003              1           2
                         041C-1FFF            100
        IDLOC            2000-2003              4           2
        RAM              0043-006F             2D           1
                         00A0-00EF             50
                         0110-016F             60
                         0190-01EF             60
        SFR0             0000-001F             20           1
        SFR1             0080-009F             20           1
        SFR2             0100-010F             10           1
        SFR3             0180-018F             10           1
        STACK            0110-016F             60           1
        STRCODE          0003-0003              1           2
                         041C-1FFF           1BE4
        STRING           0003-0003              1           2
                         041C-1FFF            100

                                  Symbol Table

?___lwdiv                     cstackCOMMON 0074
?___lwmod                     cstackCOMMON 0074
_ADCON1                       (abs)        009F
_OPTION_REGbits               (abs)        0081
_PIR1bits                     (abs)        000C
_PORTA                        (abs)        0005
_RA0                          (abs)        0028
_RCREG                        (abs)        001A
_TMR0                         (abs)        0001
_TMR0IE                       (abs)        005D
_TMR0IF                       (abs)        005A
_TRISA                        (abs)        0085
_TXREG                        (abs)        0019
__CFG_BOREN$ON                (abs)        0000
__CFG_CP$OFF                  (abs)        0000
__CFG_CPD$OFF                 (abs)        0000
__CFG_FOSC$HS                 (abs)        0000
__CFG_LVP$OFF                 (abs)        0000
__CFG_PWRTE$ON                (abs)        0000
__CFG_WDTE$OFF                (abs)        0000
__Habs1                       abs1         0000
__Hbank0                      bank0        0000
__Hbank1                      bank1        0000
__Hbank2                      bank2        0000
__Hbank3                      bank3        0000
__Hcinit                      cinit        0019
__Hclrtext                    clrtext      0000
__Hcode                       code         0000
__Hcommon                     common       0000
__Hconfig                     config       2008
__HcstackBANK0                cstackBANK0  0000
__HcstackCOMMON               cstackCOMMON 0000
__Heeprom_data                eeprom_data  0000
__Hend_init                   end_init     0015
__Hfunctab                    functab      0000
__Hidloc                      idloc        0000
__Hinit                       init         0012
__Hintentry                   intentry     0012
__Hmaintext                   maintext     0000
__Hpowerup                    powerup      0000
__Hram                        ram          0000
__Hreset_vec                  reset_vec    0003
__Hsfr0                       sfr0         0000
__Hsfr1                       sfr1         0000
__Hsfr2                       sfr2         0000
__Hsfr3                       sfr3         0000
__Hstack                      stack        0000
__Hstrings                    strings      0000
__Htext                       text         0000
__Labs1                       abs1         0000
__Lbank0                      bank0        0000
__Lbank1                      bank1        0000
__Lbank2                      bank2        0000
__Lbank3                      bank3        0000
__Lcinit                      cinit        0015
__Lclrtext                    clrtext      0000
__Lcode                       code         0000
__Lcommon                     common       0000
__Lconfig                     config       2007
__LcstackBANK0                cstackBANK0  0000
__LcstackCOMMON               cstackCOMMON 0000
__Leeprom_data                eeprom_data  0000
__Lend_init                   end_init     0012
__Lfunctab                    functab      0000
__Lidloc                      idloc        0000
__Linit                       init         0012
__Lintentry                   intentry     0004
__Lmaintext                   maintext     0000
__Lpowerup                    powerup      0000
__Lram                        ram          0000
__Lreset_vec                  reset_vec    0000
__Lsfr0                       sfr0         0000
__Lsfr1                       sfr1         0000
__Lsfr2                       sfr2         0000
__Lsfr3                       sfr3         0000
__Lstack                      stack        0000
__Lstrings                    strings      0000
__Ltext                       text         0000
__S0                          (abs)        2008
__S1                          (abs)        007A
__S2                          (abs)        0000
__S3                          (abs)        0000
___int_sp                     stack        0000
___latbits                    (abs)        0002
___lwdiv                      text8        026B
___lwdiv@counter              cstackBANK0  0022
___lwdiv@dividend             cstackCOMMON 0076
___lwdiv@divisor              cstackCOMMON 0074
___lwdiv@quotient             cstackBANK0  0020
___lwmod                      text7        02E2
___lwmod@counter              cstackCOMMON 0079
___lwmod@dividend             cstackCOMMON 0076
___lwmod@divisor              cstackCOMMON 0074
___sp                         stack        0000
__end_of___lwdiv              text8        02AB
__end_of___lwmod              text7        0316
__end_of__initialization      cinit        0015
__end_of__stringdata          strings      02E2
__end_of__stringtab           strings      02BB
__end_of_ds18b20_busy         text14       0398
__end_of_ds18b20_init         text13       0348
__end_of_ds18b20_read_byte    text12       0222
__end_of_ds18b20_write_byte   text11       026B
__end_of_init                 text9        03E6
__end_of_itoa                 text5        0372
__end_of_main                 maintext     014D
__end_of_serial_init          text10       03F9
__end_of_serial_tx_newline    text3        0414
__end_of_serial_tx_poll       text4        041C
__end_of_serial_tx_print      text2        03BB
__end_of_serial_tx_printline  text1        03D1
__end_of_tc_int               text15       0409
__end_of_utoa                 text6        01CB
__initialization              cinit        0015
__pcstackBANK0                cstackBANK0  0020
__pcstackCOMMON               cstackCOMMON 0070
__pintentry                   intentry     0004
__pmaintext                   maintext     0019
__pstrings                    strings      02AB
__ptext1                      text1        03BB
__ptext10                     text10       03E6
__ptext11                     text11       0222
__ptext12                     text12       01CB
__ptext13                     text13       0316
__ptext14                     text14       0372
__ptext15                     text15       03F9
__ptext2                      text2        0398
__ptext3                      text3        0409
__ptext4                      text4        0414
__ptext5                      text5        0348
__ptext6                      text6        014D
__ptext7                      text7        02E2
__ptext8                      text8        026B
__ptext9                      text9        03D1
__size_of___lwdiv             (abs)        0000
__size_of___lwmod             (abs)        0000
__size_of_ds18b20_busy        (abs)        0000
__size_of_ds18b20_init        (abs)        0000
__size_of_ds18b20_read_byte   (abs)        0000
__size_of_ds18b20_write_byte  (abs)        0000
__size_of_init                (abs)        0000
__size_of_itoa                (abs)        0000
__size_of_main                (abs)        0000
__size_of_serial_init         (abs)        0000
__size_of_serial_tx_newline   (abs)        0000
__size_of_serial_tx_poll      (abs)        0000
__size_of_serial_tx_print     (abs)        0000
__size_of_serial_tx_printline (abs)        0000
__size_of_tc_int              (abs)        0000
__size_of_utoa                (abs)        0000
__stringbase                  strings      02BA
__stringdata                  strings      02BB
__stringtab                   strings      02AB
_ds18b20_busy                 text14       0372
_ds18b20_init                 text13       0316
_ds18b20_read_byte            text12       01CB
_ds18b20_write_byte           text11       0222
_init                         text9        03D1
_itoa                         text5        0348
_main                         maintext     0019
_serial_init                  text10       03E6
_serial_tx_newline            text3        0409
_serial_tx_poll               text4        0414
_serial_tx_print              text2        0398
_serial_tx_printline          text1        03BB
_tc_int                       text15       03F9
_utoa                         text6        014D
btemp                         (abs)        007E
ds18b20_busy@busy             cstackCOMMON 0075
ds18b20_init@ok               cstackCOMMON 0076
ds18b20_read_byte@dta         cstackCOMMON 0076
ds18b20_read_byte@i           cstackCOMMON 0077
ds18b20_write_byte@dta        cstackCOMMON 0078
ds18b20_write_byte@i          cstackCOMMON 0076
end_of_initialization         cinit        0015
interrupt_function            intentry     0004
intlevel0                     functab      0000
intlevel1                     functab      0000
intlevel2                     functab      0000
intlevel3                     functab      0000
intlevel4                     functab      0000
intlevel5                     functab      0000
itoa@base                     cstackBANK0  002E
itoa@buf                      cstackBANK0  0032
itoa@cp                       cstackBANK0  0031
itoa@val                      cstackBANK0  002C
ltemp                         (abs)        007E
ltemp0                        (abs)        007E
ltemp1                        (abs)        0082
ltemp2                        (abs)        0086
ltemp3                        (abs)        0080
main@b1                       cstackBANK0  0040
main@b2                       cstackBANK0  0041
main@b3                       cstackBANK0  003A
main@b4                       cstackBANK0  0038
main@b5                       cstackBANK0  0039
main@buff                     cstackBANK0  003B
main@res                      cstackBANK0  0042
main@rh_str                   cstackBANK0  0037
main@tp_str                   cstackBANK0  003F
reset_vec                     reset_vec    0000
saved_w                       (abs)        007E
serial_tx_poll@val            cstackCOMMON 0074
serial_tx_print@str           cstackCOMMON 0075
serial_tx_printline@str       cstackCOMMON 0077
stackhi                       (abs)        0000
stacklo                       (abs)        0000
start                         init         0012
start_initialization          cinit        0015
ttemp                         (abs)        007E
ttemp0                        (abs)        007E
ttemp1                        (abs)        0081
ttemp2                        (abs)        0084
ttemp3                        (abs)        0087
ttemp4                        (abs)        007F
utoa@base                     cstackBANK0  0025
utoa@buf                      cstackBANK0  002B
utoa@c                        cstackBANK0  002A
utoa@v                        cstackBANK0  0028
utoa@val                      cstackBANK0  0023
wtemp                         (abs)        007E
wtemp0                        (abs)        007E
wtemp1                        (abs)        0080
wtemp2                        (abs)        0082
wtemp3                        (abs)        0084
wtemp4                        (abs)        0086
wtemp5                        (abs)        0088
wtemp6                        (abs)        007F


FUNCTION INFORMATION:

 *************** function _main *****************
 Defined at:
		line 245 in file "C:\Users\Dinusha\Documents\PICProjects\PIC877AProjects\CProjects\DS18B20\main.c"
 Parameters:    Size  Location     Type
		None
 Auto vars:     Size  Location     Type
  buff            4   27[BANK0 ] unsigned char [4]
  res             1   34[BANK0 ] unsigned char 
  b2              1   33[BANK0 ] unsigned char 
  b1              1   32[BANK0 ] unsigned char 
  tp_str          1   31[BANK0 ] PTR unsigned char 
		 -> STR_2(15), 
  b3              1   26[BANK0 ] unsigned char 
  b5              1   25[BANK0 ] unsigned char 
  b4              1   24[BANK0 ] unsigned char 
  rh_str          1   23[BANK0 ] PTR unsigned char 
		 -> STR_1(21), 
  ch              1    0        unsigned char 
 Return value:  Size  Location     Type
                  2   43[COMMON] int 
 Registers used:
		wreg, fsr0l, fsr0h, fsr1l, fsr1h, fsr1l, fsr1h, status,2, status,0, btemp+1, pclath, cstack
 Tracked objects:
		On entry : 
		On exit  : 
		Unchanged: 
 Data sizes:     COMMON   BANK0   BANK1   BANK3   BANK2
      Params:         0       0       0       0       0
      Locals:         0      12       0       0       0
      Temps:          0       4       0       0       0
      Totals:         0      16       0       0       0
Total ram usage:       16 bytes
 Hardware stack levels required when called:    4
 This function calls:
		_ds18b20_busy
		_ds18b20_init
		_ds18b20_read_byte
		_ds18b20_write_byte
		_init
		_itoa
		_serial_tx_newline
		_serial_tx_print
		_serial_tx_printline
 This function is called by:
		Startup code after reset
 This function uses a non-reentrant model


 *************** function _serial_tx_printline *****************
 Defined at:
		line 57 in file "C:\Users\Dinusha\Documents\PICProjects\PIC877AProjects\CProjects\DS18B20\serial.c"
 Parameters:    Size  Location     Type
  str             2    7[COMMON] PTR unsigned char 
		 -> main@buff(4), STR_4(3), STR_3(3), 
 Auto vars:     Size  Location     Type
		None
 Return value:  Size  Location     Type
		None               void
 Registers used:
		wreg, fsr0l, fsr0h, fsr1l, fsr1h, fsr1l, fsr1h, status,2, status,0, btemp+1, pclath, cstack
 Tracked objects:
		On entry : 
		On exit  : 
		Unchanged: 
 Data sizes:     COMMON   BANK0   BANK1   BANK3   BANK2
      Params:         2       0       0       0       0
      Locals:         0       0       0       0       0
      Temps:          0       0       0       0       0
      Totals:         2       0       0       0       0
Total ram usage:        2 bytes
 Hardware stack levels used:    1
 Hardware stack levels required when called:    3
 This function calls:
		_serial_tx_poll
		_serial_tx_print
 This function is called by:
		_main
 This function uses a non-reentrant model


 *************** function _serial_tx_print *****************
 Defined at:
		line 49 in file "C:\Users\Dinusha\Documents\PICProjects\PIC877AProjects\CProjects\DS18B20\serial.c"
 Parameters:    Size  Location     Type
  str             2    5[COMMON] PTR unsigned char 
		 -> main@buff(4), STR_4(3), STR_3(3), STR_2(15), 
 Auto vars:     Size  Location     Type
		None
 Return value:  Size  Location     Type
		None               void
 Registers used:
		wreg, fsr0l, fsr0h, status,2, status,0, btemp+1, pclath, cstack
 Tracked objects:
		On entry : 
		On exit  : 
		Unchanged: 
 Data sizes:     COMMON   BANK0   BANK1   BANK3   BANK2
      Params:         2       0       0       0       0
      Locals:         0       0       0       0       0
      Temps:          0       0       0       0       0
      Totals:         2       0       0       0       0
Total ram usage:        2 bytes
 Hardware stack levels used:    1
 Hardware stack levels required when called:    2
 This function calls:
		_serial_tx_poll
 This function is called by:
		_main
		_serial_tx_printline
 This function uses a non-reentrant model


 *************** function _serial_tx_newline *****************
 Defined at:
		line 67 in file "C:\Users\Dinusha\Documents\PICProjects\PIC877AProjects\CProjects\DS18B20\serial.c"
 Parameters:    Size  Location     Type
		None
 Auto vars:     Size  Location     Type
		None
 Return value:  Size  Location     Type
		None               void
 Registers used:
		wreg, status,2, status,0, pclath, cstack
 Tracked objects:
		On entry : 
		On exit  : 
		Unchanged: 
 Data sizes:     COMMON   BANK0   BANK1   BANK3   BANK2
      Params:         0       0       0       0       0
      Locals:         0       0       0       0       0
      Temps:          0       0       0       0       0
      Totals:         0       0       0       0       0
Total ram usage:        0 bytes
 Hardware stack levels used:    1
 Hardware stack levels required when called:    2
 This function calls:
		_serial_tx_poll
 This function is called by:
		_main
 This function uses a non-reentrant model


 *************** function _serial_tx_poll *****************
 Defined at:
		line 32 in file "C:\Users\Dinusha\Documents\PICProjects\PIC877AProjects\CProjects\DS18B20\serial.c"
 Parameters:    Size  Location     Type
  val             1    wreg     unsigned char 
 Auto vars:     Size  Location     Type
  val             1    4[COMMON] unsigned char 
 Return value:  Size  Location     Type
		None               void
 Registers used:
		wreg
 Tracked objects:
		On entry : 
		On exit  : 
		Unchanged: 
 Data sizes:     COMMON   BANK0   BANK1   BANK3   BANK2
      Params:         0       0       0       0       0
      Locals:         1       0       0       0       0
      Temps:          0       0       0       0       0
      Totals:         1       0       0       0       0
Total ram usage:        1 bytes
 Hardware stack levels used:    1
 Hardware stack levels required when called:    1
 This function calls:
		Nothing
 This function is called by:
		_serial_tx_print
		_serial_tx_printline
		_serial_tx_newline
		_serial_rx_readline
 This function uses a non-reentrant model


 *************** function _itoa *****************
 Defined at:
		line 4 in file "C:\Program Files (x86)\Microchip\xc8\v1.30\sources\common\itoa.c"
 Parameters:    Size  Location     Type
  buf             1    wreg     PTR unsigned char 
		 -> main@buff(4), 
  val             2   12[BANK0 ] int 
  base            2   14[BANK0 ] int 
 Auto vars:     Size  Location     Type
  buf             1   18[BANK0 ] PTR unsigned char 
		 -> main@buff(4), 
  cp              1   17[BANK0 ] PTR unsigned char 
		 -> main@buff(4), 
 Return value:  Size  Location     Type
                  1    wreg      PTR unsigned char 
 Registers used:
		wreg, fsr0l, fsr0h, fsr1l, fsr1h, fsr1l, fsr1h, status,2, status,0, btemp+1, pclath, cstack
 Tracked objects:
		On entry : 
		On exit  : 
		Unchanged: 
 Data sizes:     COMMON   BANK0   BANK1   BANK3   BANK2
      Params:         0       4       0       0       0
      Locals:         0       2       0       0       0
      Temps:          0       1       0       0       0
      Totals:         0       7       0       0       0
Total ram usage:        7 bytes
 Hardware stack levels used:    1
 Hardware stack levels required when called:    3
 This function calls:
		_utoa
 This function is called by:
		_main
 This function uses a non-reentrant model


 *************** function _utoa *****************
 Defined at:
		line 17 in file "C:\Program Files (x86)\Microchip\xc8\v1.30\sources\common\itoa.c"
 Parameters:    Size  Location     Type
  buf             1    wreg     PTR unsigned char 
		 -> main@buff(4), 
  val             2    3[BANK0 ] unsigned int 
  base            2    5[BANK0 ] int 
 Auto vars:     Size  Location     Type
  buf             1   11[BANK0 ] PTR unsigned char 
		 -> main@buff(4), 
  v               2    8[BANK0 ] unsigned int 
  c               1   10[BANK0 ] unsigned char 
 Return value:  Size  Location     Type
                  1    wreg      PTR unsigned char 
 Registers used:
		wreg, fsr0l, fsr0h, status,2, status,0, pclath, cstack
 Tracked objects:
		On entry : 
		On exit  : 
		Unchanged: 
 Data sizes:     COMMON   BANK0   BANK1   BANK3   BANK2
      Params:         0       4       0       0       0
      Locals:         0       4       0       0       0
      Temps:          0       1       0       0       0
      Totals:         0       9       0       0       0
Total ram usage:        9 bytes
 Hardware stack levels used:    1
 Hardware stack levels required when called:    2
 This function calls:
		___lwdiv
		___lwmod
 This function is called by:
		_itoa
 This function uses a non-reentrant model


 *************** function ___lwmod *****************
 Defined at:
		line 6 in file "C:\Program Files (x86)\Microchip\xc8\v1.30\sources\common\lwmod.c"
 Parameters:    Size  Location     Type
  divisor         2    4[COMMON] unsigned int 
  dividend        2    6[COMMON] unsigned int 
 Auto vars:     Size  Location     Type
  counter         1    9[COMMON] unsigned char 
 Return value:  Size  Location     Type
                  2    4[COMMON] unsigned int 
 Registers used:
		wreg, status,2, status,0
 Tracked objects:
		On entry : 
		On exit  : 
		Unchanged: 
 Data sizes:     COMMON   BANK0   BANK1   BANK3   BANK2
      Params:         4       0       0       0       0
      Locals:         1       0       0       0       0
      Temps:          1       0       0       0       0
      Totals:         6       0       0       0       0
Total ram usage:        6 bytes
 Hardware stack levels used:    1
 Hardware stack levels required when called:    1
 This function calls:
		Nothing
 This function is called by:
		_utoa
 This function uses a non-reentrant model


 *************** function ___lwdiv *****************
 Defined at:
		line 6 in file "C:\Program Files (x86)\Microchip\xc8\v1.30\sources\common\lwdiv.c"
 Parameters:    Size  Location     Type
  divisor         2    4[COMMON] unsigned int 
  dividend        2    6[COMMON] unsigned int 
 Auto vars:     Size  Location     Type
  quotient        2    0[BANK0 ] unsigned int 
  counter         1    2[BANK0 ] unsigned char 
 Return value:  Size  Location     Type
                  2    4[COMMON] unsigned int 
 Registers used:
		wreg, status,2, status,0
 Tracked objects:
		On entry : 
		On exit  : 
		Unchanged: 
 Data sizes:     COMMON   BANK0   BANK1   BANK3   BANK2
      Params:         4       0       0       0       0
      Locals:         0       3       0       0       0
      Temps:          1       0       0       0       0
      Totals:         5       3       0       0       0
Total ram usage:        8 bytes
 Hardware stack levels used:    1
 Hardware stack levels required when called:    1
 This function calls:
		Nothing
 This function is called by:
		_utoa
 This function uses a non-reentrant model


 *************** function _init *****************
 Defined at:
		line 17 in file "C:\Users\Dinusha\Documents\PICProjects\PIC877AProjects\CProjects\DS18B20\main.c"
 Parameters:    Size  Location     Type
		None
 Auto vars:     Size  Location     Type
		None
 Return value:  Size  Location     Type
		None               void
 Registers used:
		wreg, status,2, status,0, pclath, cstack
 Tracked objects:
		On entry : 
		On exit  : 
		Unchanged: 
 Data sizes:     COMMON   BANK0   BANK1   BANK3   BANK2
      Params:         0       0       0       0       0
      Locals:         0       0       0       0       0
      Temps:          0       0       0       0       0
      Totals:         0       0       0       0       0
Total ram usage:        0 bytes
 Hardware stack levels used:    1
 Hardware stack levels required when called:    2
 This function calls:
		_serial_init
 This function is called by:
		_main
 This function uses a non-reentrant model


 *************** function _serial_init *****************
 Defined at:
		line 5 in file "C:\Users\Dinusha\Documents\PICProjects\PIC877AProjects\CProjects\DS18B20\serial.c"
 Parameters:    Size  Location     Type
		None
 Auto vars:     Size  Location     Type
		None
 Return value:  Size  Location     Type
		None               void
 Registers used:
		None
 Tracked objects:
		On entry : 
		On exit  : 
		Unchanged: 
 Data sizes:     COMMON   BANK0   BANK1   BANK3   BANK2
      Params:         0       0       0       0       0
      Locals:         0       0       0       0       0
      Temps:          0       0       0       0       0
      Totals:         0       0       0       0       0
Total ram usage:        0 bytes
 Hardware stack levels used:    1
 Hardware stack levels required when called:    1
 This function calls:
		Nothing
 This function is called by:
		_init
 This function uses a non-reentrant model


 *************** function _ds18b20_write_byte *****************
 Defined at:
		line 34 in file "C:\Users\Dinusha\Documents\PICProjects\PIC877AProjects\CProjects\DS18B20\ds18b20.c"
 Parameters:    Size  Location     Type
  dta             1    wreg     unsigned char 
 Auto vars:     Size  Location     Type
  dta             1    8[COMMON] unsigned char 
  i               2    6[COMMON] int 
 Return value:  Size  Location     Type
		None               void
 Registers used:
		wreg, status,2, status,0, btemp+1
 Tracked objects:
		On entry : 
		On exit  : 
		Unchanged: 
 Data sizes:     COMMON   BANK0   BANK1   BANK3   BANK2
      Params:         0       0       0       0       0
      Locals:         3       0       0       0       0
      Temps:          2       0       0       0       0
      Totals:         5       0       0       0       0
Total ram usage:        5 bytes
 Hardware stack levels used:    1
 Hardware stack levels required when called:    1
 This function calls:
		Nothing
 This function is called by:
		_main
 This function uses a non-reentrant model


 *************** function _ds18b20_read_byte *****************
 Defined at:
		line 65 in file "C:\Users\Dinusha\Documents\PICProjects\PIC877AProjects\CProjects\DS18B20\ds18b20.c"
 Parameters:    Size  Location     Type
		None
 Auto vars:     Size  Location     Type
  i               2    7[COMMON] int 
  dta             1    6[COMMON] unsigned char 
 Return value:  Size  Location     Type
                  1    wreg      unsigned char 
 Registers used:
		wreg, status,2, status,0, btemp+1
 Tracked objects:
		On entry : 
		On exit  : 
		Unchanged: 
 Data sizes:     COMMON   BANK0   BANK1   BANK3   BANK2
      Params:         0       0       0       0       0
      Locals:         3       0       0       0       0
      Temps:          2       0       0       0       0
      Totals:         5       0       0       0       0
Total ram usage:        5 bytes
 Hardware stack levels used:    1
 Hardware stack levels required when called:    1
 This function calls:
		Nothing
 This function is called by:
		_main
 This function uses a non-reentrant model


 *************** function _ds18b20_init *****************
 Defined at:
		line 6 in file "C:\Users\Dinusha\Documents\PICProjects\PIC877AProjects\CProjects\DS18B20\ds18b20.c"
 Parameters:    Size  Location     Type
		None
 Auto vars:     Size  Location     Type
  ok              1    6[COMMON] unsigned char 
 Return value:  Size  Location     Type
                  1    wreg      unsigned char 
 Registers used:
		wreg, status,2
 Tracked objects:
		On entry : 
		On exit  : 
		Unchanged: 
 Data sizes:     COMMON   BANK0   BANK1   BANK3   BANK2
      Params:         0       0       0       0       0
      Locals:         1       0       0       0       0
      Temps:          2       0       0       0       0
      Totals:         3       0       0       0       0
Total ram usage:        3 bytes
 Hardware stack levels used:    1
 Hardware stack levels required when called:    1
 This function calls:
		Nothing
 This function is called by:
		_main
 This function uses a non-reentrant model


 *************** function _ds18b20_busy *****************
 Defined at:
		line 90 in file "C:\Users\Dinusha\Documents\PICProjects\PIC877AProjects\CProjects\DS18B20\ds18b20.c"
 Parameters:    Size  Location     Type
		None
 Auto vars:     Size  Location     Type
  busy            1    5[COMMON] unsigned char 
 Return value:  Size  Location     Type
                  1    wreg      unsigned char 
 Registers used:
		wreg, status,2
 Tracked objects:
		On entry : 
		On exit  : 
		Unchanged: 
 Data sizes:     COMMON   BANK0   BANK1   BANK3   BANK2
      Params:         0       0       0       0       0
      Locals:         1       0       0       0       0
      Temps:          1       0       0       0       0
      Totals:         2       0       0       0       0
Total ram usage:        2 bytes
 Hardware stack levels used:    1
 Hardware stack levels required when called:    1
 This function calls:
		Nothing
 This function is called by:
		_main
 This function uses a non-reentrant model


 *************** function _tc_int *****************
 Defined at:
		line 123 in file "C:\Users\Dinusha\Documents\PICProjects\PIC877AProjects\CProjects\DS18B20\main.c"
 Parameters:    Size  Location     Type
		None
 Auto vars:     Size  Location     Type
		None
 Return value:  Size  Location     Type
		None               void
 Registers used:
		status,2
 Tracked objects:
		On entry : 
		On exit  : 
		Unchanged: 
 Data sizes:     COMMON   BANK0   BANK1   BANK3   BANK2
      Params:         0       0       0       0       0
      Locals:         0       0       0       0       0
      Temps:          4       0       0       0       0
      Totals:         4       0       0       0       0
Total ram usage:        4 bytes
 Hardware stack levels used:    1
 This function calls:
		Nothing
 This function is called by:
		Interrupt level 1
 This function uses a non-reentrant model



MODULE INFORMATION

Module		Function		Class		Link	Load	Size
C:\Program Files (x86)\Microchip\xc8\v1.30\sources\common\lwdiv.c
		___lwdiv       		CODE           	026B	0000	64

C:\Program Files (x86)\Microchip\xc8\v1.30\sources\common\lwdiv.c estimated size: 64

shared
		__stringtab    		STRING         	02AB	0000	16
		__stringdata   		STRING         	02BB	0000	39
		__initializatio		CODE           	0015	0000	0

shared estimated size: 55

C:\Program Files (x86)\Microchip\xc8\v1.30\sources\common\itoa.c
		_itoa          		CODE           	0348	0000	42
		_utoa          		CODE           	014D	0000	126

C:\Program Files (x86)\Microchip\xc8\v1.30\sources\common\itoa.c estimated size: 168

C:\Users\Dinusha\Documents\PICProjects\PIC877AProjects\CProjects\DS18B20\serial.c
		_serial_tx_prin		CODE           	0398	0000	35
		_serial_tx_prin		CODE           	03BB	0000	22
		_serial_init   		CODE           	03E6	0000	19
		_serial_tx_newl		CODE           	0409	0000	11
		_serial_tx_poll		CODE           	0414	0000	8

C:\Users\Dinusha\Documents\PICProjects\PIC877AProjects\CProjects\DS18B20\serial.c estimated size: 95

C:\Users\Dinusha\Documents\PICProjects\PIC877AProjects\CProjects\DS18B20\ds18b20.c
		_ds18b20_write_		CODE           	0222	0000	73
		_ds18b20_init  		CODE           	0316	0000	50
		_ds18b20_busy  		CODE           	0372	0000	38
		_ds18b20_read_b		CODE           	01CB	0000	87

C:\Users\Dinusha\Documents\PICProjects\PIC877AProjects\CProjects\DS18B20\ds18b20.c estimated size: 248

C:\Users\Dinusha\Documents\PICProjects\PIC877AProjects\CProjects\DS18B20\main.c
		_init          		CODE           	03D1	0000	21
		_main          		CODE           	0019	0000	308
		_tc_int        		CODE           	03F9	0000	16

C:\Users\Dinusha\Documents\PICProjects\PIC877AProjects\CProjects\DS18B20\main.c estimated size: 345

C:\Program Files (x86)\Microchip\xc8\v1.30\sources\common\lwmod.c
		___lwmod       		CODE           	02E2	0000	52

C:\Program Files (x86)\Microchip\xc8\v1.30\sources\common\lwmod.c estimated size: 52

