MPLINK 4.41, Linker
Linker Map File - Created Sun Sep 01 19:38:04 2013

                                 Section Info
                  Section       Type    Address   Location Size(Bytes)
                ---------  ---------  ---------  ---------  ---------
                   .org_0       code   0x000000    program   0x00004a
                   .cinit    romdata   0x00004a    program   0x000002
   .config_300001_BLINK.O    romdata   0x300001    program   0x000001
   .config_300003_BLINK.O    romdata   0x300003    program   0x000001
   .config_300006_BLINK.O    romdata   0x300006    program   0x000001



                              Program Memory Usage 
                               Start         End      
                           ---------   ---------      
                            0x000000    0x00004b      
                            0x300001    0x300001      
                            0x300003    0x300003      
                            0x300006    0x300006      
            79 out of 33048 program addresses used, program memory utilization is 0%



                              Symbols - Sorted by Name
                     Name    Address   Location    Storage File                     
                ---------  ---------  ---------  --------- ---------                
                   Delay1   0x000000    program     static C:\Users\Dinusha\Documents\PICProjects\Blink\blink.asm
                   Delay2   0x000002    program     static C:\Users\Dinusha\Documents\PICProjects\Blink\blink.asm
                  Delay_1   0x00003c    program     static C:\Users\Dinusha\Documents\PICProjects\Blink\blink.asm
                 MainLoop   0x000008    program     static C:\Users\Dinusha\Documents\PICProjects\Blink\blink.asm
                    Start   0x000004    program     static C:\Users\Dinusha\Documents\PICProjects\Blink\blink.asm



                              Symbols - Sorted by Address
                     Name    Address   Location    Storage File                     
                ---------  ---------  ---------  --------- ---------                
                   Delay1   0x000000    program     static C:\Users\Dinusha\Documents\PICProjects\Blink\blink.asm
                   Delay2   0x000002    program     static C:\Users\Dinusha\Documents\PICProjects\Blink\blink.asm
                    Start   0x000004    program     static C:\Users\Dinusha\Documents\PICProjects\Blink\blink.asm
                 MainLoop   0x000008    program     static C:\Users\Dinusha\Documents\PICProjects\Blink\blink.asm
                  Delay_1   0x00003c    program     static C:\Users\Dinusha\Documents\PICProjects\Blink\blink.asm


