MPLINK 4.41, Linker
Linker Map File - Created Tue Dec 17 22:33:07 2013

                                 Section Info
                  Section       Type    Address   Location Size(Bytes)
                ---------  ---------  ---------  ---------  ---------
             RESET_VECTOR       code   0x000000    program   0x000002
                   .cinit    romdata   0x000001    program   0x000004
               INT_VECTOR       code   0x000004    program   0x000014
                MAIN_PROG       code   0x00000e    program   0x0000a0
     .config_2007_START.O       code   0x002007    program   0x000002
                  INT_VAR      udata   0x0000a0       data   0x000009
                 INT_VAR1      udata   0x0000a9       data   0x000001



                              Program Memory Usage 
                               Start         End      
                           ---------   ---------      
                            0x000000    0x000002      
                            0x000004    0x00005d      
                            0x002007    0x002007      
            94 out of 2054 program addresses used, program memory utilization is 4%



                              Symbols - Sorted by Name
                     Name    Address   Location    Storage File                     
                ---------  ---------  ---------  --------- ---------                
                INTERRUPT   0x000004    program     static C:\Users\Dinusha\Documents\PICProjects\SevenSegment716\START.ASM
                 MAINLOOP   0x000019    program     static C:\Users\Dinusha\Documents\PICProjects\SevenSegment716\START.ASM
                    c1_hi   0x00001d    program     static C:\Users\Dinusha\Documents\PICProjects\SevenSegment716\START.ASM
                    c1_lo   0x000025    program     static C:\Users\Dinusha\Documents\PICProjects\SevenSegment716\START.ASM
                    c2_hi   0x000027    program     static C:\Users\Dinusha\Documents\PICProjects\SevenSegment716\START.ASM
                    c2_lo   0x00002f    program     static C:\Users\Dinusha\Documents\PICProjects\SevenSegment716\START.ASM
                    c3_hi   0x000031    program     static C:\Users\Dinusha\Documents\PICProjects\SevenSegment716\START.ASM
                    c3_lo   0x000038    program     static C:\Users\Dinusha\Documents\PICProjects\SevenSegment716\START.ASM
             counter_loop   0x00001d    program     static C:\Users\Dinusha\Documents\PICProjects\SevenSegment716\START.ASM
                   get7sc   0x000053    program     static C:\Users\Dinusha\Documents\PICProjects\SevenSegment716\START.ASM
                    start   0x00000e    program     static C:\Users\Dinusha\Documents\PICProjects\SevenSegment716\START.ASM
                    w_tmr   0x000048    program     static C:\Users\Dinusha\Documents\PICProjects\SevenSegment716\START.ASM
               wait_delay   0x000046    program     static C:\Users\Dinusha\Documents\PICProjects\SevenSegment716\START.ASM
                   wait_s   0x000047    program     static C:\Users\Dinusha\Documents\PICProjects\SevenSegment716\START.ASM
          counter_value_1   0x0000a6       data     static C:\Users\Dinusha\Documents\PICProjects\SevenSegment716\START.ASM
          counter_value_2   0x0000a7       data     static C:\Users\Dinusha\Documents\PICProjects\SevenSegment716\START.ASM
              delay_count   0x0000a3       data     static C:\Users\Dinusha\Documents\PICProjects\SevenSegment716\START.ASM
                  mpx_cnt   0x0000a8       data     static C:\Users\Dinusha\Documents\PICProjects\SevenSegment716\START.ASM
             sample_count   0x0000a2       data     static C:\Users\Dinusha\Documents\PICProjects\SevenSegment716\START.ASM
              scale_value   0x0000a5       data     static C:\Users\Dinusha\Documents\PICProjects\SevenSegment716\START.ASM
              status_temp   0x0000a1       data     static C:\Users\Dinusha\Documents\PICProjects\SevenSegment716\START.ASM
              time_scaler   0x0000a4       data     static C:\Users\Dinusha\Documents\PICProjects\SevenSegment716\START.ASM
                  w1_temp   0x0000a9       data     static C:\Users\Dinusha\Documents\PICProjects\SevenSegment716\START.ASM
                   w_temp   0x0000a0       data     static C:\Users\Dinusha\Documents\PICProjects\SevenSegment716\START.ASM



                              Symbols - Sorted by Address
                     Name    Address   Location    Storage File                     
                ---------  ---------  ---------  --------- ---------                
                INTERRUPT   0x000004    program     static C:\Users\Dinusha\Documents\PICProjects\SevenSegment716\START.ASM
                    start   0x00000e    program     static C:\Users\Dinusha\Documents\PICProjects\SevenSegment716\START.ASM
                 MAINLOOP   0x000019    program     static C:\Users\Dinusha\Documents\PICProjects\SevenSegment716\START.ASM
                    c1_hi   0x00001d    program     static C:\Users\Dinusha\Documents\PICProjects\SevenSegment716\START.ASM
             counter_loop   0x00001d    program     static C:\Users\Dinusha\Documents\PICProjects\SevenSegment716\START.ASM
                    c1_lo   0x000025    program     static C:\Users\Dinusha\Documents\PICProjects\SevenSegment716\START.ASM
                    c2_hi   0x000027    program     static C:\Users\Dinusha\Documents\PICProjects\SevenSegment716\START.ASM
                    c2_lo   0x00002f    program     static C:\Users\Dinusha\Documents\PICProjects\SevenSegment716\START.ASM
                    c3_hi   0x000031    program     static C:\Users\Dinusha\Documents\PICProjects\SevenSegment716\START.ASM
                    c3_lo   0x000038    program     static C:\Users\Dinusha\Documents\PICProjects\SevenSegment716\START.ASM
               wait_delay   0x000046    program     static C:\Users\Dinusha\Documents\PICProjects\SevenSegment716\START.ASM
                   wait_s   0x000047    program     static C:\Users\Dinusha\Documents\PICProjects\SevenSegment716\START.ASM
                    w_tmr   0x000048    program     static C:\Users\Dinusha\Documents\PICProjects\SevenSegment716\START.ASM
                   get7sc   0x000053    program     static C:\Users\Dinusha\Documents\PICProjects\SevenSegment716\START.ASM
                   w_temp   0x0000a0       data     static C:\Users\Dinusha\Documents\PICProjects\SevenSegment716\START.ASM
              status_temp   0x0000a1       data     static C:\Users\Dinusha\Documents\PICProjects\SevenSegment716\START.ASM
             sample_count   0x0000a2       data     static C:\Users\Dinusha\Documents\PICProjects\SevenSegment716\START.ASM
              delay_count   0x0000a3       data     static C:\Users\Dinusha\Documents\PICProjects\SevenSegment716\START.ASM
              time_scaler   0x0000a4       data     static C:\Users\Dinusha\Documents\PICProjects\SevenSegment716\START.ASM
              scale_value   0x0000a5       data     static C:\Users\Dinusha\Documents\PICProjects\SevenSegment716\START.ASM
          counter_value_1   0x0000a6       data     static C:\Users\Dinusha\Documents\PICProjects\SevenSegment716\START.ASM
          counter_value_2   0x0000a7       data     static C:\Users\Dinusha\Documents\PICProjects\SevenSegment716\START.ASM
                  mpx_cnt   0x0000a8       data     static C:\Users\Dinusha\Documents\PICProjects\SevenSegment716\START.ASM
                  w1_temp   0x0000a9       data     static C:\Users\Dinusha\Documents\PICProjects\SevenSegment716\START.ASM


