MPLINK 4.41, Linker
Linker Map File - Created Sat Jan 11 10:00:25 2014

                                 Section Info
                  Section       Type    Address   Location Size(Bytes)
                ---------  ---------  ---------  ---------  ---------
             RESET_VECTOR       code   0x000000    program   0x000002
                   .cinit    romdata   0x000001    program   0x000004
               INT_VECTOR       code   0x000004    program   0x000010
                MAIN_PROG       code   0x00000c    program   0x000052
      .config_2007_MAIN.O       code   0x002007    program   0x000002
                       EE       code   0x002100    program   0x000008
                  INT_VAR      udata   0x000070       data   0x000002
                   .udata      udata   0x000120       data   0x000003



                              Program Memory Usage 
                               Start         End      
                           ---------   ---------      
                            0x000000    0x000002      
                            0x000004    0x000034      
                            0x002007    0x002007      
                            0x002100    0x002103      
            57 out of 2182 program addresses used, program memory utilization is 2%



                              Symbols - Sorted by Name
                     Name    Address   Location    Storage File                     
                ---------  ---------  ---------  --------- ---------                
                   Delay1   0x000028    program     static C:\Users\Dinusha\Documents\PICProjects\LED_Patterns1\MAIN.ASM
                 Delay255   0x000022    program     static C:\Users\Dinusha\Documents\PICProjects\LED_Patterns1\MAIN.ASM
                  Delay30   0x000024    program     static C:\Users\Dinusha\Documents\PICProjects\LED_Patterns1\MAIN.ASM
                   Delay5   0x000026    program     static C:\Users\Dinusha\Documents\PICProjects\LED_Patterns1\MAIN.ASM
                  Delay_0   0x00002e    program     static C:\Users\Dinusha\Documents\PICProjects\LED_Patterns1\MAIN.ASM
                INTERRUPT   0x000004    program     static C:\Users\Dinusha\Documents\PICProjects\LED_Patterns1\MAIN.ASM
                 MainLoop   0x000012    program     static C:\Users\Dinusha\Documents\PICProjects\LED_Patterns1\MAIN.ASM
                    START   0x00000c    program     static C:\Users\Dinusha\Documents\PICProjects\LED_Patterns1\MAIN.ASM
                    START   0x00000c    program     static C:\Users\Dinusha\Documents\PICProjects\LED_Patterns1\MAIN.ASM
          _MAIN_PROG_0023   0x00002f    program     static C:\Users\Dinusha\Documents\PICProjects\LED_Patterns1\MAIN.ASM
                       d0   0x000029    program     static C:\Users\Dinusha\Documents\PICProjects\LED_Patterns1\MAIN.ASM
                       d1   0x00002a    program     static C:\Users\Dinusha\Documents\PICProjects\LED_Patterns1\MAIN.ASM
                   count1   0x000120       data     static C:\Users\Dinusha\Documents\PICProjects\LED_Patterns1\MAIN.ASM
                   counta   0x000121       data     static C:\Users\Dinusha\Documents\PICProjects\LED_Patterns1\MAIN.ASM
                   countb   0x000122       data     static C:\Users\Dinusha\Documents\PICProjects\LED_Patterns1\MAIN.ASM
              status_temp   0x000071       data     static C:\Users\Dinusha\Documents\PICProjects\LED_Patterns1\MAIN.ASM
                   w_temp   0x000070       data     static C:\Users\Dinusha\Documents\PICProjects\LED_Patterns1\MAIN.ASM



                              Symbols - Sorted by Address
                     Name    Address   Location    Storage File                     
                ---------  ---------  ---------  --------- ---------                
                INTERRUPT   0x000004    program     static C:\Users\Dinusha\Documents\PICProjects\LED_Patterns1\MAIN.ASM
                    START   0x00000c    program     static C:\Users\Dinusha\Documents\PICProjects\LED_Patterns1\MAIN.ASM
                    START   0x00000c    program     static C:\Users\Dinusha\Documents\PICProjects\LED_Patterns1\MAIN.ASM
                 MainLoop   0x000012    program     static C:\Users\Dinusha\Documents\PICProjects\LED_Patterns1\MAIN.ASM
                 Delay255   0x000022    program     static C:\Users\Dinusha\Documents\PICProjects\LED_Patterns1\MAIN.ASM
                  Delay30   0x000024    program     static C:\Users\Dinusha\Documents\PICProjects\LED_Patterns1\MAIN.ASM
                   Delay5   0x000026    program     static C:\Users\Dinusha\Documents\PICProjects\LED_Patterns1\MAIN.ASM
                   Delay1   0x000028    program     static C:\Users\Dinusha\Documents\PICProjects\LED_Patterns1\MAIN.ASM
                       d0   0x000029    program     static C:\Users\Dinusha\Documents\PICProjects\LED_Patterns1\MAIN.ASM
                       d1   0x00002a    program     static C:\Users\Dinusha\Documents\PICProjects\LED_Patterns1\MAIN.ASM
                  Delay_0   0x00002e    program     static C:\Users\Dinusha\Documents\PICProjects\LED_Patterns1\MAIN.ASM
          _MAIN_PROG_0023   0x00002f    program     static C:\Users\Dinusha\Documents\PICProjects\LED_Patterns1\MAIN.ASM
                   w_temp   0x000070       data     static C:\Users\Dinusha\Documents\PICProjects\LED_Patterns1\MAIN.ASM
              status_temp   0x000071       data     static C:\Users\Dinusha\Documents\PICProjects\LED_Patterns1\MAIN.ASM
                   count1   0x000120       data     static C:\Users\Dinusha\Documents\PICProjects\LED_Patterns1\MAIN.ASM
                   counta   0x000121       data     static C:\Users\Dinusha\Documents\PICProjects\LED_Patterns1\MAIN.ASM
                   countb   0x000122       data     static C:\Users\Dinusha\Documents\PICProjects\LED_Patterns1\MAIN.ASM


