MPLINK 4.41, Linker
Linker Map File - Created Sun Nov 17 15:46:05 2013

                                 Section Info
                  Section       Type    Address   Location Size(Bytes)
                ---------  ---------  ---------  ---------  ---------
             RESET_VECTOR       code   0x000000    program   0x000002
                   .cinit    romdata   0x000001    program   0x000004
               INT_VECTOR       code   0x000004    program   0x000010
                MAIN_PROG       code   0x00000c    program   0x000052
     .config_2007_INPUT.O       code   0x002007    program   0x000002
                       EE       code   0x002100    program   0x000008
                  INT_VAR      udata   0x000070       data   0x000003
                   .udata      udata   0x000120       data   0x000002



                              Program Memory Usage 
                               Start         End      
                           ---------   ---------      
                            0x000000    0x000002      
                            0x000004    0x000034      
                            0x002007    0x002007      
                            0x002100    0x002103      
            57 out of 2182 program addresses used, program memory utilization is 2%



                              Symbols - Sorted by Name
                     Name    Address   Location    Storage File                     
                ---------  ---------  ---------  --------- ---------                
                INTERRUPT   0x000004    program     static C:\Users\Dinusha\Documents\PICProjects\Input3\INPUT.ASM
                 MAINLOOP   0x00001b    program     static C:\Users\Dinusha\Documents\PICProjects\Input3\INPUT.ASM
                    START   0x00000c    program     static C:\Users\Dinusha\Documents\PICProjects\Input3\INPUT.ASM
               data_reset   0x00001b    program     static C:\Users\Dinusha\Documents\PICProjects\Input3\INPUT.ASM
            data_reset_up   0x000029    program     static C:\Users\Dinusha\Documents\PICProjects\Input3\INPUT.ASM
           sampling_start   0x00001f    program     static C:\Users\Dinusha\Documents\PICProjects\Input3\INPUT.ASM
        sampling_start_up   0x00002d    program     static C:\Users\Dinusha\Documents\PICProjects\Input3\INPUT.ASM
              delay_count   0x000121       data     static C:\Users\Dinusha\Documents\PICProjects\Input3\INPUT.ASM
                    sGPIO   0x000072       data     static C:\Users\Dinusha\Documents\PICProjects\Input3\INPUT.ASM
             sample_count   0x000120       data     static C:\Users\Dinusha\Documents\PICProjects\Input3\INPUT.ASM
              status_temp   0x000071       data     static C:\Users\Dinusha\Documents\PICProjects\Input3\INPUT.ASM
                   w_temp   0x000070       data     static C:\Users\Dinusha\Documents\PICProjects\Input3\INPUT.ASM



                              Symbols - Sorted by Address
                     Name    Address   Location    Storage File                     
                ---------  ---------  ---------  --------- ---------                
                INTERRUPT   0x000004    program     static C:\Users\Dinusha\Documents\PICProjects\Input3\INPUT.ASM
                    START   0x00000c    program     static C:\Users\Dinusha\Documents\PICProjects\Input3\INPUT.ASM
                 MAINLOOP   0x00001b    program     static C:\Users\Dinusha\Documents\PICProjects\Input3\INPUT.ASM
               data_reset   0x00001b    program     static C:\Users\Dinusha\Documents\PICProjects\Input3\INPUT.ASM
           sampling_start   0x00001f    program     static C:\Users\Dinusha\Documents\PICProjects\Input3\INPUT.ASM
            data_reset_up   0x000029    program     static C:\Users\Dinusha\Documents\PICProjects\Input3\INPUT.ASM
        sampling_start_up   0x00002d    program     static C:\Users\Dinusha\Documents\PICProjects\Input3\INPUT.ASM
                   w_temp   0x000070       data     static C:\Users\Dinusha\Documents\PICProjects\Input3\INPUT.ASM
              status_temp   0x000071       data     static C:\Users\Dinusha\Documents\PICProjects\Input3\INPUT.ASM
                    sGPIO   0x000072       data     static C:\Users\Dinusha\Documents\PICProjects\Input3\INPUT.ASM
             sample_count   0x000120       data     static C:\Users\Dinusha\Documents\PICProjects\Input3\INPUT.ASM
              delay_count   0x000121       data     static C:\Users\Dinusha\Documents\PICProjects\Input3\INPUT.ASM


