MPLINK 4.41, Linker
Linker Map File - Created Tue Nov 19 00:06:47 2013

                                 Section Info
                  Section       Type    Address   Location Size(Bytes)
                ---------  ---------  ---------  ---------  ---------
             RESET_VECTOR       code   0x000000    program   0x000002
                   .cinit    romdata   0x000001    program   0x000004
               INT_VECTOR       code   0x000004    program   0x000010
                MAIN_PROG       code   0x00000c    program   0x000046
     .config_2007_INPUT.O       code   0x002007    program   0x000002
                       EE       code   0x002100    program   0x000008
                  INT_VAR      udata   0x000070       data   0x000003
                   .udata      udata   0x000120       data   0x000002



                              Program Memory Usage 
                               Start         End      
                           ---------   ---------      
                            0x000000    0x000002      
                            0x000004    0x00002e      
                            0x002007    0x002007      
                            0x002100    0x002103      
            51 out of 2182 program addresses used, program memory utilization is 2%



                              Symbols - Sorted by Name
                     Name    Address   Location    Storage File                     
                ---------  ---------  ---------  --------- ---------                
                INTERRUPT   0x000004    program     static C:\Users\Dinusha\Documents\PICProjects\Timer0_1\INPUT.ASM
                 MAINLOOP   0x000014    program     static C:\Users\Dinusha\Documents\PICProjects\Timer0_1\INPUT.ASM
                    START   0x00000c    program     static C:\Users\Dinusha\Documents\PICProjects\Timer0_1\INPUT.ASM
             time_1_reset   0x000015    program     static C:\Users\Dinusha\Documents\PICProjects\Timer0_1\INPUT.ASM
             time_2_reset   0x000022    program     static C:\Users\Dinusha\Documents\PICProjects\Timer0_1\INPUT.ASM
              time_loop_1   0x000016    program     static C:\Users\Dinusha\Documents\PICProjects\Timer0_1\INPUT.ASM
              time_loop_2   0x000023    program     static C:\Users\Dinusha\Documents\PICProjects\Timer0_1\INPUT.ASM
              delay_count   0x000121       data     static C:\Users\Dinusha\Documents\PICProjects\Timer0_1\INPUT.ASM
                    sGPIO   0x000072       data     static C:\Users\Dinusha\Documents\PICProjects\Timer0_1\INPUT.ASM
             sample_count   0x000120       data     static C:\Users\Dinusha\Documents\PICProjects\Timer0_1\INPUT.ASM
              status_temp   0x000071       data     static C:\Users\Dinusha\Documents\PICProjects\Timer0_1\INPUT.ASM
                   w_temp   0x000070       data     static C:\Users\Dinusha\Documents\PICProjects\Timer0_1\INPUT.ASM



                              Symbols - Sorted by Address
                     Name    Address   Location    Storage File                     
                ---------  ---------  ---------  --------- ---------                
                INTERRUPT   0x000004    program     static C:\Users\Dinusha\Documents\PICProjects\Timer0_1\INPUT.ASM
                    START   0x00000c    program     static C:\Users\Dinusha\Documents\PICProjects\Timer0_1\INPUT.ASM
                 MAINLOOP   0x000014    program     static C:\Users\Dinusha\Documents\PICProjects\Timer0_1\INPUT.ASM
             time_1_reset   0x000015    program     static C:\Users\Dinusha\Documents\PICProjects\Timer0_1\INPUT.ASM
              time_loop_1   0x000016    program     static C:\Users\Dinusha\Documents\PICProjects\Timer0_1\INPUT.ASM
             time_2_reset   0x000022    program     static C:\Users\Dinusha\Documents\PICProjects\Timer0_1\INPUT.ASM
              time_loop_2   0x000023    program     static C:\Users\Dinusha\Documents\PICProjects\Timer0_1\INPUT.ASM
                   w_temp   0x000070       data     static C:\Users\Dinusha\Documents\PICProjects\Timer0_1\INPUT.ASM
              status_temp   0x000071       data     static C:\Users\Dinusha\Documents\PICProjects\Timer0_1\INPUT.ASM
                    sGPIO   0x000072       data     static C:\Users\Dinusha\Documents\PICProjects\Timer0_1\INPUT.ASM
             sample_count   0x000120       data     static C:\Users\Dinusha\Documents\PICProjects\Timer0_1\INPUT.ASM
              delay_count   0x000121       data     static C:\Users\Dinusha\Documents\PICProjects\Timer0_1\INPUT.ASM


