MPLINK 4.41, Linker
Linker Map File - Created Sat Jan 11 13:33:42 2014

                                 Section Info
                  Section       Type    Address   Location Size(Bytes)
                ---------  ---------  ---------  ---------  ---------
             RESET_VECTOR       code   0x000000    program   0x000002
                   .cinit    romdata   0x000001    program   0x000004
               INT_VECTOR       code   0x000004    program   0x000010
                MAIN_PROG       code   0x00000c    program   0x0000a8
      .config_2007_MAIN.O       code   0x002007    program   0x000002
                       EE       code   0x002100    program   0x000008
                  INT_VAR      udata   0x000070       data   0x000008



                              Program Memory Usage 
                               Start         End      
                           ---------   ---------      
                            0x000000    0x000002      
                            0x000004    0x00005f      
                            0x002007    0x002007      
                            0x002100    0x002103      
            100 out of 2182 program addresses used, program memory utilization is 4%



                              Symbols - Sorted by Name
                     Name    Address   Location    Storage File                     
                ---------  ---------  ---------  --------- ---------                
                   Delay1   0x000025    program     static C:\Users\Dinusha\Documents\PICProjects\LED_Patterns2\MAIN.ASM
                  Delay10   0x00001f    program     static C:\Users\Dinusha\Documents\PICProjects\LED_Patterns2\MAIN.ASM
                   Delay2   0x000023    program     static C:\Users\Dinusha\Documents\PICProjects\LED_Patterns2\MAIN.ASM
                 Delay255   0x00001b    program     static C:\Users\Dinusha\Documents\PICProjects\LED_Patterns2\MAIN.ASM
                  Delay30   0x00001d    program     static C:\Users\Dinusha\Documents\PICProjects\LED_Patterns2\MAIN.ASM
                   Delay5   0x000021    program     static C:\Users\Dinusha\Documents\PICProjects\LED_Patterns2\MAIN.ASM
                  Delay_0   0x00002b    program     static C:\Users\Dinusha\Documents\PICProjects\LED_Patterns2\MAIN.ASM
                INTERRUPT   0x000004    program     static C:\Users\Dinusha\Documents\PICProjects\LED_Patterns2\MAIN.ASM
                 MAINLOOP   0x000014    program     static C:\Users\Dinusha\Documents\PICProjects\LED_Patterns2\MAIN.ASM
                    START   0x00000c    program     static C:\Users\Dinusha\Documents\PICProjects\LED_Patterns2\MAIN.ASM
          _MAIN_PROG_0020   0x00002c    program     static C:\Users\Dinusha\Documents\PICProjects\LED_Patterns2\MAIN.ASM
                       d0   0x000026    program     static C:\Users\Dinusha\Documents\PICProjects\LED_Patterns2\MAIN.ASM
                       d1   0x000027    program     static C:\Users\Dinusha\Documents\PICProjects\LED_Patterns2\MAIN.ASM
         invert_increment   0x00005d    program     static C:\Users\Dinusha\Documents\PICProjects\LED_Patterns2\MAIN.ASM
                    pat_1   0x000032    program     static C:\Users\Dinusha\Documents\PICProjects\LED_Patterns2\MAIN.ASM
                    pat_2   0x00003b    program     static C:\Users\Dinusha\Documents\PICProjects\LED_Patterns2\MAIN.ASM
                    pat_3   0x000044    program     static C:\Users\Dinusha\Documents\PICProjects\LED_Patterns2\MAIN.ASM
             pat_composer   0x00004d    program     static C:\Users\Dinusha\Documents\PICProjects\LED_Patterns2\MAIN.ASM
                   count1   0x000072       data     static C:\Users\Dinusha\Documents\PICProjects\LED_Patterns2\MAIN.ASM
                   counta   0x000073       data     static C:\Users\Dinusha\Documents\PICProjects\LED_Patterns2\MAIN.ASM
                   countb   0x000074       data     static C:\Users\Dinusha\Documents\PICProjects\LED_Patterns2\MAIN.ASM
                  pattern   0x000075       data     static C:\Users\Dinusha\Documents\PICProjects\LED_Patterns2\MAIN.ASM
         pattern1_counter   0x000076       data     static C:\Users\Dinusha\Documents\PICProjects\LED_Patterns2\MAIN.ASM
       pattern1_increment   0x000077       data     static C:\Users\Dinusha\Documents\PICProjects\LED_Patterns2\MAIN.ASM
              status_temp   0x000071       data     static C:\Users\Dinusha\Documents\PICProjects\LED_Patterns2\MAIN.ASM
                   w_temp   0x000070       data     static C:\Users\Dinusha\Documents\PICProjects\LED_Patterns2\MAIN.ASM



                              Symbols - Sorted by Address
                     Name    Address   Location    Storage File                     
                ---------  ---------  ---------  --------- ---------                
                INTERRUPT   0x000004    program     static C:\Users\Dinusha\Documents\PICProjects\LED_Patterns2\MAIN.ASM
                    START   0x00000c    program     static C:\Users\Dinusha\Documents\PICProjects\LED_Patterns2\MAIN.ASM
                 MAINLOOP   0x000014    program     static C:\Users\Dinusha\Documents\PICProjects\LED_Patterns2\MAIN.ASM
                 Delay255   0x00001b    program     static C:\Users\Dinusha\Documents\PICProjects\LED_Patterns2\MAIN.ASM
                  Delay30   0x00001d    program     static C:\Users\Dinusha\Documents\PICProjects\LED_Patterns2\MAIN.ASM
                  Delay10   0x00001f    program     static C:\Users\Dinusha\Documents\PICProjects\LED_Patterns2\MAIN.ASM
                   Delay5   0x000021    program     static C:\Users\Dinusha\Documents\PICProjects\LED_Patterns2\MAIN.ASM
                   Delay2   0x000023    program     static C:\Users\Dinusha\Documents\PICProjects\LED_Patterns2\MAIN.ASM
                   Delay1   0x000025    program     static C:\Users\Dinusha\Documents\PICProjects\LED_Patterns2\MAIN.ASM
                       d0   0x000026    program     static C:\Users\Dinusha\Documents\PICProjects\LED_Patterns2\MAIN.ASM
                       d1   0x000027    program     static C:\Users\Dinusha\Documents\PICProjects\LED_Patterns2\MAIN.ASM
                  Delay_0   0x00002b    program     static C:\Users\Dinusha\Documents\PICProjects\LED_Patterns2\MAIN.ASM
          _MAIN_PROG_0020   0x00002c    program     static C:\Users\Dinusha\Documents\PICProjects\LED_Patterns2\MAIN.ASM
                    pat_1   0x000032    program     static C:\Users\Dinusha\Documents\PICProjects\LED_Patterns2\MAIN.ASM
                    pat_2   0x00003b    program     static C:\Users\Dinusha\Documents\PICProjects\LED_Patterns2\MAIN.ASM
                    pat_3   0x000044    program     static C:\Users\Dinusha\Documents\PICProjects\LED_Patterns2\MAIN.ASM
             pat_composer   0x00004d    program     static C:\Users\Dinusha\Documents\PICProjects\LED_Patterns2\MAIN.ASM
         invert_increment   0x00005d    program     static C:\Users\Dinusha\Documents\PICProjects\LED_Patterns2\MAIN.ASM
                   w_temp   0x000070       data     static C:\Users\Dinusha\Documents\PICProjects\LED_Patterns2\MAIN.ASM
              status_temp   0x000071       data     static C:\Users\Dinusha\Documents\PICProjects\LED_Patterns2\MAIN.ASM
                   count1   0x000072       data     static C:\Users\Dinusha\Documents\PICProjects\LED_Patterns2\MAIN.ASM
                   counta   0x000073       data     static C:\Users\Dinusha\Documents\PICProjects\LED_Patterns2\MAIN.ASM
                   countb   0x000074       data     static C:\Users\Dinusha\Documents\PICProjects\LED_Patterns2\MAIN.ASM
                  pattern   0x000075       data     static C:\Users\Dinusha\Documents\PICProjects\LED_Patterns2\MAIN.ASM
         pattern1_counter   0x000076       data     static C:\Users\Dinusha\Documents\PICProjects\LED_Patterns2\MAIN.ASM
       pattern1_increment   0x000077       data     static C:\Users\Dinusha\Documents\PICProjects\LED_Patterns2\MAIN.ASM


