MPLINK 4.41, Linker
Linker Map File - Created Mon Jan 20 23:04:24 2014

                                 Section Info
                  Section       Type    Address   Location Size(Bytes)
                ---------  ---------  ---------  ---------  ---------
             RESET_VECTOR       code   0x000000    program   0x000002
                   .cinit    romdata   0x000001    program   0x000004
               INT_VECTOR       code   0x000004    program   0x000014
                MAIN_PROG       code   0x00000e    program   0x0000e8
      .config_2007_MAIN.O       code   0x002007    program   0x000002
                  INT_VAR      udata   0x0000a0       data   0x000006
                 INT_VAR1      udata   0x0000a6       data   0x000001



                              Program Memory Usage 
                               Start         End      
                           ---------   ---------      
                            0x000000    0x000002      
                            0x000004    0x000081      
                            0x002007    0x002007      
            130 out of 2054 program addresses used, program memory utilization is 6%



                              Symbols - Sorted by Name
                     Name    Address   Location    Storage File                     
                ---------  ---------  ---------  --------- ---------                
                   Delay1   0x00002f    program     static C:\Users\Dinusha\Documents\PICProjects\LCDTest716\MAIN.ASM
                 Delay255   0x000029    program     static C:\Users\Dinusha\Documents\PICProjects\LCDTest716\MAIN.ASM
                  Delay30   0x00002b    program     static C:\Users\Dinusha\Documents\PICProjects\LCDTest716\MAIN.ASM
                   Delay5   0x00002d    program     static C:\Users\Dinusha\Documents\PICProjects\LCDTest716\MAIN.ASM
                  Delay_0   0x000035    program     static C:\Users\Dinusha\Documents\PICProjects\LCDTest716\MAIN.ASM
                INTERRUPT   0x000004    program     static C:\Users\Dinusha\Documents\PICProjects\LCDTest716\MAIN.ASM
                 LCD_CHAR   0x00004a    program     static C:\Users\Dinusha\Documents\PICProjects\LCDTest716\MAIN.ASM
                  LCD_CMD   0x00003c    program     static C:\Users\Dinusha\Documents\PICProjects\LCDTest716\MAIN.ASM
                 MAINLOOP   0x000024    program     static C:\Users\Dinusha\Documents\PICProjects\LCDTest716\MAIN.ASM
                 SEND_CMD   0x00003f    program     static C:\Users\Dinusha\Documents\PICProjects\LCDTest716\MAIN.ASM
          _MAIN_PROG_0028   0x000036    program     static C:\Users\Dinusha\Documents\PICProjects\LCDTest716\MAIN.ASM
               characters   0x000057    program     static C:\Users\Dinusha\Documents\PICProjects\LCDTest716\MAIN.ASM
                       d0   0x000030    program     static C:\Users\Dinusha\Documents\PICProjects\LCDTest716\MAIN.ASM
                       d1   0x000031    program     static C:\Users\Dinusha\Documents\PICProjects\LCDTest716\MAIN.ASM
                lcd_pulse   0x000025    program     static C:\Users\Dinusha\Documents\PICProjects\LCDTest716\MAIN.ASM
                    start   0x00000e    program     static C:\Users\Dinusha\Documents\PICProjects\LCDTest716\MAIN.ASM
                   count1   0x0000a2       data     static C:\Users\Dinusha\Documents\PICProjects\LCDTest716\MAIN.ASM
                   counta   0x0000a3       data     static C:\Users\Dinusha\Documents\PICProjects\LCDTest716\MAIN.ASM
                   countb   0x0000a4       data     static C:\Users\Dinusha\Documents\PICProjects\LCDTest716\MAIN.ASM
              status_temp   0x0000a1       data     static C:\Users\Dinusha\Documents\PICProjects\LCDTest716\MAIN.ASM
                     temp   0x0000a5       data     static C:\Users\Dinusha\Documents\PICProjects\LCDTest716\MAIN.ASM
                  w1_temp   0x0000a6       data     static C:\Users\Dinusha\Documents\PICProjects\LCDTest716\MAIN.ASM
                   w_temp   0x0000a0       data     static C:\Users\Dinusha\Documents\PICProjects\LCDTest716\MAIN.ASM



                              Symbols - Sorted by Address
                     Name    Address   Location    Storage File                     
                ---------  ---------  ---------  --------- ---------                
                INTERRUPT   0x000004    program     static C:\Users\Dinusha\Documents\PICProjects\LCDTest716\MAIN.ASM
                    start   0x00000e    program     static C:\Users\Dinusha\Documents\PICProjects\LCDTest716\MAIN.ASM
                 MAINLOOP   0x000024    program     static C:\Users\Dinusha\Documents\PICProjects\LCDTest716\MAIN.ASM
                lcd_pulse   0x000025    program     static C:\Users\Dinusha\Documents\PICProjects\LCDTest716\MAIN.ASM
                 Delay255   0x000029    program     static C:\Users\Dinusha\Documents\PICProjects\LCDTest716\MAIN.ASM
                  Delay30   0x00002b    program     static C:\Users\Dinusha\Documents\PICProjects\LCDTest716\MAIN.ASM
                   Delay5   0x00002d    program     static C:\Users\Dinusha\Documents\PICProjects\LCDTest716\MAIN.ASM
                   Delay1   0x00002f    program     static C:\Users\Dinusha\Documents\PICProjects\LCDTest716\MAIN.ASM
                       d0   0x000030    program     static C:\Users\Dinusha\Documents\PICProjects\LCDTest716\MAIN.ASM
                       d1   0x000031    program     static C:\Users\Dinusha\Documents\PICProjects\LCDTest716\MAIN.ASM
                  Delay_0   0x000035    program     static C:\Users\Dinusha\Documents\PICProjects\LCDTest716\MAIN.ASM
          _MAIN_PROG_0028   0x000036    program     static C:\Users\Dinusha\Documents\PICProjects\LCDTest716\MAIN.ASM
                  LCD_CMD   0x00003c    program     static C:\Users\Dinusha\Documents\PICProjects\LCDTest716\MAIN.ASM
                 SEND_CMD   0x00003f    program     static C:\Users\Dinusha\Documents\PICProjects\LCDTest716\MAIN.ASM
                 LCD_CHAR   0x00004a    program     static C:\Users\Dinusha\Documents\PICProjects\LCDTest716\MAIN.ASM
               characters   0x000057    program     static C:\Users\Dinusha\Documents\PICProjects\LCDTest716\MAIN.ASM
                   w_temp   0x0000a0       data     static C:\Users\Dinusha\Documents\PICProjects\LCDTest716\MAIN.ASM
              status_temp   0x0000a1       data     static C:\Users\Dinusha\Documents\PICProjects\LCDTest716\MAIN.ASM
                   count1   0x0000a2       data     static C:\Users\Dinusha\Documents\PICProjects\LCDTest716\MAIN.ASM
                   counta   0x0000a3       data     static C:\Users\Dinusha\Documents\PICProjects\LCDTest716\MAIN.ASM
                   countb   0x0000a4       data     static C:\Users\Dinusha\Documents\PICProjects\LCDTest716\MAIN.ASM
                     temp   0x0000a5       data     static C:\Users\Dinusha\Documents\PICProjects\LCDTest716\MAIN.ASM
                  w1_temp   0x0000a6       data     static C:\Users\Dinusha\Documents\PICProjects\LCDTest716\MAIN.ASM


