MPLINK 4.41, Linker
Linker Map File - Created Sun Mar 23 22:29:47 2014

                                 Section Info
                  Section       Type    Address   Location Size(Bytes)
                ---------  ---------  ---------  ---------  ---------
             RESET_VECTOR       code   0x000000    program   0x000008
               INT_VECTOR       code   0x000004    program   0x000018
                   .cinit    romdata   0x000010    program   0x000004
                    .code       code   0x000012    program   0x000048
                MAIN_PROG       code   0x000036    program   0x000034
      .config_2007_MAIN.O       code   0x002007    program   0x000002
                   .udata      udata   0x000020       data   0x000004
                   G_DATA      udata   0x000024       data   0x000002
                 TEMP_VAR      udata   0x000026       data   0x000001
                  INT_VAR      udata   0x000070       data   0x000003



                              Program Memory Usage 
                               Start         End      
                           ---------   ---------      
                            0x000000    0x00004f      
                            0x002007    0x002007      
            81 out of 8454 program addresses used, program memory utilization is 0%



                              Symbols - Sorted by Name
                     Name    Address   Location    Storage File                     
                ---------  ---------  ---------  --------- ---------                
                INTERRUPT   0x000004    program     static C:\Users\Dinusha\Documents\PICProjects\PIC877AProjects\LEDTest\MAIN.ASM
                  debRead   0x000027    program     extern C:\Users\Dinusha\Documents\PICProjects\PIC877AProjects\LEDTest\SWITCHES.asm
                     init   0x000048    program     static C:\Users\Dinusha\Documents\PICProjects\PIC877AProjects\LEDTest\MAIN.ASM
                     loop   0x000029    program     static C:\Users\Dinusha\Documents\PICProjects\PIC877AProjects\LEDTest\SWITCHES.asm
                       m0   0x00001a    program     static C:\Users\Dinusha\Documents\PICProjects\PIC877AProjects\LEDTest\DELAYS.ASM
                   mDelay   0x000018    program     extern C:\Users\Dinusha\Documents\PICProjects\PIC877AProjects\LEDTest\DELAYS.ASM
                 mainloop   0x00003b    program     static C:\Users\Dinusha\Documents\PICProjects\PIC877AProjects\LEDTest\MAIN.ASM
                       s0   0x000020    program     static C:\Users\Dinusha\Documents\PICProjects\PIC877AProjects\LEDTest\DELAYS.ASM
                   sDelay   0x00001e    program     extern C:\Users\Dinusha\Documents\PICProjects\PIC877AProjects\LEDTest\DELAYS.ASM
                    start   0x000036    program     static C:\Users\Dinusha\Documents\PICProjects\PIC877AProjects\LEDTest\MAIN.ASM
                       u0   0x000013    program     static C:\Users\Dinusha\Documents\PICProjects\PIC877AProjects\LEDTest\DELAYS.ASM
                   uDelay   0x000012    program     extern C:\Users\Dinusha\Documents\PICProjects\PIC877AProjects\LEDTest\DELAYS.ASM
                    count   0x000024       data     static C:\Users\Dinusha\Documents\PICProjects\PIC877AProjects\LEDTest\MAIN.ASM
                    count   0x000023       data     static C:\Users\Dinusha\Documents\PICProjects\PIC877AProjects\LEDTest\SWITCHES.asm
                     flag   0x000024       data     static C:\Users\Dinusha\Documents\PICProjects\PIC877AProjects\LEDTest\MAIN.ASM
                   mcount   0x000021       data     static C:\Users\Dinusha\Documents\PICProjects\PIC877AProjects\LEDTest\DELAYS.ASM
              pclath_temp   0x000072       data     static C:\Users\Dinusha\Documents\PICProjects\PIC877AProjects\LEDTest\MAIN.ASM
                   scount   0x000022       data     static C:\Users\Dinusha\Documents\PICProjects\PIC877AProjects\LEDTest\DELAYS.ASM
              status_temp   0x000071       data     static C:\Users\Dinusha\Documents\PICProjects\PIC877AProjects\LEDTest\MAIN.ASM
               temp_count   0x000026       data     static C:\Users\Dinusha\Documents\PICProjects\PIC877AProjects\LEDTest\MAIN.ASM
                   ucount   0x000020       data     static C:\Users\Dinusha\Documents\PICProjects\PIC877AProjects\LEDTest\DELAYS.ASM
                   w_temp   0x000070       data     static C:\Users\Dinusha\Documents\PICProjects\PIC877AProjects\LEDTest\MAIN.ASM



                              Symbols - Sorted by Address
                     Name    Address   Location    Storage File                     
                ---------  ---------  ---------  --------- ---------                
                INTERRUPT   0x000004    program     static C:\Users\Dinusha\Documents\PICProjects\PIC877AProjects\LEDTest\MAIN.ASM
                   uDelay   0x000012    program     extern C:\Users\Dinusha\Documents\PICProjects\PIC877AProjects\LEDTest\DELAYS.ASM
                       u0   0x000013    program     static C:\Users\Dinusha\Documents\PICProjects\PIC877AProjects\LEDTest\DELAYS.ASM
                   mDelay   0x000018    program     extern C:\Users\Dinusha\Documents\PICProjects\PIC877AProjects\LEDTest\DELAYS.ASM
                       m0   0x00001a    program     static C:\Users\Dinusha\Documents\PICProjects\PIC877AProjects\LEDTest\DELAYS.ASM
                   sDelay   0x00001e    program     extern C:\Users\Dinusha\Documents\PICProjects\PIC877AProjects\LEDTest\DELAYS.ASM
                       s0   0x000020    program     static C:\Users\Dinusha\Documents\PICProjects\PIC877AProjects\LEDTest\DELAYS.ASM
                  debRead   0x000027    program     extern C:\Users\Dinusha\Documents\PICProjects\PIC877AProjects\LEDTest\SWITCHES.asm
                     loop   0x000029    program     static C:\Users\Dinusha\Documents\PICProjects\PIC877AProjects\LEDTest\SWITCHES.asm
                    start   0x000036    program     static C:\Users\Dinusha\Documents\PICProjects\PIC877AProjects\LEDTest\MAIN.ASM
                 mainloop   0x00003b    program     static C:\Users\Dinusha\Documents\PICProjects\PIC877AProjects\LEDTest\MAIN.ASM
                     init   0x000048    program     static C:\Users\Dinusha\Documents\PICProjects\PIC877AProjects\LEDTest\MAIN.ASM
                   ucount   0x000020       data     static C:\Users\Dinusha\Documents\PICProjects\PIC877AProjects\LEDTest\DELAYS.ASM
                   mcount   0x000021       data     static C:\Users\Dinusha\Documents\PICProjects\PIC877AProjects\LEDTest\DELAYS.ASM
                   scount   0x000022       data     static C:\Users\Dinusha\Documents\PICProjects\PIC877AProjects\LEDTest\DELAYS.ASM
                    count   0x000023       data     static C:\Users\Dinusha\Documents\PICProjects\PIC877AProjects\LEDTest\SWITCHES.asm
                    count   0x000024       data     static C:\Users\Dinusha\Documents\PICProjects\PIC877AProjects\LEDTest\MAIN.ASM
                     flag   0x000024       data     static C:\Users\Dinusha\Documents\PICProjects\PIC877AProjects\LEDTest\MAIN.ASM
               temp_count   0x000026       data     static C:\Users\Dinusha\Documents\PICProjects\PIC877AProjects\LEDTest\MAIN.ASM
                   w_temp   0x000070       data     static C:\Users\Dinusha\Documents\PICProjects\PIC877AProjects\LEDTest\MAIN.ASM
              status_temp   0x000071       data     static C:\Users\Dinusha\Documents\PICProjects\PIC877AProjects\LEDTest\MAIN.ASM
              pclath_temp   0x000072       data     static C:\Users\Dinusha\Documents\PICProjects\PIC877AProjects\LEDTest\MAIN.ASM


