MPLINK 4.41, Linker
Linker Map File - Created Sat Jun 21 22:11:14 2014

                                 Section Info
                  Section       Type    Address   Location Size(Bytes)
                ---------  ---------  ---------  ---------  ---------
             RESET_VECTOR       code   0x000000    program   0x000002
                   .cinit    romdata   0x000001    program   0x000004
               INT_VECTOR       code   0x000004    program   0x00002c
                MAIN_PROG       code   0x00001a    program   0x000098
      .config_2007_MAIN.O       code   0x002007    program   0x000002
                       EE       code   0x002100    program   0x000008
                     VARS      udata   0x000020       data   0x000003
                  INT_VAR      udata   0x000070       data   0x000003



                              Program Memory Usage 
                               Start         End      
                           ---------   ---------      
                            0x000000    0x000002      
                            0x000004    0x000065      
                            0x002007    0x002007      
                            0x002100    0x002103      
            106 out of 4359 program addresses used, program memory utilization is 2%



                              Symbols - Sorted by Name
                     Name    Address   Location    Storage File                     
                ---------  ---------  ---------  --------- ---------                
                INTERRUPT   0x000004    program     static C:\Users\Dinusha\Documents\PICProjects\PIC16F690\Servo\MAIN.ASM
            counter_reset   0x000037    program     static C:\Users\Dinusha\Documents\PICProjects\PIC16F690\Servo\MAIN.ASM
                     init   0x000042    program     static C:\Users\Dinusha\Documents\PICProjects\PIC16F690\Servo\MAIN.ASM
               int_enable   0x000010    program     static C:\Users\Dinusha\Documents\PICProjects\PIC16F690\Servo\MAIN.ASM
                     loop   0x00001f    program     static C:\Users\Dinusha\Documents\PICProjects\PIC16F690\Servo\MAIN.ASM
             port_disable   0x000032    program     static C:\Users\Dinusha\Documents\PICProjects\PIC16F690\Servo\MAIN.ASM
              port_enable   0x000026    program     static C:\Users\Dinusha\Documents\PICProjects\PIC16F690\Servo\MAIN.ASM
                    start   0x00001a    program     static C:\Users\Dinusha\Documents\PICProjects\PIC16F690\Servo\MAIN.ASM
                   upperb   0x00002b    program     static C:\Users\Dinusha\Documents\PICProjects\PIC16F690\Servo\MAIN.ASM
                dutyCount   0x000022       data     static C:\Users\Dinusha\Documents\PICProjects\PIC16F690\Servo\MAIN.ASM
              pclath_temp   0x000072       data     static C:\Users\Dinusha\Documents\PICProjects\PIC16F690\Servo\MAIN.ASM
              periodCount   0x000021       data     static C:\Users\Dinusha\Documents\PICProjects\PIC16F690\Servo\MAIN.ASM
                   sPORTC   0x000020       data     static C:\Users\Dinusha\Documents\PICProjects\PIC16F690\Servo\MAIN.ASM
              status_temp   0x000071       data     static C:\Users\Dinusha\Documents\PICProjects\PIC16F690\Servo\MAIN.ASM
                   w_temp   0x000070       data     static C:\Users\Dinusha\Documents\PICProjects\PIC16F690\Servo\MAIN.ASM



                              Symbols - Sorted by Address
                     Name    Address   Location    Storage File                     
                ---------  ---------  ---------  --------- ---------                
                INTERRUPT   0x000004    program     static C:\Users\Dinusha\Documents\PICProjects\PIC16F690\Servo\MAIN.ASM
               int_enable   0x000010    program     static C:\Users\Dinusha\Documents\PICProjects\PIC16F690\Servo\MAIN.ASM
                    start   0x00001a    program     static C:\Users\Dinusha\Documents\PICProjects\PIC16F690\Servo\MAIN.ASM
                     loop   0x00001f    program     static C:\Users\Dinusha\Documents\PICProjects\PIC16F690\Servo\MAIN.ASM
              port_enable   0x000026    program     static C:\Users\Dinusha\Documents\PICProjects\PIC16F690\Servo\MAIN.ASM
                   upperb   0x00002b    program     static C:\Users\Dinusha\Documents\PICProjects\PIC16F690\Servo\MAIN.ASM
             port_disable   0x000032    program     static C:\Users\Dinusha\Documents\PICProjects\PIC16F690\Servo\MAIN.ASM
            counter_reset   0x000037    program     static C:\Users\Dinusha\Documents\PICProjects\PIC16F690\Servo\MAIN.ASM
                     init   0x000042    program     static C:\Users\Dinusha\Documents\PICProjects\PIC16F690\Servo\MAIN.ASM
                   sPORTC   0x000020       data     static C:\Users\Dinusha\Documents\PICProjects\PIC16F690\Servo\MAIN.ASM
              periodCount   0x000021       data     static C:\Users\Dinusha\Documents\PICProjects\PIC16F690\Servo\MAIN.ASM
                dutyCount   0x000022       data     static C:\Users\Dinusha\Documents\PICProjects\PIC16F690\Servo\MAIN.ASM
                   w_temp   0x000070       data     static C:\Users\Dinusha\Documents\PICProjects\PIC16F690\Servo\MAIN.ASM
              status_temp   0x000071       data     static C:\Users\Dinusha\Documents\PICProjects\PIC16F690\Servo\MAIN.ASM
              pclath_temp   0x000072       data     static C:\Users\Dinusha\Documents\PICProjects\PIC16F690\Servo\MAIN.ASM


