MPLINK 4.41, Linker
Linker Map File - Created Wed Jan 15 23:28:26 2014

                                 Section Info
                  Section       Type    Address   Location Size(Bytes)
                ---------  ---------  ---------  ---------  ---------
             RESET_VECTOR       code   0x000000    program   0x000002
                   .cinit    romdata   0x000001    program   0x000004
               INT_VECTOR       code   0x000004    program   0x000024
                MAIN_PROG       code   0x000016    program   0x000028
      .config_2007_MAIN.O       code   0x002007    program   0x000002
                       EE       code   0x002100    program   0x000008
                  INT_VAR      udata   0x000070       data   0x000003
                   GENVAR      udata   0x000073       data   0x000001



                              Program Memory Usage 
                               Start         End      
                           ---------   ---------      
                            0x000000    0x000002      
                            0x000004    0x000029      
                            0x002007    0x002007      
                            0x002100    0x002103      
            46 out of 2182 program addresses used, program memory utilization is 2%



                              Symbols - Sorted by Name
                     Name    Address   Location    Storage File                     
                ---------  ---------  ---------  --------- ---------                
                INTERRUPT   0x000004    program     static C:\Users\Dinusha\Documents\PICProjects\Interrupts1\MAIN.ASM
                 MAINLOOP   0x000025    program     static C:\Users\Dinusha\Documents\PICProjects\Interrupts1\MAIN.ASM
                    START   0x000016    program     static C:\Users\Dinusha\Documents\PICProjects\Interrupts1\MAIN.ASM
                  isr_end   0x000011    program     static C:\Users\Dinusha\Documents\PICProjects\Interrupts1\MAIN.ASM
                       tt   0x00000e    program     static C:\Users\Dinusha\Documents\PICProjects\Interrupts1\MAIN.ASM
                   cnt_t0   0x000072       data     static C:\Users\Dinusha\Documents\PICProjects\Interrupts1\MAIN.ASM
                   sPORTB   0x000073       data     static C:\Users\Dinusha\Documents\PICProjects\Interrupts1\MAIN.ASM
              status_temp   0x000071       data     static C:\Users\Dinusha\Documents\PICProjects\Interrupts1\MAIN.ASM
                   w_temp   0x000070       data     static C:\Users\Dinusha\Documents\PICProjects\Interrupts1\MAIN.ASM



                              Symbols - Sorted by Address
                     Name    Address   Location    Storage File                     
                ---------  ---------  ---------  --------- ---------                
                INTERRUPT   0x000004    program     static C:\Users\Dinusha\Documents\PICProjects\Interrupts1\MAIN.ASM
                       tt   0x00000e    program     static C:\Users\Dinusha\Documents\PICProjects\Interrupts1\MAIN.ASM
                  isr_end   0x000011    program     static C:\Users\Dinusha\Documents\PICProjects\Interrupts1\MAIN.ASM
                    START   0x000016    program     static C:\Users\Dinusha\Documents\PICProjects\Interrupts1\MAIN.ASM
                 MAINLOOP   0x000025    program     static C:\Users\Dinusha\Documents\PICProjects\Interrupts1\MAIN.ASM
                   w_temp   0x000070       data     static C:\Users\Dinusha\Documents\PICProjects\Interrupts1\MAIN.ASM
              status_temp   0x000071       data     static C:\Users\Dinusha\Documents\PICProjects\Interrupts1\MAIN.ASM
                   cnt_t0   0x000072       data     static C:\Users\Dinusha\Documents\PICProjects\Interrupts1\MAIN.ASM
                   sPORTB   0x000073       data     static C:\Users\Dinusha\Documents\PICProjects\Interrupts1\MAIN.ASM


