Microchip MPLAB XC8 Compiler V1.30 ()

Linker command line:

--edf=C:\Program Files (x86)\Microchip\xc8\v1.30\dat\en_msgs.txt -cs \
  -h+hd44780.sym --cmf=hd44780.cmf -z -Q16F628A \
  -oC:\Users\Dinusha\AppData\Local\Temp\s6c8.6 -Mhd44780.map -E1 -ver=XC8 \
  -ASTACK=0A0h-0efh -pstack=STACK -ACONST=00h-0FFhx8 -ACODE=00h-07FFh \
  -ASTRCODE=00h-07FFh -AENTRY=00h-0FFhx8 -ASTRING=00h-0FFhx8 \
  -ACOMMON=070h-07Fh -ABANK0=020h-06Fh -ABANK1=0A0h-0EFh \
  -ABANK2=0120h-014Fh -ARAM=020h-06Fh,0A0h-0EFh,0120h-014Fh \
  -AABS1=020h-07Fh,0A0h-0EFh,0120h-014Fh -ASFR0=00h-01Fh -ASFR1=080h-09Fh \
  -ASFR2=0100h-011Fh -ASFR3=0180h-01EFh \
  -preset_vec=00h,intentry,init,end_init -ppowerup=CODE -pcinit=CODE \
  -pfunctab=CODE -ACONFIG=02007h-02007h -pconfig=CONFIG -DCONFIG=2 \
  -AIDLOC=02000h-02003h -pidloc=IDLOC -DIDLOC=2 -AEEDATA=00h-07Fh/02100h \
  -peeprom_data=EEDATA -DEEDATA=2 -DCODE=2 -DSTRCODE=2 -DSTRING=2 -DCONST=2 \
  -DENTRY=2 -k startup.obj hd44780.obj 

Object code version is 3.11

Machine type is 16F628A



                Name                               Link     Load   Length Selector   Space Scale
startup.obj     end_init                              0        0        1        0       0
                config                             2007     2007        1     400E       0
hd44780.obj     cinit                               7FD      7FD        3      FFA       0
                text17                              556      556       1E      AAC       0
                text16                              50D      50D       14      A1A       0
                text15                              4EF      4EF        8      9DE       0
                text14                              5BF      5BF       31      B7E       0
                text13                              501      501        C      A02       0
                text12                              53B      53B       1B      A76       0
                text11                              4E2      4E2        3      9C4       0
                text10                              4E8      4E8        7      9D0       0
                text9                               4E5      4E5        3      9CA       0
                text8                               574      574       24      AE8       0
                text7                               65F      65F       3E      CBE       0
                text6                               5F0      5F0       34      BE0       0
                text5                               744      744       B9      E88       0
                text4                               598      598       27      B30       0
                text3                               521      521       1A      A42       0
                text2                               624      624       3B      C48       0
                text1                               4F7      4F7        A      9EE       0
                maintext                            69D      69D       A7      D3A       0
                cstackBANK0                          20       20       42       20       1
                cstackCOMMON                         70       70        E       70       1
                bitbssBANK0                         310       62        1       20       1     8
                strings                               1        1       48        2       0

TOTAL           Name                               Link     Load   Length     Space
        CLASS   STACK          

        CLASS   CONST          

        CLASS   CODE           
                end_init                              0        0        1         0
                cinit                               7FD      7FD        3         0
                text17                              556      556       1E         0
                text16                              50D      50D       14         0
                text15                              4EF      4EF        8         0
                text14                              5BF      5BF       31         0
                text13                              501      501        C         0
                text12                              53B      53B       1B         0
                text11                              4E2      4E2        3         0
                text10                              4E8      4E8        7         0
                text9                               4E5      4E5        3         0
                text8                               574      574       24         0
                text7                               65F      65F       3E         0
                text6                               5F0      5F0       34         0
                text5                               744      744       B9         0
                text4                               598      598       27         0
                text3                               521      521       1A         0
                text2                               624      624       3B         0
                text1                               4F7      4F7        A         0
                maintext                            69D      69D       A7         0

        CLASS   STRCODE        

        CLASS   ENTRY          

        CLASS   STRING         
                strings                               1        1       48         0

        CLASS   COMMON         
                cstackCOMMON                         70       70        E         1

        CLASS   BANK0          
                cstackBANK0                          20       20       42         1
                bitbssBANK0                         310       62        1         1

        CLASS   BANK1          

        CLASS   BANK2          

        CLASS   RAM            

        CLASS   ABS1           
                abs_s1                               7E       7E        2         1

        CLASS   SFR0           

        CLASS   SFR1           

        CLASS   SFR2           

        CLASS   SFR3           

        CLASS   CONFIG         
                config                             2007     2007        1         0

        CLASS   IDLOC          

        CLASS   EEDATA         

        CLASS   BANK3          



SEGMENTS        Name                           Load    Length   Top    Selector   Space  Class     Delta

                reset_vec                      000000  000001  000001         0       0  CODE        2
                strings                        000001  000048  000049         2       0  STRING      2
                cstackBANK0                    000020  000043  000063        20       1  BANK0       1
                cstackCOMMON                   000070  00000E  00007E        70       1  COMMON      1
                text11                         0004E2  000003  0004E5       9C4       0  CODE        2
                text9                          0004E5  000003  0004E8       9CA       0  CODE        2
                text10                         0004E8  000007  0004EF       9D0       0  CODE        2
                text15                         0004EF  000008  0004F7       9DE       0  CODE        2
                text1                          0004F7  00000A  000501       9EE       0  CODE        2
                text13                         000501  00000C  00050D       A02       0  CODE        2
                text16                         00050D  000014  000521       A1A       0  CODE        2
                text3                          000521  00001A  00053B       A42       0  CODE        2
                text12                         00053B  00001B  000556       A76       0  CODE        2
                text17                         000556  00001E  000574       AAC       0  CODE        2
                text8                          000574  000024  000598       AE8       0  CODE        2
                text4                          000598  000027  0005BF       B30       0  CODE        2
                text14                         0005BF  000031  0005F0       B7E       0  CODE        2
                text6                          0005F0  000034  000624       BE0       0  CODE        2
                text2                          000624  00003B  00065F       C48       0  CODE        2
                text7                          00065F  00003E  00069D       CBE       0  CODE        2
                maintext                       00069D  0000A7  000744       D3A       0  CODE        2
                text5                          000744  0000B9  0007FD       E88       0  CODE        2
                cinit                          0007FD  000003  000800       FFA       0  CODE        2
                config                         002007  000001  002008      400E       0  CONFIG      2


UNUSED ADDRESS RANGES

        Name                Unused          Largest block    Delta
        BANK0            0063-006F              D           1
        BANK1            00A0-00EF             50           1
        BANK2            0120-014F             30           1
        CODE             0049-04E1            499           2
        CONST            0049-04E1            100           2
        EEDATA           2100-217F             80           2
        ENTRY            0049-04E1            100           2
        IDLOC            2000-2003              4           2
        RAM              0063-006F              D           1
                         00A0-00EF             50
                         0120-014F             30
        SFR0             0000-001F             20           1
        SFR1             0080-009F             20           1
        SFR2             0100-011F             20           1
        SFR3             0180-01EF             70           1
        STACK            00A0-00EF             50           1
        STRCODE          0049-04E1            499           2
        STRING           0049-04E1            100           2

                                  Symbol Table

?___lwdiv                      cstackCOMMON 0070
?___lwmod                      cstackCOMMON 0078
?_sprintf                      cstackBANK0  0020
_CMCON                         (abs)        001F
_PORTAbits                     (abs)        0005
_PORTB                         (abs)        0006
_RA1                           (abs)        0029
_RB3                           (abs)        0033
_RB4                           (abs)        0034
_RB5                           (abs)        0035
_RB6                           (abs)        0036
_TRISA                         (abs)        0085
_TRISB                         (abs)        0086
__CFG_BOREN$ON                 (abs)        0000
__CFG_CP$OFF                   (abs)        0000
__CFG_CPD$OFF                  (abs)        0000
__CFG_FOSC$XT                  (abs)        0000
__CFG_LVP$OFF                  (abs)        0000
__CFG_MCLRE$ON                 (abs)        0000
__CFG_PWRTE$ON                 (abs)        0000
__CFG_WDTE$OFF                 (abs)        0000
__Habs1                        abs1         0000
__Hbank0                       bank0        0000
__Hbank1                       bank1        0000
__Hbank2                       bank2        0000
__Hbank3                       bank3        0000
__HbitbssBANK0                 bitbssBANK0  0000
__Hcinit                       cinit        0800
__Hclrtext                     clrtext      0000
__Hcode                        code         0000
__Hcommon                      common       0000
__Hconfig                      config       2008
__HcstackBANK0                 cstackBANK0  0000
__HcstackCOMMON                cstackCOMMON 0000
__Heeprom_data                 eeprom_data  0000
__Hend_init                    end_init     0001
__Hfunctab                     functab      0000
__Hidloc                       idloc        0000
__Hinit                        init         0000
__Hintentry                    intentry     0000
__Hmaintext                    maintext     0000
__Hpowerup                     powerup      0000
__Hram                         ram          0000
__Hreset_vec                   reset_vec    0000
__Hsfr0                        sfr0         0000
__Hsfr1                        sfr1         0000
__Hsfr2                        sfr2         0000
__Hsfr3                        sfr3         0000
__Hstack                       stack        0000
__Hstrings                     strings      0000
__Htext                        text         0000
__Labs1                        abs1         0000
__Lbank0                       bank0        0000
__Lbank1                       bank1        0000
__Lbank2                       bank2        0000
__Lbank3                       bank3        0000
__LbitbssBANK0                 bitbssBANK0  0000
__Lcinit                       cinit        07FD
__Lclrtext                     clrtext      0000
__Lcode                        code         0000
__Lcommon                      common       0000
__Lconfig                      config       2007
__LcstackBANK0                 cstackBANK0  0000
__LcstackCOMMON                cstackCOMMON 0000
__Leeprom_data                 eeprom_data  0000
__Lend_init                    end_init     0000
__Lfunctab                     functab      0000
__Lidloc                       idloc        0000
__Linit                        init         0000
__Lintentry                    intentry     0000
__Lmaintext                    maintext     0000
__Lpowerup                     powerup      0000
__Lram                         ram          0000
__Lreset_vec                   reset_vec    0000
__Lsfr0                        sfr0         0000
__Lsfr1                        sfr1         0000
__Lsfr2                        sfr2         0000
__Lsfr3                        sfr3         0000
__Lstack                       stack        0000
__Lstrings                     strings      0000
__Ltext                        text         0000
__S0                           (abs)        2008
__S1                           (abs)        007E
__S2                           (abs)        0000
__S3                           (abs)        0000
___int_sp                      stack        0000
___latbits                     (abs)        0000
___lwdiv                       text7        065F
___lwdiv@counter               cstackCOMMON 0077
___lwdiv@dividend              cstackCOMMON 0072
___lwdiv@divisor               cstackCOMMON 0070
___lwdiv@quotient              cstackCOMMON 0075
___lwmod                       text6        05F0
___lwmod@counter               cstackCOMMON 007D
___lwmod@dividend              cstackCOMMON 007A
___lwmod@divisor               cstackCOMMON 0078
___sp                          stack        0000
__end_of___lwdiv               text7        069D
__end_of___lwmod               text6        0624
__end_of__initialization       cinit        07FE
__end_of__stringdata           strings      0049
__end_of__stringtab            strings      0011
__end_of_debounce_read         text17       0574
__end_of_dpowers               strings      001B
__end_of_hd44780_block_erase   text12       0556
__end_of_hd44780_busy          text16       0521
__end_of_hd44780_char          text13       050D
__end_of_hd44780_clear         text11       04E5
__end_of_hd44780_init          text2        065F
__end_of_hd44780_newline       text9        04E8
__end_of_hd44780_printchr      text10       04EF
__end_of_hd44780_printdecimal  text4        05BF
__end_of_hd44780_printint      text3        053B
__end_of_hd44780_printstr      text8        0598
__end_of_hd44780_pulse         text15       04F7
__end_of_hd44780_write         text14       05F0
__end_of_init                  text1        0501
__end_of_main                  maintext     0744
__end_of_sprintf               text5        07FD
__initialization               cinit        07FD
__pbitbssBANK0                 bitbssBANK0  0310
__pcstackBANK0                 cstackBANK0  0020
__pcstackCOMMON                cstackCOMMON 0070
__pmaintext                    maintext     069D
__pstrings                     strings      0001
__ptext1                       text1        04F7
__ptext10                      text10       04E8
__ptext11                      text11       04E2
__ptext12                      text12       053B
__ptext13                      text13       0501
__ptext14                      text14       05BF
__ptext15                      text15       04EF
__ptext16                      text16       050D
__ptext17                      text17       0556
__ptext2                       text2        0624
__ptext3                       text3        0521
__ptext4                       text4        0598
__ptext5                       text5        0744
__ptext6                       text6        05F0
__ptext7                       text7        065F
__ptext8                       text8        0574
__ptext9                       text9        04E5
__size_of___lwdiv              (abs)        0000
__size_of___lwmod              (abs)        0000
__size_of_debounce_read        (abs)        0000
__size_of_hd44780_block_erase  (abs)        0000
__size_of_hd44780_busy         (abs)        0000
__size_of_hd44780_char         (abs)        0000
__size_of_hd44780_clear        (abs)        0000
__size_of_hd44780_init         (abs)        0000
__size_of_hd44780_newline      (abs)        0000
__size_of_hd44780_printchr     (abs)        0000
__size_of_hd44780_printdecimal (abs)        0000
__size_of_hd44780_printint     (abs)        0000
__size_of_hd44780_printstr     (abs)        0000
__size_of_hd44780_pulse        (abs)        0000
__size_of_hd44780_write        (abs)        0000
__size_of_init                 (abs)        0000
__size_of_main                 (abs)        0000
__size_of_sprintf              (abs)        0000
__stringbase                   strings      0010
__stringdata                   strings      001B
__stringtab                    strings      0001
_debounce_read                 text17       0556
_dpowers                       strings      0011
_hd44780_block_erase           text12       053B
_hd44780_busy                  text16       050D
_hd44780_char                  text13       0501
_hd44780_clear                 text11       04E2
_hd44780_init                  text2        0624
_hd44780_newline               text9        04E5
_hd44780_printchr              text10       04E8
_hd44780_printdecimal          text4        0598
_hd44780_printint              text3        0521
_hd44780_printstr              text8        0574
_hd44780_pulse                 text15       04EF
_hd44780_write                 text14       05BF
_init                          text1        04F7
_main                          maintext     069D
_rs_flag                       bitbssBANK0  0310
_sprintf                       text5        0744
btemp                          (abs)        007E
debounce_read@count            cstackCOMMON 0072
debounce_read@pin              cstackCOMMON 0071
end_of_initialization          cinit        07FE
hd44780_block_erase@i          cstackCOMMON 0078
hd44780_block_erase@length     cstackCOMMON 0075
hd44780_block_erase@start_loc  cstackCOMMON 0077
hd44780_char@bt                cstackCOMMON 0074
hd44780_printchr@dta           cstackCOMMON 0076
hd44780_printchr@loc           cstackCOMMON 0075
hd44780_printdecimal@buff      cstackBANK0  0037
hd44780_printdecimal@d         cstackBANK0  0033
hd44780_printdecimal@i         cstackBANK0  0031
hd44780_printdecimal@loc       cstackBANK0  0035
hd44780_printint@buff          cstackBANK0  0035
hd44780_printint@dta           cstackBANK0  0031
hd44780_printint@loc           cstackBANK0  0033
hd44780_printstr@dta           cstackCOMMON 0075
hd44780_printstr@loc           cstackCOMMON 0077
hd44780_write@bt               cstackCOMMON 0072
hd44780_write@tmp              cstackCOMMON 0073
intlevel0                      functab      0000
intlevel1                      functab      0000
intlevel2                      functab      0000
intlevel3                      functab      0000
intlevel4                      functab      0000
intlevel5                      functab      0000
ltemp                          (abs)        007E
ltemp0                         (abs)        007E
ltemp1                         (abs)        0082
ltemp2                         (abs)        0086
ltemp3                         (abs)        0080
main@buff                      cstackBANK0  0044
main@i                         cstackBANK0  0060
main@text                      cstackBANK0  005E
main@text2                     cstackBANK0  005D
main@text3                     cstackBANK0  005F
reset_vec                      reset_vec    0000
sprintf@_val                   cstackBANK0  002B
sprintf@ap                     cstackBANK0  0028
sprintf@c                      cstackBANK0  0030
sprintf@f                      cstackBANK0  0020
sprintf@flag                   cstackBANK0  0029
sprintf@prec                   cstackBANK0  002A
sprintf@sp                     cstackBANK0  002F
stackhi                        (abs)        0000
stacklo                        (abs)        0000
start                          init         0000
start_initialization           cinit        07FD
ttemp                          (abs)        007E
ttemp0                         (abs)        007E
ttemp1                         (abs)        0081
ttemp2                         (abs)        0084
ttemp3                         (abs)        0087
ttemp4                         (abs)        007F
wtemp                          (abs)        007E
wtemp0                         (abs)        007E
wtemp1                         (abs)        0080
wtemp2                         (abs)        0082
wtemp3                         (abs)        0084
wtemp4                         (abs)        0086
wtemp5                         (abs)        0088
wtemp6                         (abs)        007F


FUNCTION INFORMATION:

 *************** function _main *****************
 Defined at:
		line 30 in file "C:\Users\Dinusha\Documents\PICProjects\CProjects\LCD01\main.c"
 Parameters:    Size  Location     Type
		None
 Auto vars:     Size  Location     Type
  buff           25   36[BANK0 ] unsigned char [25]
  i               2   64[BANK0 ] int 
  text3           1   63[BANK0 ] PTR unsigned char 
		 -> STR_3(2), 
  text            1   62[BANK0 ] PTR unsigned char 
		 -> STR_1(11), 
  text2           1   61[BANK0 ] PTR unsigned char 
		 -> STR_2(15), 
 Return value:  Size  Location     Type
                  2   41[COMMON] int 
 Registers used:
		wreg, fsr0l, fsr0h, status,2, status,0, btemp+1, pclath, cstack
 Tracked objects:
		On entry : 
		On exit  : 
		Unchanged: 
 Data sizes:     COMMON   BANK0   BANK1   BANK2
      Params:         0       0       0       0
      Locals:         0      30       0       0
      Temps:          0       3       0       0
      Totals:         0      33       0       0
Total ram usage:       33 bytes
 Hardware stack levels required when called:    5
 This function calls:
		_debounce_read
		_hd44780_block_erase
		_hd44780_clear
		_hd44780_printchr
		_hd44780_printdecimal
		_hd44780_printint
		_hd44780_printstr
		_init
		_sprintf
 This function is called by:
		Startup code after reset
 This function uses a non-reentrant model


 *************** function _init *****************
 Defined at:
		line 20 in file "C:\Users\Dinusha\Documents\PICProjects\CProjects\LCD01\main.c"
 Parameters:    Size  Location     Type
		None
 Auto vars:     Size  Location     Type
		None
 Return value:  Size  Location     Type
		None               void
 Registers used:
		wreg, status,2, status,0, pclath, cstack
 Tracked objects:
		On entry : 
		On exit  : 
		Unchanged: 
 Data sizes:     COMMON   BANK0   BANK1   BANK2
      Params:         0       0       0       0
      Locals:         0       0       0       0
      Temps:          0       0       0       0
      Totals:         0       0       0       0
Total ram usage:        0 bytes
 Hardware stack levels used:    1
 Hardware stack levels required when called:    3
 This function calls:
		_hd44780_init
 This function is called by:
		_main
 This function uses a non-reentrant model


 *************** function _hd44780_init *****************
 Defined at:
		line 10 in file "C:\Users\Dinusha\Documents\PICProjects\CProjects\LCD01\hd44780.c"
 Parameters:    Size  Location     Type
		None
 Auto vars:     Size  Location     Type
		None
 Return value:  Size  Location     Type
		None               void
 Registers used:
		wreg, status,2, status,0, pclath, cstack
 Tracked objects:
		On entry : 
		On exit  : 
		Unchanged: 
 Data sizes:     COMMON   BANK0   BANK1   BANK2
      Params:         0       0       0       0
      Locals:         0       0       0       0
      Temps:          2       0       0       0
      Totals:         2       0       0       0
Total ram usage:        2 bytes
 Hardware stack levels used:    1
 Hardware stack levels required when called:    2
 This function calls:
		_hd44780_busy
		_hd44780_pulse
		_hd44780_write
 This function is called by:
		_init
 This function uses a non-reentrant model


 *************** function _hd44780_printint *****************
 Defined at:
		line 159 in file "C:\Users\Dinusha\Documents\PICProjects\CProjects\LCD01\hd44780.c"
 Parameters:    Size  Location     Type
  dta             2   17[BANK0 ] int 
  loc             1   19[BANK0 ] unsigned char 
 Auto vars:     Size  Location     Type
  buff            5   21[BANK0 ] unsigned char [5]
 Return value:  Size  Location     Type
		None               void
 Registers used:
		wreg, fsr0l, fsr0h, status,2, status,0, btemp+1, pclath, cstack
 Tracked objects:
		On entry : 
		On exit  : 
		Unchanged: 
 Data sizes:     COMMON   BANK0   BANK1   BANK2
      Params:         0       3       0       0
      Locals:         0       5       0       0
      Temps:          0       1       0       0
      Totals:         0       9       0       0
Total ram usage:        9 bytes
 Hardware stack levels used:    1
 Hardware stack levels required when called:    4
 This function calls:
		_hd44780_printstr
		_sprintf
 This function is called by:
		_main
 This function uses a non-reentrant model


 *************** function _hd44780_printdecimal *****************
 Defined at:
		line 174 in file "C:\Users\Dinusha\Documents\PICProjects\CProjects\LCD01\hd44780.c"
 Parameters:    Size  Location     Type
  i               2   17[BANK0 ] int 
  d               2   19[BANK0 ] int 
  loc             1   21[BANK0 ] unsigned char 
 Auto vars:     Size  Location     Type
  buff           10   23[BANK0 ] unsigned char [10]
 Return value:  Size  Location     Type
		None               void
 Registers used:
		wreg, fsr0l, fsr0h, status,2, status,0, btemp+1, pclath, cstack
 Tracked objects:
		On entry : 
		On exit  : 
		Unchanged: 
 Data sizes:     COMMON   BANK0   BANK1   BANK2
      Params:         0       5       0       0
      Locals:         0      10       0       0
      Temps:          0       1       0       0
      Totals:         0      16       0       0
Total ram usage:       16 bytes
 Hardware stack levels used:    1
 Hardware stack levels required when called:    4
 This function calls:
		_hd44780_printstr
		_sprintf
 This function is called by:
		_main
 This function uses a non-reentrant model


 *************** function _sprintf *****************
 Defined at:
		line 492 in file "C:\Program Files (x86)\Microchip\xc8\v1.30\sources\common\doprnt.c"
 Parameters:    Size  Location     Type
  sp              1    wreg     PTR unsigned char 
		 -> hd44780_printdecimal@buff(10), hd44780_printint@buff(5), main@buff(25), 
  f               1    0[BANK0 ] PTR const unsigned char 
		 -> STR_6(6), STR_5(3), STR_4(12), 
 Auto vars:     Size  Location     Type
  sp              1   15[BANK0 ] PTR unsigned char 
		 -> hd44780_printdecimal@buff(10), hd44780_printint@buff(5), main@buff(25), 
  _val            4   11[BANK0 ] struct .
  c               1   16[BANK0 ] char 
  prec            1   10[BANK0 ] char 
  flag            1    9[BANK0 ] unsigned char 
  ap              1    8[BANK0 ] PTR void [1]
		 -> ?_sprintf(2), 
 Return value:  Size  Location     Type
                  2    0[BANK0 ] int 
 Registers used:
		wreg, fsr0l, fsr0h, status,2, status,0, btemp+1, pclath, cstack
 Tracked objects:
		On entry : 
		On exit  : 
		Unchanged: 
 Data sizes:     COMMON   BANK0   BANK1   BANK2
      Params:         0       5       0       0
      Locals:         0       9       0       0
      Temps:          0       3       0       0
      Totals:         0      17       0       0
Total ram usage:       17 bytes
 Hardware stack levels used:    1
 Hardware stack levels required when called:    1
 This function calls:
		___lwdiv
		___lwmod
 This function is called by:
		_main
		_hd44780_printint
		_hd44780_printdecimal
 This function uses a non-reentrant model


 *************** function ___lwmod *****************
 Defined at:
		line 6 in file "C:\Program Files (x86)\Microchip\xc8\v1.30\sources\common\lwmod.c"
 Parameters:    Size  Location     Type
  divisor         2    8[COMMON] unsigned int 
  dividend        2   10[COMMON] unsigned int 
 Auto vars:     Size  Location     Type
  counter         1   13[COMMON] unsigned char 
 Return value:  Size  Location     Type
                  2    8[COMMON] unsigned int 
 Registers used:
		wreg, status,2, status,0
 Tracked objects:
		On entry : 
		On exit  : 
		Unchanged: 
 Data sizes:     COMMON   BANK0   BANK1   BANK2
      Params:         4       0       0       0
      Locals:         1       0       0       0
      Temps:          1       0       0       0
      Totals:         6       0       0       0
Total ram usage:        6 bytes
 Hardware stack levels used:    1
 This function calls:
		Nothing
 This function is called by:
		_sprintf
 This function uses a non-reentrant model


 *************** function ___lwdiv *****************
 Defined at:
		line 6 in file "C:\Program Files (x86)\Microchip\xc8\v1.30\sources\common\lwdiv.c"
 Parameters:    Size  Location     Type
  divisor         2    0[COMMON] unsigned int 
  dividend        2    2[COMMON] unsigned int 
 Auto vars:     Size  Location     Type
  quotient        2    5[COMMON] unsigned int 
  counter         1    7[COMMON] unsigned char 
 Return value:  Size  Location     Type
                  2    0[COMMON] unsigned int 
 Registers used:
		wreg, status,2, status,0
 Tracked objects:
		On entry : 
		On exit  : 
		Unchanged: 
 Data sizes:     COMMON   BANK0   BANK1   BANK2
      Params:         4       0       0       0
      Locals:         3       0       0       0
      Temps:          1       0       0       0
      Totals:         8       0       0       0
Total ram usage:        8 bytes
 Hardware stack levels used:    1
 This function calls:
		Nothing
 This function is called by:
		_sprintf
 This function uses a non-reentrant model


 *************** function _hd44780_printstr *****************
 Defined at:
		line 96 in file "C:\Users\Dinusha\Documents\PICProjects\CProjects\LCD01\hd44780.c"
 Parameters:    Size  Location     Type
  dta             2    5[COMMON] PTR unsigned char 
		 -> hd44780_printdecimal@buff(10), hd44780_printint@buff(5), main@buff(25), STR_3(2), 
		 -> STR_1(11), 
  loc             1    7[COMMON] unsigned char 
 Auto vars:     Size  Location     Type
		None
 Return value:  Size  Location     Type
		None               void
 Registers used:
		wreg, fsr0l, fsr0h, status,2, status,0, btemp+1, pclath, cstack
 Tracked objects:
		On entry : 
		On exit  : 
		Unchanged: 
 Data sizes:     COMMON   BANK0   BANK1   BANK2
      Params:         3       0       0       0
      Locals:         0       0       0       0
      Temps:          0       0       0       0
      Totals:         3       0       0       0
Total ram usage:        3 bytes
 Hardware stack levels used:    1
 Hardware stack levels required when called:    3
 This function calls:
		_hd44780_char
		_hd44780_newline
		_hd44780_write
 This function is called by:
		_main
		_hd44780_printint
		_hd44780_printdecimal
 This function uses a non-reentrant model


 *************** function _hd44780_newline *****************
 Defined at:
		line 122 in file "C:\Users\Dinusha\Documents\PICProjects\CProjects\LCD01\hd44780.c"
 Parameters:    Size  Location     Type
		None
 Auto vars:     Size  Location     Type
		None
 Return value:  Size  Location     Type
		None               void
 Registers used:
		wreg, status,2, status,0, pclath, cstack
 Tracked objects:
		On entry : 
		On exit  : 
		Unchanged: 
 Data sizes:     COMMON   BANK0   BANK1   BANK2
      Params:         0       0       0       0
      Locals:         0       0       0       0
      Temps:          0       0       0       0
      Totals:         0       0       0       0
Total ram usage:        0 bytes
 Hardware stack levels used:    1
 Hardware stack levels required when called:    2
 This function calls:
		_hd44780_write
 This function is called by:
		_hd44780_printstr
 This function uses a non-reentrant model


 *************** function _hd44780_printchr *****************
 Defined at:
		line 114 in file "C:\Users\Dinusha\Documents\PICProjects\CProjects\LCD01\hd44780.c"
 Parameters:    Size  Location     Type
  dta             1    wreg     unsigned char 
  loc             1    5[COMMON] unsigned char 
 Auto vars:     Size  Location     Type
  dta             1    6[COMMON] unsigned char 
 Return value:  Size  Location     Type
		None               void
 Registers used:
		wreg, status,2, status,0, pclath, cstack
 Tracked objects:
		On entry : 
		On exit  : 
		Unchanged: 
 Data sizes:     COMMON   BANK0   BANK1   BANK2
      Params:         1       0       0       0
      Locals:         1       0       0       0
      Temps:          0       0       0       0
      Totals:         2       0       0       0
Total ram usage:        2 bytes
 Hardware stack levels used:    1
 Hardware stack levels required when called:    3
 This function calls:
		_hd44780_char
		_hd44780_write
 This function is called by:
		_main
 This function uses a non-reentrant model


 *************** function _hd44780_clear *****************
 Defined at:
		line 189 in file "C:\Users\Dinusha\Documents\PICProjects\CProjects\LCD01\hd44780.c"
 Parameters:    Size  Location     Type
		None
 Auto vars:     Size  Location     Type
		None
 Return value:  Size  Location     Type
		None               void
 Registers used:
		wreg, status,2, status,0, pclath, cstack
 Tracked objects:
		On entry : 
		On exit  : 
		Unchanged: 
 Data sizes:     COMMON   BANK0   BANK1   BANK2
      Params:         0       0       0       0
      Locals:         0       0       0       0
      Temps:          0       0       0       0
      Totals:         0       0       0       0
Total ram usage:        0 bytes
 Hardware stack levels used:    1
 Hardware stack levels required when called:    2
 This function calls:
		_hd44780_write
 This function is called by:
		_main
 This function uses a non-reentrant model


 *************** function _hd44780_block_erase *****************
 Defined at:
		line 195 in file "C:\Users\Dinusha\Documents\PICProjects\CProjects\LCD01\hd44780.c"
 Parameters:    Size  Location     Type
  start_loc       1    wreg     unsigned char 
  length          1    5[COMMON] unsigned char 
 Auto vars:     Size  Location     Type
  start_loc       1    7[COMMON] unsigned char 
  i               2    8[COMMON] int 
 Return value:  Size  Location     Type
		None               void
 Registers used:
		wreg, status,2, status,0, pclath, cstack
 Tracked objects:
		On entry : 
		On exit  : 
		Unchanged: 
 Data sizes:     COMMON   BANK0   BANK1   BANK2
      Params:         1       0       0       0
      Locals:         3       0       0       0
      Temps:          1       0       0       0
      Totals:         5       0       0       0
Total ram usage:        5 bytes
 Hardware stack levels used:    1
 Hardware stack levels required when called:    3
 This function calls:
		_hd44780_char
		_hd44780_write
 This function is called by:
		_main
 This function uses a non-reentrant model


 *************** function _hd44780_char *****************
 Defined at:
		line 70 in file "C:\Users\Dinusha\Documents\PICProjects\CProjects\LCD01\hd44780.c"
 Parameters:    Size  Location     Type
  bt              1    wreg     unsigned char 
 Auto vars:     Size  Location     Type
  bt              1    4[COMMON] unsigned char 
 Return value:  Size  Location     Type
		None               void
 Registers used:
		wreg, status,2, status,0, pclath, cstack
 Tracked objects:
		On entry : 
		On exit  : 
		Unchanged: 
 Data sizes:     COMMON   BANK0   BANK1   BANK2
      Params:         0       0       0       0
      Locals:         1       0       0       0
      Temps:          0       0       0       0
      Totals:         1       0       0       0
Total ram usage:        1 bytes
 Hardware stack levels used:    1
 Hardware stack levels required when called:    2
 This function calls:
		_hd44780_write
 This function is called by:
		_hd44780_printstr
		_hd44780_printchr
		_hd44780_block_erase
 This function uses a non-reentrant model


 *************** function _hd44780_write *****************
 Defined at:
		line 41 in file "C:\Users\Dinusha\Documents\PICProjects\CProjects\LCD01\hd44780.c"
 Parameters:    Size  Location     Type
  bt              1    wreg     unsigned char 
 Auto vars:     Size  Location     Type
  bt              1    2[COMMON] unsigned char 
  tmp             1    3[COMMON] unsigned char 
 Return value:  Size  Location     Type
		None               void
 Registers used:
		wreg, status,2, status,0, pclath, cstack
 Tracked objects:
		On entry : 
		On exit  : 
		Unchanged: 
 Data sizes:     COMMON   BANK0   BANK1   BANK2
      Params:         0       0       0       0
      Locals:         2       0       0       0
      Temps:          2       0       0       0
      Totals:         4       0       0       0
Total ram usage:        4 bytes
 Hardware stack levels used:    1
 Hardware stack levels required when called:    1
 This function calls:
		_hd44780_busy
		_hd44780_pulse
 This function is called by:
		_hd44780_init
		_hd44780_char
		_hd44780_printstr
		_hd44780_printchr
		_hd44780_newline
		_hd44780_clear
		_hd44780_block_erase
 This function uses a non-reentrant model


 *************** function _hd44780_pulse *****************
 Defined at:
		line 3 in file "C:\Users\Dinusha\Documents\PICProjects\CProjects\LCD01\hd44780.c"
 Parameters:    Size  Location     Type
		None
 Auto vars:     Size  Location     Type
		None
 Return value:  Size  Location     Type
		None               void
 Registers used:
		None
 Tracked objects:
		On entry : 
		On exit  : 
		Unchanged: 
 Data sizes:     COMMON   BANK0   BANK1   BANK2
      Params:         0       0       0       0
      Locals:         0       0       0       0
      Temps:          0       0       0       0
      Totals:         0       0       0       0
Total ram usage:        0 bytes
 Hardware stack levels used:    1
 This function calls:
		Nothing
 This function is called by:
		_hd44780_init
		_hd44780_write
 This function uses a non-reentrant model


 *************** function _hd44780_busy *****************
 Defined at:
		line 80 in file "C:\Users\Dinusha\Documents\PICProjects\CProjects\LCD01\hd44780.c"
 Parameters:    Size  Location     Type
		None
 Auto vars:     Size  Location     Type
		None
 Return value:  Size  Location     Type
		None               void
 Registers used:
		wreg, status,2
 Tracked objects:
		On entry : 
		On exit  : 
		Unchanged: 
 Data sizes:     COMMON   BANK0   BANK1   BANK2
      Params:         0       0       0       0
      Locals:         0       0       0       0
      Temps:          0       0       0       0
      Totals:         0       0       0       0
Total ram usage:        0 bytes
 Hardware stack levels used:    1
 This function calls:
		Nothing
 This function is called by:
		_hd44780_init
		_hd44780_write
 This function uses a non-reentrant model


 *************** function _debounce_read *****************
 Defined at:
		line 7 in file "C:\Users\Dinusha\Documents\PICProjects\CProjects\LCD01\main.c"
 Parameters:    Size  Location     Type
  pin             1    wreg     unsigned char 
 Auto vars:     Size  Location     Type
  pin             1    1[COMMON] unsigned char 
  count           1    2[COMMON] unsigned char 
 Return value:  Size  Location     Type
		None               void
 Registers used:
		wreg, status,2, status,0
 Tracked objects:
		On entry : 
		On exit  : 
		Unchanged: 
 Data sizes:     COMMON   BANK0   BANK1   BANK2
      Params:         0       0       0       0
      Locals:         2       0       0       0
      Temps:          1       0       0       0
      Totals:         3       0       0       0
Total ram usage:        3 bytes
 Hardware stack levels used:    1
 This function calls:
		Nothing
 This function is called by:
		_main
 This function uses a non-reentrant model



MODULE INFORMATION

Module		Function		Class		Link	Load	Size
C:\Users\Dinusha\Documents\PICProjects\CProjects\LCD01\hd44780.c
		_hd44780_prints		CODE           	0574	0000	36
		_hd44780_newlin		CODE           	04E5	0000	3
		_hd44780_block_		CODE           	053B	0000	27
		_hd44780_printd		CODE           	0598	0000	39
		_hd44780_char  		CODE           	0501	0000	12
		_hd44780_init  		CODE           	0624	0000	59
		_hd44780_busy  		CODE           	050D	0000	20
		_hd44780_write 		CODE           	05BF	0000	49
		_hd44780_pulse 		CODE           	04EF	0000	8
		_hd44780_clear 		CODE           	04E2	0000	3
		_hd44780_printc		CODE           	04E8	0000	7
		_hd44780_printi		CODE           	0521	0000	26

C:\Users\Dinusha\Documents\PICProjects\CProjects\LCD01\hd44780.c estimated size: 289

C:\Program Files (x86)\Microchip\xc8\v1.30\sources\common\lwdiv.c
		___lwdiv       		CODE           	065F	0000	62

C:\Program Files (x86)\Microchip\xc8\v1.30\sources\common\lwdiv.c estimated size: 62

C:\Users\Dinusha\Documents\PICProjects\CProjects\LCD01\main.c
		_init          		CODE           	04F7	0000	10
		_debounce_read 		CODE           	0556	0000	30
		_main          		CODE           	069D	0000	167

C:\Users\Dinusha\Documents\PICProjects\CProjects\LCD01\main.c estimated size: 207

shared
		__stringtab    		STRING         	0001	0000	16
		__stringdata   		STRING         	001B	0000	46
		_dpowers       		STRING         	0011	0000	10
		__initializatio		CODE           	07FD	0000	1

shared estimated size: 73

C:\Program Files (x86)\Microchip\xc8\v1.30\sources\common\doprnt.c
		_sprintf       		CODE           	0744	0000	185

C:\Program Files (x86)\Microchip\xc8\v1.30\sources\common\doprnt.c estimated size: 185

C:\Program Files (x86)\Microchip\xc8\v1.30\sources\common\lwmod.c
		___lwmod       		CODE           	05F0	0000	52

C:\Program Files (x86)\Microchip\xc8\v1.30\sources\common\lwmod.c estimated size: 52

